hand-tracker.js:641 [PINCH] Hand 1 - label: Right
(anonymous) @ hand-tracker.js:641
hand-tracker.js:645 [PINCH] Found user right hand at index 1
(anonymous) @ hand-tracker.js:645
hand-tracker.js:650 DEBUG processPinchToPlay: rightHand found= true hands.length= 2
hand-tracker.js:678 [PINCH] Distance: 0.0858 Threshold: 0.05
processPinchToPlay @ hand-tracker.js:678
hand-tracker.js:222 [GESTURE] Processing gestures
detectHandsContinuously @ hand-tracker.js:222
hand-tracker.js:544 [GESTURE] Processing hand gestures with 2 hands
processHandGestures @ hand-tracker.js:544
hand-tracker.js:550 [GESTURE] Hand 0 - handedness: Left keypoints3D: 21
(anonymous) @ hand-tracker.js:550
hand-tracker.js:567 [GESTURE] Hand 0 - label: Left lowercase: left
(anonymous) @ hand-tracker.js:567
hand-tracker.js:574 [GESTURE] Assigned hand 0 to leftHand
(anonymous) @ hand-tracker.js:574
hand-tracker.js:550 [GESTURE] Hand 1 - handedness: Right keypoints3D: 21
(anonymous) @ hand-tracker.js:550
hand-tracker.js:567 [GESTURE] Hand 1 - label: Right lowercase: right
(anonymous) @ hand-tracker.js:567
hand-tracker.js:571 [GESTURE] Assigned hand 1 to rightHand
(anonymous) @ hand-tracker.js:571
hand-tracker.js:579 [GESTURE] leftHand: true rightHand: true
processHandGestures @ hand-tracker.js:579
hand-tracker.js:582 [GESTURE] Executing two-hand gestures (zoom & rotation)
processHandGestures @ hand-tracker.js:582
hand-tracker.js:228 [PINCH] Checking pinch
detectHandsContinuously @ hand-tracker.js:228
hand-tracker.js:618 [PINCH] Starting pinch detection with 2 hands
processPinchToPlay @ hand-tracker.js:618
hand-tracker.js:624 [PINCH] Hand 0 - handedness: Left
(anonymous) @ hand-tracker.js:624
hand-tracker.js:641 [PINCH] Hand 0 - label: Left
(anonymous) @ hand-tracker.js:641
hand-tracker.js:624 [PINCH] Hand 1 - handedness: Right
(anonymous) @ hand-tracker.js:624
hand-tracker.js:641 [PINCH] Hand 1 - label: Right
(anonymous) @ hand-tracker.js:641
hand-tracker.js:645 [PINCH] Found user right hand at index 1
(anonymous) @ hand-tracker.js:645
hand-tracker.js:650 DEBUG processPinchToPlay: rightHand found= true hands.length= 2
hand-tracker.js:678 [PINCH] Distance: 0.0840 Threshold: 0.05
processPinchToPlay @ hand-tracker.js:678
hand-tracker.js:222 [GESTURE] Processing gestures
detectHandsContinuously @ hand-tracker.js:222
hand-tracker.js:544 [GESTURE] Processing hand gestures with 2 hands
processHandGestures @ hand-tracker.js:544
hand-tracker.js:550 [GESTURE] Hand 0 - handedness: Right keypoints3D: 21
(anonymous) @ hand-tracker.js:550
hand-tracker.js:567 [GESTURE] Hand 0 - label: Right lowercase: right
(anonymous) @ hand-tracker.js:567
hand-tracker.js:571 [GESTURE] Assigned hand 0 to rightHand
(anonymous) @ hand-tracker.js:571
hand-tracker.js:550 [GESTURE] Hand 1 - handedness: Right keypoints3D: 21
(anonymous) @ hand-tracker.js:550
hand-tracker.js:567 [GESTURE] Hand 1 - label: Right lowercase: right
(anonymous) @ hand-tracker.js:567
hand-tracker.js:571 [GESTURE] Assigned hand 1 to rightHand
(anonymous) @ hand-tracker.js:571
hand-tracker.js:579 [GESTURE] leftHand: false rightHand: true
processHandGestures @ hand-tracker.js:579
hand-tracker.js:592 [GESTURE] Single right hand - rotation via twist
processHandGestures @ hand-tracker.js:592
hand-tracker.js:228 [PINCH] Checking pinch
detectHandsContinuously @ hand-tracker.js:228
hand-tracker.js:618 [PINCH] Starting pinch detection with 2 hands
processPinchToPlay @ hand-tracker.js:618
hand-tracker.js:624 [PINCH] Hand 0 - handedness: Right
(anonymous) @ hand-tracker.js:624
hand-tracker.js:641 [PINCH] Hand 0 - label: Right
(anonymous) @ hand-tracker.js:641
hand-tracker.js:645 [PINCH] Found user right hand at index 0
(anonymous) @ hand-tracker.js:645
hand-tracker.js:624 [PINCH] Hand 1 - handedness: Right
(anonymous) @ hand-tracker.js:624
hand-tracker.js:641 [PINCH] Hand 1 - label: Right
(anonymous) @ hand-tracker.js:641
hand-tracker.js:645 [PINCH] Found user right hand at index 1
(anonymous) @ hand-tracker.js:645
hand-tracker.js:650 DEBUG processPinchToPlay: rightHand found= true hands.length= 2
hand-tracker.js:678 [PINCH] Distance: 0.0840 Threshold: 0.05
processPinchToPlay @ hand-tracker.js:678
hand-tracker.js:222 [GESTURE] Processing gestures
detectHandsContinuously @ hand-tracker.js:222
hand-tracker.js:544 [GESTURE] Processing hand gestures with 2 hands
processHandGestures @ hand-tracker.js:544
hand-tracker.js:550 [GESTURE] Hand 0 - handedness: Right keypoints3D: 21
(anonymous) @ hand-tracker.js:550
hand-tracker.js:567 [GESTURE] Hand 0 - label: Right lowercase: right
(anonymous) @ hand-tracker.js:567
hand-tracker.js:571 [GESTURE] Assigned hand 0 to rightHand
(anonymous) @ hand-tracker.js:571
hand-tracker.js:550 [GESTURE] Hand 1 - handedness: Right keypoints3D: 21
(anonymous) @ hand-tracker.js:550
hand-tracker.js:567 [GESTURE] Hand 1 - label: Right lowercase: right
(anonymous) @ hand-tracker.js:567
hand-tracker.js:571 [GESTURE] Assigned hand 1 to rightHand
(anonymous) @ hand-tracker.js:571
hand-tracker.js:579 [GESTURE] leftHand: false rightHand: true
processHandGestures @ hand-tracker.js:579
hand-tracker.js:592 [GESTURE] Single right hand - rotation via twist
processHandGestures @ hand-tracker.js:592
hand-tracker.js:228 [PINCH] Checking pinch
detectHandsContinuously @ hand-tracker.js:228
hand-tracker.js:618 [PINCH] Starting pinch detection with 2 hands
processPinchToPlay @ hand-tracker.js:618
hand-tracker.js:624 [PINCH] Hand 0 - handedness: Right
(anonymous) @ hand-tracker.js:624
hand-tracker.js:641 [PINCH] Hand 0 - label: Right
(anonymous) @ hand-tracker.js:641
hand-tracker.js:645 [PINCH] Found user right hand at index 0
(anonymous) @ hand-tracker.js:645
hand-tracker.js:624 [PINCH] Hand 1 - handedness: Right
(anonymous) @ hand-tracker.js:624
hand-tracker.js:641 [PINCH] Hand 1 - label: Right
(anonymous) @ hand-tracker.js:641
hand-tracker.js:645 [PINCH] Found user right hand at index 1
(anonymous) @ hand-tracker.js:645
hand-tracker.js:650 DEBUG processPinchToPlay: rightHand found= true hands.length= 2
hand-tracker.js:678 [PINCH] Distance: 0.0821 Threshold: 0.05
processPinchToPlay @ hand-tracker.js:678
hand-tracker.js:222 [GESTURE] Processing gestures
detectHandsContinuously @ hand-tracker.js:222
hand-tracker.js:544 [GESTURE] Processing hand gestures with 2 hands
processHandGestures @ hand-tracker.js:544
hand-tracker.js:550 [GESTURE] Hand 0 - handedness: Left keypoints3D: 21
(anonymous) @ hand-tracker.js:550
hand-tracker.js:567 [GESTURE] Hand 0 - label: Left lowercase: left
(anonymous) @ hand-tracker.js:567
hand-tracker.js:574 [GESTURE] Assigned hand 0 to leftHand
(anonymous) @ hand-tracker.js:574
hand-tracker.js:550 [GESTURE] Hand 1 - handedness: Right keypoints3D: 21
(anonymous) @ hand-tracker.js:550
hand-tracker.js:567 [GESTURE] Hand 1 - label: Right lowercase: right
(anonymous) @ hand-tracker.js:567
hand-tracker.js:571 [GESTURE] Assigned hand 1 to rightHand
(anonymous) @ hand-tracker.js:571
hand-tracker.js:579 [GESTURE] leftHand: true rightHand: true
processHandGestures @ hand-tracker.js:579
hand-tracker.js:582 [GESTURE] Executing two-hand gestures (zoom & rotation)
processHandGestures @ hand-tracker.js:582
hand-tracker.js:228 [PINCH] Checking pinch
detectHandsContinuously @ hand-tracker.js:228
hand-tracker.js:618 [PINCH] Starting pinch detection with 2 hands
processPinchToPlay @ hand-tracker.js:618
hand-tracker.js:624 [PINCH] Hand 0 - handedness: Left
(anonymous) @ hand-tracker.js:624
hand-tracker.js:641 [PINCH] Hand 0 - label: Left
(anonymous) @ hand-tracker.js:641
hand-tracker.js:624 [PINCH] Hand 1 - handedness: Right
(anonymous) @ hand-tracker.js:624
hand-tracker.js:641 [PINCH] Hand 1 - label: Right
(anonymous) @ hand-tracker.js:641
hand-tracker.js:645 [PINCH] Found user right hand at index 1
(anonymous) @ hand-tracker.js:645
hand-tracker.js:650 DEBUG processPinchToPlay: rightHand found= true hands.length= 2
hand-tracker.js:678 [PINCH] Distance: 0.0823 Threshold: 0.05
processPinchToPlay @ hand-tracker.js:678
hand-tracker.js:222 [GESTURE] Processing gestures
detectHandsContinuously @ hand-tracker.js:222
hand-tracker.js:544 [GESTURE] Processing hand gestures with 2 hands
processHandGestures @ hand-tracker.js:544
hand-tracker.js:550 [GESTURE] Hand 0 - handedness: Left keypoints3D: 21
(anonymous) @ hand-tracker.js:550
hand-tracker.js:567 [GESTURE] Hand 0 - label: Left lowercase: left
(anonymous) @ hand-tracker.js:567
hand-tracker.js:574 [GESTURE] Assigned hand 0 to leftHand
(anonymous) @ hand-tracker.js:574
hand-tracker.js:550 [GESTURE] Hand 1 - handedness: Right keypoints3D: 21
(anonymous) @ hand-tracker.js:550
hand-tracker.js:567 [GESTURE] Hand 1 - label: Right lowercase: right
(anonymous) @ hand-tracker.js:567
hand-tracker.js:571 [GESTURE] Assigned hand 1 to rightHand
(anonymous) @ hand-tracker.js:571
hand-tracker.js:579 [GESTURE] leftHand: true rightHand: true
processHandGestures @ hand-tracker.js:579
hand-tracker.js:582 [GESTURE] Executing two-hand gestures (zoom & rotation)
processHandGestures @ hand-tracker.js:582
hand-tracker.js:228 [PINCH] Checking pinch
detectHandsContinuously @ hand-tracker.js:228
hand-tracker.js:618 [PINCH] Starting pinch detection with 2 hands
processPinchToPlay @ hand-tracker.js:618
hand-tracker.js:624 [PINCH] Hand 0 - handedness: Left
(anonymous) @ hand-tracker.js:624
hand-tracker.js:641 [PINCH] Hand 0 - label: Left
(anonymous) @ hand-tracker.js:641
hand-tracker.js:624 [PINCH] Hand 1 - handedness: Right
(anonymous) @ hand-tracker.js:624
hand-tracker.js:641 [PINCH] Hand 1 - label: Right
(anonymous) @ hand-tracker.js:641
hand-tracker.js:645 [PINCH] Found user right hand at index 1
(anonymous) @ hand-tracker.js:645
hand-tracker.js:650 DEBUG processPinchToPlay: rightHand found= true hands.length= 2
hand-tracker.js:678 [PINCH] Distance: 0.0793 Threshold: 0.05
processPinchToPlay @ hand-tracker.js:678
hand-tracker.js:222 [GESTURE] Processing gestures
detectHandsContinuously @ hand-tracker.js:222
hand-tracker.js:544 [GESTURE] Processing hand gestures with 2 hands
processHandGestures @ hand-tracker.js:544
hand-tracker.js:550 [GESTURE] Hand 0 - handedness: Left keypoints3D: 21
(anonymous) @ hand-tracker.js:550
hand-tracker.js:567 [GESTURE] Hand 0 - label: Left lowercase: left
(anonymous) @ hand-tracker.js:567
hand-tracker.js:574 [GESTURE] Assigned hand 0 to leftHand
(anonymous) @ hand-tracker.js:574
hand-tracker.js:550 [GESTURE] Hand 1 - handedness: Right keypoints3D: 21
(anonymous) @ hand-tracker.js:550
hand-tracker.js:567 [GESTURE] Hand 1 - label: Right lowercase: right
(anonymous) @ hand-tracker.js:567
hand-tracker.js:571 [GESTURE] Assigned hand 1 to rightHand
(anonymous) @ hand-tracker.js:571
hand-tracker.js:579 [GESTURE] leftHand: true rightHand: true
processHandGestures @ hand-tracker.js:579
hand-tracker.js:582 [GESTURE] Executing two-hand gestures (zoom & rotation)
processHandGestures @ hand-tracker.js:582
hand-tracker.js:228 [PINCH] Checking pinch
detectHandsContinuously @ hand-tracker.js:228
hand-tracker.js:618 [PINCH] Starting pinch detection with 2 hands
processPinchToPlay @ hand-tracker.js:618
hand-tracker.js:624 [PINCH] Hand 0 - handedness: Left
(anonymous) @ hand-tracker.js:624
hand-tracker.js:641 [PINCH] Hand 0 - label: Left
(anonymous) @ hand-tracker.js:641
hand-tracker.js:624 [PINCH] Hand 1 - handedness: Right
(anonymous) @ hand-tracker.js:624
hand-tracker.js:641 [PINCH] Hand 1 - label: Right
(anonymous) @ hand-tracker.js:641
hand-tracker.js:645 [PINCH] Found user right hand at index 1
(anonymous) @ hand-tracker.js:645
hand-tracker.js:650 DEBUG processPinchToPlay: rightHand found= true hands.length= 2
hand-tracker.js:678 [PINCH] Distance: 0.0780 Threshold: 0.05
processPinchToPlay @ hand-tracker.js:678
hand-tracker.js:222 [GESTURE] Processing gestures
detectHandsContinuously @ hand-tracker.js:222
hand-tracker.js:544 [GESTURE] Processing hand gestures with 2 hands
processHandGestures @ hand-tracker.js:544
hand-tracker.js:550 [GESTURE] Hand 0 - handedness: Left keypoints3D: 21
(anonymous) @ hand-tracker.js:550
hand-tracker.js:567 [GESTURE] Hand 0 - label: Left lowercase: left
(anonymous) @ hand-tracker.js:567
hand-tracker.js:574 [GESTURE] Assigned hand 0 to leftHand
(anonymous) @ hand-tracker.js:574
hand-tracker.js:550 [GESTURE] Hand 1 - handedness: Right keypoints3D: 21
(anonymous) @ hand-tracker.js:550
hand-tracker.js:567 [GESTURE] Hand 1 - label: Right lowercase: right
(anonymous) @ hand-tracker.js:567
hand-tracker.js:571 [GESTURE] Assigned hand 1 to rightHand
(anonymous) @ hand-tracker.js:571
hand-tracker.js:579 [GESTURE] leftHand: true rightHand: true
processHandGestures @ hand-tracker.js:579
hand-tracker.js:582 [GESTURE] Executing two-hand gestures (zoom & rotation)
processHandGestures @ hand-tracker.js:582
hand-tracker.js:228 [PINCH] Checking pinch
detectHandsContinuously @ hand-tracker.js:228
hand-tracker.js:618 [PINCH] Starting pinch detection with 2 hands
processPinchToPlay @ hand-tracker.js:618
hand-tracker.js:624 [PINCH] Hand 0 - handedness: Left
(anonymous) @ hand-tracker.js:624
hand-tracker.js:641 [PINCH] Hand 0 - label: Left
(anonymous) @ hand-tracker.js:641
hand-tracker.js:624 [PINCH] Hand 1 - handedness: Right
(anonymous) @ hand-tracker.js:624
hand-tracker.js:641 [PINCH] Hand 1 - label: Right
(anonymous) @ hand-tracker.js:641
hand-tracker.js:645 [PINCH] Found user right hand at index 1
(anonymous) @ hand-tracker.js:645
hand-tracker.js:650 DEBUG processPinchToPlay: rightHand found= true hands.length= 2
hand-tracker.js:678 [PINCH] Distance: 0.0768 Threshold: 0.05
processPinchToPlay @ hand-tracker.js:678
hand-tracker.js:222 [GESTURE] Processing gestures
detectHandsContinuously @ hand-tracker.js:222
hand-tracker.js:544 [GESTURE] Processing hand gestures with 2 hands
processHandGestures @ hand-tracker.js:544
hand-tracker.js:550 [GESTURE] Hand 0 - handedness: Left keypoints3D: 21
(anonymous) @ hand-tracker.js:550
hand-tracker.js:567 [GESTURE] Hand 0 - label: Left lowercase: left
(anonymous) @ hand-tracker.js:567
hand-tracker.js:574 [GESTURE] Assigned hand 0 to leftHand
(anonymous) @ hand-tracker.js:574
hand-tracker.js:550 [GESTURE] Hand 1 - handedness: Right keypoints3D: 21
(anonymous) @ hand-tracker.js:550
hand-tracker.js:567 [GESTURE] Hand 1 - label: Right lowercase: right
(anonymous) @ hand-tracker.js:567
hand-tracker.js:571 [GESTURE] Assigned hand 1 to rightHand
(anonymous) @ hand-tracker.js:571
hand-tracker.js:579 [GESTURE] leftHand: true rightHand: true
processHandGestures @ hand-tracker.js:579
hand-tracker.js:582 [GESTURE] Executing two-hand gestures (zoom & rotation)
processHandGestures @ hand-tracker.js:582
hand-tracker.js:228 [PINCH] Checking pinch
detectHandsContinuously @ hand-tracker.js:228
hand-tracker.js:618 [PINCH] Starting pinch detection with 2 hands
processPinchToPlay @ hand-tracker.js:618
hand-tracker.js:624 [PINCH] Hand 0 - handedness: Left
(anonymous) @ hand-tracker.js:624
hand-tracker.js:641 [PINCH] Hand 0 - label: Left
(anonymous) @ hand-tracker.js:641
hand-tracker.js:624 [PINCH] Hand 1 - handedness: Right
(anonymous) @ hand-tracker.js:624
hand-tracker.js:641 [PINCH] Hand 1 - label: Right
(anonymous) @ hand-tracker.js:641
hand-tracker.js:645 [PINCH] Found user right hand at index 1
(anonymous) @ hand-tracker.js:645
hand-tracker.js:650 DEBUG processPinchToPlay: rightHand found= true hands.length= 2
hand-tracker.js:678 [PINCH] Distance: 0.0698 Threshold: 0.05
processPinchToPlay @ hand-tracker.js:678
hand-tracker.js:222 [GESTURE] Processing gestures
detectHandsContinuously @ hand-tracker.js:222
hand-tracker.js:544 [GESTURE] Processing hand gestures with 2 hands
processHandGestures @ hand-tracker.js:544
hand-tracker.js:550 [GESTURE] Hand 0 - handedness: Left keypoints3D: 21
(anonymous) @ hand-tracker.js:550
hand-tracker.js:567 [GESTURE] Hand 0 - label: Left lowercase: left
(anonymous) @ hand-tracker.js:567
hand-tracker.js:574 [GESTURE] Assigned hand 0 to leftHand
(anonymous) @ hand-tracker.js:574
hand-tracker.js:550 [GESTURE] Hand 1 - handedness: Right keypoints3D: 21
(anonymous) @ hand-tracker.js:550
hand-tracker.js:567 [GESTURE] Hand 1 - label: Right lowercase: right
(anonymous) @ hand-tracker.js:567
hand-tracker.js:571 [GESTURE] Assigned hand 1 to rightHand
(anonymous) @ hand-tracker.js:571
hand-tracker.js:579 [GESTURE] leftHand: true rightHand: true
processHandGestures @ hand-tracker.js:579
hand-tracker.js:582 [GESTURE] Executing two-hand gestures (zoom & rotation)
processHandGestures @ hand-tracker.js:582
hand-tracker.js:228 [PINCH] Checking pinch
detectHandsContinuously @ hand-tracker.js:228
hand-tracker.js:618 [PINCH] Starting pinch detection with 2 hands
processPinchToPlay @ hand-tracker.js:618
hand-tracker.js:624 [PINCH] Hand 0 - handedness: Left
(anonymous) @ hand-tracker.js:624
hand-tracker.js:641 [PINCH] Hand 0 - label: Left
(anonymous) @ hand-tracker.js:641
hand-tracker.js:624 [PINCH] Hand 1 - handedness: Right
(anonymous) @ hand-tracker.js:624
hand-tracker.js:641 [PINCH] Hand 1 - label: Right
(anonymous) @ hand-tracker.js:641
hand-tracker.js:645 [PINCH] Found user right hand at index 1
(anonymous) @ hand-tracker.js:645
hand-tracker.js:650 DEBUG processPinchToPlay: rightHand found= true hands.length= 2
hand-tracker.js:678 [PINCH] Distance: 0.0700 Threshold: 0.05
processPinchToPlay @ hand-tracker.js:678
hand-tracker.js:222 [GESTURE] Processing gestures
detectHandsContinuously @ hand-tracker.js:222
hand-tracker.js:544 [GESTURE] Processing hand gestures with 2 hands
processHandGestures @ hand-tracker.js:544
hand-tracker.js:550 [GESTURE] Hand 0 - handedness: Right keypoints3D: 21
(anonymous) @ hand-tracker.js:550
hand-tracker.js:567 [GESTURE] Hand 0 - label: Right lowercase: right
(anonymous) @ hand-tracker.js:567
hand-tracker.js:571 [GESTURE] Assigned hand 0 to rightHand
(anonymous) @ hand-tracker.js:571
hand-tracker.js:550 [GESTURE] Hand 1 - handedness: Right keypoints3D: 21
(anonymous) @ hand-tracker.js:550
hand-tracker.js:567 [GESTURE] Hand 1 - label: Right lowercase: right
(anonymous) @ hand-tracker.js:567
hand-tracker.js:571 [GESTURE] Assigned hand 1 to rightHand
(anonymous) @ hand-tracker.js:571
hand-tracker.js:579 [GESTURE] leftHand: false rightHand: true
processHandGestures @ hand-tracker.js:579
hand-tracker.js:592 [GESTURE] Single right hand - rotation via twist
processHandGestures @ hand-tracker.js:592
hand-tracker.js:228 [PINCH] Checking pinch
detectHandsContinuously @ hand-tracker.js:228
hand-tracker.js:618 [PINCH] Starting pinch detection with 2 hands
processPinchToPlay @ hand-tracker.js:618
hand-tracker.js:624 [PINCH] Hand 0 - handedness: Right
(anonymous) @ hand-tracker.js:624
hand-tracker.js:641 [PINCH] Hand 0 - label: Right
(anonymous) @ hand-tracker.js:641
hand-tracker.js:645 [PINCH] Found user right hand at index 0
(anonymous) @ hand-tracker.js:645
hand-tracker.js:624 [PINCH] Hand 1 - handedness: Right
(anonymous) @ hand-tracker.js:624
hand-tracker.js:641 [PINCH] Hand 1 - label: Right
(anonymous) @ hand-tracker.js:641
hand-tracker.js:645 [PINCH] Found user right hand at index 1
(anonymous) @ hand-tracker.js:645
hand-tracker.js:650 DEBUG processPinchToPlay: rightHand found= true hands.length= 2
hand-tracker.js:678 [PINCH] Distance: 0.0755 Threshold: 0.05
processPinchToPlay @ hand-tracker.js:678
hand-tracker.js:222 [GESTURE] Processing gestures
detectHandsContinuously @ hand-tracker.js:222
hand-tracker.js:544 [GESTURE] Processing hand gestures with 2 hands
processHandGestures @ hand-tracker.js:544
hand-tracker.js:550 [GESTURE] Hand 0 - handedness: Right keypoints3D: 21
(anonymous) @ hand-tracker.js:550
hand-tracker.js:567 [GESTURE] Hand 0 - label: Right lowercase: right
(anonymous) @ hand-tracker.js:567
hand-tracker.js:571 [GESTURE] Assigned hand 0 to rightHand
(anonymous) @ hand-tracker.js:571
hand-tracker.js:550 [GESTURE] Hand 1 - handedness: Right keypoints3D: 21
(anonymous) @ hand-tracker.js:550
hand-tracker.js:567 [GESTURE] Hand 1 - label: Right lowercase: right
(anonymous) @ hand-tracker.js:567
hand-tracker.js:571 [GESTURE] Assigned hand 1 to rightHand
(anonymous) @ hand-tracker.js:571
hand-tracker.js:579 [GESTURE] leftHand: false rightHand: true
processHandGestures @ hand-tracker.js:579
hand-tracker.js:592 [GESTURE] Single right hand - rotation via twist
processHandGestures @ hand-tracker.js:592
hand-tracker.js:228 [PINCH] Checking pinch
detectHandsContinuously @ hand-tracker.js:228
hand-tracker.js:618 [PINCH] Starting pinch detection with 2 hands
processPinchToPlay @ hand-tracker.js:618
hand-tracker.js:624 [PINCH] Hand 0 - handedness: Right
(anonymous) @ hand-tracker.js:624
hand-tracker.js:641 [PINCH] Hand 0 - label: Right
(anonymous) @ hand-tracker.js:641
hand-tracker.js:645 [PINCH] Found user right hand at index 0
(anonymous) @ hand-tracker.js:645
hand-tracker.js:624 [PINCH] Hand 1 - handedness: Right
(anonymous) @ hand-tracker.js:624
hand-tracker.js:641 [PINCH] Hand 1 - label: Right
(anonymous) @ hand-tracker.js:641
hand-tracker.js:645 [PINCH] Found user right hand at index 1
(anonymous) @ hand-tracker.js:645
hand-tracker.js:650 DEBUG processPinchToPlay: rightHand found= true hands.length= 2
hand-tracker.js:678 [PINCH] Distance: 0.0719 Threshold: 0.05
processPinchToPlay @ hand-tracker.js:678
hand-tracker.js:212 [HANDS] Detected: 2 hands | controls: true isShiftHeld: false
detectHandsContinuously @ hand-tracker.js:212
hand-tracker.js:222 [GESTURE] Processing gestures
detectHandsContinuously @ hand-tracker.js:222
hand-tracker.js:544 [GESTURE] Processing hand gestures with 2 hands
processHandGestures @ hand-tracker.js:544
hand-tracker.js:550 [GESTURE] Hand 0 - handedness: Right keypoints3D: 21
(anonymous) @ hand-tracker.js:550
hand-tracker.js:567 [GESTURE] Hand 0 - label: Right lowercase: right
(anonymous) @ hand-tracker.js:567
hand-tracker.js:571 [GESTURE] Assigned hand 0 to rightHand
(anonymous) @ hand-tracker.js:571
hand-tracker.js:550 [GESTURE] Hand 1 - handedness: Right keypoints3D: 21
(anonymous) @ hand-tracker.js:550
hand-tracker.js:567 [GESTURE] Hand 1 - label: Right lowercase: right
(anonymous) @ hand-tracker.js:567
hand-tracker.js:571 [GESTURE] Assigned hand 1 to rightHand
(anonymous) @ hand-tracker.js:571
hand-tracker.js:579 [GESTURE] leftHand: false rightHand: true
processHandGestures @ hand-tracker.js:579
hand-tracker.js:592 [GESTURE] Single right hand - rotation via twist
processHandGestures @ hand-tracker.js:592
hand-tracker.js:228 [PINCH] Checking pinch
detectHandsContinuously @ hand-tracker.js:228
hand-tracker.js:618 [PINCH] Starting pinch detection with 2 hands
processPinchToPlay @ hand-tracker.js:618
hand-tracker.js:624 [PINCH] Hand 0 - handedness: Right
(anonymous) @ hand-tracker.js:624
hand-tracker.js:641 [PINCH] Hand 0 - label: Right
(anonymous) @ hand-tracker.js:641
hand-tracker.js:645 [PINCH] Found user right hand at index 0
(anonymous) @ hand-tracker.js:645
hand-tracker.js:624 [PINCH] Hand 1 - handedness: Right
(anonymous) @ hand-tracker.js:624
hand-tracker.js:641 [PINCH] Hand 1 - label: Right
(anonymous) @ hand-tracker.js:641
hand-tracker.js:645 [PINCH] Found user right hand at index 1
(anonymous) @ hand-tracker.js:645
hand-tracker.js:650 DEBUG processPinchToPlay: rightHand found= true hands.length= 2
hand-tracker.js:678 [PINCH] Distance: 0.0666 Threshold: 0.05
processPinchToPlay @ hand-tracker.js:678
hand-tracker.js:222 [GESTURE] Processing gestures
detectHandsContinuously @ hand-tracker.js:222
hand-tracker.js:544 [GESTURE] Processing hand gestures with 2 hands
processHandGestures @ hand-tracker.js:544
hand-tracker.js:550 [GESTURE] Hand 0 - handedness: Right keypoints3D: 21
(anonymous) @ hand-tracker.js:550
hand-tracker.js:567 [GESTURE] Hand 0 - label: Right lowercase: right
(anonymous) @ hand-tracker.js:567
hand-tracker.js:571 [GESTURE] Assigned hand 0 to rightHand
(anonymous) @ hand-tracker.js:571
hand-tracker.js:550 [GESTURE] Hand 1 - handedness: Right keypoints3D: 21
(anonymous) @ hand-tracker.js:550
hand-tracker.js:567 [GESTURE] Hand 1 - label: Right lowercase: right
(anonymous) @ hand-tracker.js:567
hand-tracker.js:571 [GESTURE] Assigned hand 1 to rightHand
(anonymous) @ hand-tracker.js:571
hand-tracker.js:579 [GESTURE] leftHand: false rightHand: true
processHandGestures @ hand-tracker.js:579
hand-tracker.js:592 [GESTURE] Single right hand - rotation via twist
processHandGestures @ hand-tracker.js:592
hand-tracker.js:228 [PINCH] Checking pinch
detectHandsContinuously @ hand-tracker.js:228
hand-tracker.js:618 [PINCH] Starting pinch detection with 2 hands
processPinchToPlay @ hand-tracker.js:618
hand-tracker.js:624 [PINCH] Hand 0 - handedness: Right
(anonymous) @ hand-tracker.js:624
hand-tracker.js:641 [PINCH] Hand 0 - label: Right
(anonymous) @ hand-tracker.js:641
hand-tracker.js:645 [PINCH] Found user right hand at index 0
(anonymous) @ hand-tracker.js:645
hand-tracker.js:624 [PINCH] Hand 1 - handedness: Right
(anonymous) @ hand-tracker.js:624
hand-tracker.js:641 [PINCH] Hand 1 - label: Right
(anonymous) @ hand-tracker.js:641
hand-tracker.js:645 [PINCH] Found user right hand at index 1
(anonymous) @ hand-tracker.js:645
hand-tracker.js:650 DEBUG processPinchToPlay: rightHand found= true hands.length= 2
hand-tracker.js:678 [PINCH] Distance: 0.0681 Threshold: 0.05
processPinchToPlay @ hand-tracker.js:678
hand-tracker.js:222 [GESTURE] Processing gestures
detectHandsContinuously @ hand-tracker.js:222
hand-tracker.js:544 [GESTURE] Processing hand gestures with 2 hands
processHandGestures @ hand-tracker.js:544
hand-tracker.js:550 [GESTURE] Hand 0 - handedness: Right keypoints3D: 21
(anonymous) @ hand-tracker.js:550
hand-tracker.js:567 [GESTURE] Hand 0 - label: Right lowercase: right
(anonymous) @ hand-tracker.js:567
hand-tracker.js:571 [GESTURE] Assigned hand 0 to rightHand
(anonymous) @ hand-tracker.js:571
hand-tracker.js:550 [GESTURE] Hand 1 - handedness: Right keypoints3D: 21
(anonymous) @ hand-tracker.js:550
hand-tracker.js:567 [GESTURE] Hand 1 - label: Right lowercase: right
(anonymous) @ hand-tracker.js:567
hand-tracker.js:571 [GESTURE] Assigned hand 1 to rightHand
(anonymous) @ hand-tracker.js:571
hand-tracker.js:579 [GESTURE] leftHand: false rightHand: true
processHandGestures @ hand-tracker.js:579
hand-tracker.js:592 [GESTURE] Single right hand - rotation via twist
processHandGestures @ hand-tracker.js:592
hand-tracker.js:228 [PINCH] Checking pinch
detectHandsContinuously @ hand-tracker.js:228
hand-tracker.js:618 [PINCH] Starting pinch detection with 2 hands
processPinchToPlay @ hand-tracker.js:618
hand-tracker.js:624 [PINCH] Hand 0 - handedness: Right
(anonymous) @ hand-tracker.js:624
hand-tracker.js:641 [PINCH] Hand 0 - label: Right
(anonymous) @ hand-tracker.js:641
hand-tracker.js:645 [PINCH] Found user right hand at index 0
(anonymous) @ hand-tracker.js:645
hand-tracker.js:624 [PINCH] Hand 1 - handedness: Right
(anonymous) @ hand-tracker.js:624
hand-tracker.js:641 [PINCH] Hand 1 - label: Right
(anonymous) @ hand-tracker.js:641
hand-tracker.js:645 [PINCH] Found user right hand at index 1
(anonymous) @ hand-tracker.js:645
hand-tracker.js:650 DEBUG processPinchToPlay: rightHand found= true hands.length= 2
hand-tracker.js:678 [PINCH] Distance: 0.0652 Threshold: 0.05
processPinchToPlay @ hand-tracker.js:678
hand-tracker.js:222 [GESTURE] Processing gestures
detectHandsContinuously @ hand-tracker.js:222
hand-tracker.js:544 [GESTURE] Processing hand gestures with 2 hands
processHandGestures @ hand-tracker.js:544
hand-tracker.js:550 [GESTURE] Hand 0 - handedness: Right keypoints3D: 21
(anonymous) @ hand-tracker.js:550
hand-tracker.js:567 [GESTURE] Hand 0 - label: Right lowercase: right
(anonymous) @ hand-tracker.js:567
hand-tracker.js:571 [GESTURE] Assigned hand 0 to rightHand
(anonymous) @ hand-tracker.js:571
hand-tracker.js:550 [GESTURE] Hand 1 - handedness: Right keypoints3D: 21
(anonymous) @ hand-tracker.js:550
hand-tracker.js:567 [GESTURE] Hand 1 - label: Right lowercase: right
(anonymous) @ hand-tracker.js:567
hand-tracker.js:571 [GESTURE] Assigned hand 1 to rightHand
(anonymous) @ hand-tracker.js:571
hand-tracker.js:579 [GESTURE] leftHand: false rightHand: true
processHandGestures @ hand-tracker.js:579
hand-tracker.js:592 [GESTURE] Single right hand - rotation via twist
processHandGestures @ hand-tracker.js:592
hand-tracker.js:228 [PINCH] Checking pinch
detectHandsContinuously @ hand-tracker.js:228
hand-tracker.js:618 [PINCH] Starting pinch detection with 2 hands
processPinchToPlay @ hand-tracker.js:618
hand-tracker.js:624 [PINCH] Hand 0 - handedness: Right
(anonymous) @ hand-tracker.js:624
hand-tracker.js:641 [PINCH] Hand 0 - label: Right
(anonymous) @ hand-tracker.js:641
hand-tracker.js:645 [PINCH] Found user right hand at index 0
(anonymous) @ hand-tracker.js:645
hand-tracker.js:624 [PINCH] Hand 1 - handedness: Right
(anonymous) @ hand-tracker.js:624
hand-tracker.js:641 [PINCH] Hand 1 - label: Right
(anonymous) @ hand-tracker.js:641
hand-tracker.js:645 [PINCH] Found user right hand at index 1
(anonymous) @ hand-tracker.js:645
hand-tracker.js:650 DEBUG processPinchToPlay: rightHand found= true hands.length= 2
hand-tracker.js:678 [PINCH] Distance: 0.0645 Threshold: 0.05
processPinchToPlay @ hand-tracker.js:678
hand-tracker.js:222 [GESTURE] Processing gestures
detectHandsContinuously @ hand-tracker.js:222
hand-tracker.js:544 [GESTURE] Processing hand gestures with 2 hands
processHandGestures @ hand-tracker.js:544
hand-tracker.js:550 [GESTURE] Hand 0 - handedness: Right keypoints3D: 21
(anonymous) @ hand-tracker.js:550
hand-tracker.js:567 [GESTURE] Hand 0 - label: Right lowercase: right
(anonymous) @ hand-tracker.js:567
hand-tracker.js:571 [GESTURE] Assigned hand 0 to rightHand
(anonymous) @ hand-tracker.js:571
hand-tracker.js:550 [GESTURE] Hand 1 - handedness: Right keypoints3D: 21
(anonymous) @ hand-tracker.js:550
hand-tracker.js:567 [GESTURE] Hand 1 - label: Right lowercase: right
(anonymous) @ hand-tracker.js:567
hand-tracker.js:571 [GESTURE] Assigned hand 1 to rightHand
(anonymous) @ hand-tracker.js:571
hand-tracker.js:579 [GESTURE] leftHand: false rightHand: true
processHandGestures @ hand-tracker.js:579
hand-tracker.js:592 [GESTURE] Single right hand - rotation via twist
processHandGestures @ hand-tracker.js:592
hand-tracker.js:228 [PINCH] Checking pinch
detectHandsContinuously @ hand-tracker.js:228
hand-tracker.js:618 [PINCH] Starting pinch detection with 2 hands
processPinchToPlay @ hand-tracker.js:618
hand-tracker.js:624 [PINCH] Hand 0 - handedness: Right
(anonymous) @ hand-tracker.js:624
hand-tracker.js:641 [PINCH] Hand 0 - label: Right
(anonymous) @ hand-tracker.js:641
hand-tracker.js:645 [PINCH] Found user right hand at index 0
(anonymous) @ hand-tracker.js:645
hand-tracker.js:624 [PINCH] Hand 1 - handedness: Right
(anonymous) @ hand-tracker.js:624
hand-tracker.js:641 [PINCH] Hand 1 - label: Right
(anonymous) @ hand-tracker.js:641
hand-tracker.js:645 [PINCH] Found user right hand at index 1
(anonymous) @ hand-tracker.js:645
hand-tracker.js:650 DEBUG processPinchToPlay: rightHand found= true hands.length= 2
hand-tracker.js:678 [PINCH] Distance: 0.0605 Threshold: 0.05
processPinchToPlay @ hand-tracker.js:678
hand-tracker.js:222 [GESTURE] Processing gestures
detectHandsContinuously @ hand-tracker.js:222
hand-tracker.js:544 [GESTURE] Processing hand gestures with 2 hands
processHandGestures @ hand-tracker.js:544
hand-tracker.js:550 [GESTURE] Hand 0 - handedness: Right keypoints3D: 21
(anonymous) @ hand-tracker.js:550
hand-tracker.js:567 [GESTURE] Hand 0 - label: Right lowercase: right
(anonymous) @ hand-tracker.js:567
hand-tracker.js:571 [GESTURE] Assigned hand 0 to rightHand
(anonymous) @ hand-tracker.js:571
hand-tracker.js:550 [GESTURE] Hand 1 - handedness: Right keypoints3D: 21
(anonymous) @ hand-tracker.js:550
hand-tracker.js:567 [GESTURE] Hand 1 - label: Right lowercase: right
(anonymous) @ hand-tracker.js:567
hand-tracker.js:571 [GESTURE] Assigned hand 1 to rightHand
(anonymous) @ hand-tracker.js:571
hand-tracker.js:579 [GESTURE] leftHand: false rightHand: true
processHandGestures @ hand-tracker.js:579
hand-tracker.js:592 [GESTURE] Single right hand - rotation via twist
processHandGestures @ hand-tracker.js:592
hand-tracker.js:228 [PINCH] Checking pinch
detectHandsContinuously @ hand-tracker.js:228
hand-tracker.js:618 [PINCH] Starting pinch detection with 2 hands
processPinchToPlay @ hand-tracker.js:618
hand-tracker.js:624 [PINCH] Hand 0 - handedness: Right
(anonymous) @ hand-tracker.js:624
hand-tracker.js:641 [PINCH] Hand 0 - label: Right
(anonymous) @ hand-tracker.js:641
hand-tracker.js:645 [PINCH] Found user right hand at index 0
(anonymous) @ hand-tracker.js:645
hand-tracker.js:624 [PINCH] Hand 1 - handedness: Right
(anonymous) @ hand-tracker.js:624
hand-tracker.js:641 [PINCH] Hand 1 - label: Right
(anonymous) @ hand-tracker.js:641
hand-tracker.js:645 [PINCH] Found user right hand at index 1
(anonymous) @ hand-tracker.js:645
hand-tracker.js:650 DEBUG processPinchToPlay: rightHand found= true hands.length= 2
hand-tracker.js:678 [PINCH] Distance: 0.0618 Threshold: 0.05
processPinchToPlay @ hand-tracker.js:678
hand-tracker.js:222 [GESTURE] Processing gestures
detectHandsContinuously @ hand-tracker.js:222
hand-tracker.js:544 [GESTURE] Processing hand gestures with 2 hands
processHandGestures @ hand-tracker.js:544
hand-tracker.js:550 [GESTURE] Hand 0 - handedness: Right keypoints3D: 21
(anonymous) @ hand-tracker.js:550
hand-tracker.js:567 [GESTURE] Hand 0 - label: Right lowercase: right
(anonymous) @ hand-tracker.js:567
hand-tracker.js:571 [GESTURE] Assigned hand 0 to rightHand
(anonymous) @ hand-tracker.js:571
hand-tracker.js:550 [GESTURE] Hand 1 - handedness: Right keypoints3D: 21
(anonymous) @ hand-tracker.js:550
hand-tracker.js:567 [GESTURE] Hand 1 - label: Right lowercase: right
(anonymous) @ hand-tracker.js:567
hand-tracker.js:571 [GESTURE] Assigned hand 1 to rightHand
(anonymous) @ hand-tracker.js:571
hand-tracker.js:579 [GESTURE] leftHand: false rightHand: true
processHandGestures @ hand-tracker.js:579
hand-tracker.js:592 [GESTURE] Single right hand - rotation via twist
processHandGestures @ hand-tracker.js:592
hand-tracker.js:228 [PINCH] Checking pinch
detectHandsContinuously @ hand-tracker.js:228
hand-tracker.js:618 [PINCH] Starting pinch detection with 2 hands
processPinchToPlay @ hand-tracker.js:618
hand-tracker.js:624 [PINCH] Hand 0 - handedness: Right
(anonymous) @ hand-tracker.js:624
hand-tracker.js:641 [PINCH] Hand 0 - label: Right
(anonymous) @ hand-tracker.js:641
hand-tracker.js:645 [PINCH] Found user right hand at index 0
(anonymous) @ hand-tracker.js:645
hand-tracker.js:624 [PINCH] Hand 1 - handedness: Right
(anonymous) @ hand-tracker.js:624
hand-tracker.js:641 [PINCH] Hand 1 - label: Right
(anonymous) @ hand-tracker.js:641
hand-tracker.js:645 [PINCH] Found user right hand at index 1
(anonymous) @ hand-tracker.js:645
hand-tracker.js:650 DEBUG processPinchToPlay: rightHand found= true hands.length= 2
hand-tracker.js:678 [PINCH] Distance: 0.0608 Threshold: 0.05
processPinchToPlay @ hand-tracker.js:678
hand-tracker.js:222 [GESTURE] Processing gestures
detectHandsContinuously @ hand-tracker.js:222
hand-tracker.js:544 [GESTURE] Processing hand gestures with 2 hands
processHandGestures @ hand-tracker.js:544
hand-tracker.js:550 [GESTURE] Hand 0 - handedness: Right keypoints3D: 21
(anonymous) @ hand-tracker.js:550
hand-tracker.js:567 [GESTURE] Hand 0 - label: Right lowercase: right
(anonymous) @ hand-tracker.js:567
hand-tracker.js:571 [GESTURE] Assigned hand 0 to rightHand
(anonymous) @ hand-tracker.js:571
hand-tracker.js:550 [GESTURE] Hand 1 - handedness: Right keypoints3D: 21
(anonymous) @ hand-tracker.js:550
hand-tracker.js:567 [GESTURE] Hand 1 - label: Right lowercase: right
(anonymous) @ hand-tracker.js:567
hand-tracker.js:571 [GESTURE] Assigned hand 1 to rightHand
(anonymous) @ hand-tracker.js:571
hand-tracker.js:579 [GESTURE] leftHand: false rightHand: true
processHandGestures @ hand-tracker.js:579
hand-tracker.js:592 [GESTURE] Single right hand - rotation via twist
processHandGestures @ hand-tracker.js:592
hand-tracker.js:228 [PINCH] Checking pinch
detectHandsContinuously @ hand-tracker.js:228
hand-tracker.js:618 [PINCH] Starting pinch detection with 2 hands
processPinchToPlay @ hand-tracker.js:618
hand-tracker.js:624 [PINCH] Hand 0 - handedness: Right
(anonymous) @ hand-tracker.js:624
hand-tracker.js:641 [PINCH] Hand 0 - label: Right
(anonymous) @ hand-tracker.js:641
hand-tracker.js:645 [PINCH] Found user right hand at index 0
(anonymous) @ hand-tracker.js:645
hand-tracker.js:624 [PINCH] Hand 1 - handedness: Right
(anonymous) @ hand-tracker.js:624
hand-tracker.js:641 [PINCH] Hand 1 - label: Right
(anonymous) @ hand-tracker.js:641
hand-tracker.js:645 [PINCH] Found user right hand at index 1
(anonymous) @ hand-tracker.js:645
hand-tracker.js:650 DEBUG processPinchToPlay: rightHand found= true hands.length= 2
hand-tracker.js:678 [PINCH] Distance: 0.0611 Threshold: 0.05
processPinchToPlay @ hand-tracker.js:678
hand-tracker.js:222 [GESTURE] Processing gestures
detectHandsContinuously @ hand-tracker.js:222
hand-tracker.js:544 [GESTURE] Processing hand gestures with 1 hands
processHandGestures @ hand-tracker.js:544
hand-tracker.js:550 [GESTURE] Hand 0 - handedness: Right keypoints3D: 21
(anonymous) @ hand-tracker.js:550
hand-tracker.js:567 [GESTURE] Hand 0 - label: Right lowercase: right
(anonymous) @ hand-tracker.js:567
hand-tracker.js:571 [GESTURE] Assigned hand 0 to rightHand
(anonymous) @ hand-tracker.js:571
hand-tracker.js:579 [GESTURE] leftHand: false rightHand: true
processHandGestures @ hand-tracker.js:579
hand-tracker.js:592 [GESTURE] Single right hand - rotation via twist
processHandGestures @ hand-tracker.js:592
hand-tracker.js:228 [PINCH] Checking pinch
detectHandsContinuously @ hand-tracker.js:228
hand-tracker.js:618 [PINCH] Starting pinch detection with 1 hands
processPinchToPlay @ hand-tracker.js:618
hand-tracker.js:624 [PINCH] Hand 0 - handedness: Right
(anonymous) @ hand-tracker.js:624
hand-tracker.js:641 [PINCH] Hand 0 - label: Right
(anonymous) @ hand-tracker.js:641
hand-tracker.js:645 [PINCH] Found user right hand at index 0
(anonymous) @ hand-tracker.js:645
hand-tracker.js:650 DEBUG processPinchToPlay: rightHand found= true hands.length= 1
hand-tracker.js:678 [PINCH] Distance: 0.0569 Threshold: 0.05
processPinchToPlay @ hand-tracker.js:678
hand-tracker.js:222 [GESTURE] Processing gestures
detectHandsContinuously @ hand-tracker.js:222
hand-tracker.js:544 [GESTURE] Processing hand gestures with 1 hands
processHandGestures @ hand-tracker.js:544
hand-tracker.js:550 [GESTURE] Hand 0 - handedness: Right keypoints3D: 21
(anonymous) @ hand-tracker.js:550
hand-tracker.js:567 [GESTURE] Hand 0 - label: Right lowercase: right
(anonymous) @ hand-tracker.js:567
hand-tracker.js:571 [GESTURE] Assigned hand 0 to rightHand
(anonymous) @ hand-tracker.js:571
hand-tracker.js:579 [GESTURE] leftHand: false rightHand: true
processHandGestures @ hand-tracker.js:579
hand-tracker.js:592 [GESTURE] Single right hand - rotation via twist
processHandGestures @ hand-tracker.js:592
hand-tracker.js:228 [PINCH] Checking pinch
detectHandsContinuously @ hand-tracker.js:228
hand-tracker.js:618 [PINCH] Starting pinch detection with 1 hands
processPinchToPlay @ hand-tracker.js:618
hand-tracker.js:624 [PINCH] Hand 0 - handedness: Right
(anonymous) @ hand-tracker.js:624
hand-tracker.js:641 [PINCH] Hand 0 - label: Right
(anonymous) @ hand-tracker.js:641
hand-tracker.js:645 [PINCH] Found user right hand at index 0
(anonymous) @ hand-tracker.js:645
hand-tracker.js:650 DEBUG processPinchToPlay: rightHand found= true hands.length= 1
hand-tracker.js:678 [PINCH] Distance: 0.0568 Threshold: 0.05
processPinchToPlay @ hand-tracker.js:678
hand-tracker.js:222 [GESTURE] Processing gestures
detectHandsContinuously @ hand-tracker.js:222
hand-tracker.js:544 [GESTURE] Processing hand gestures with 1 hands
processHandGestures @ hand-tracker.js:544
hand-tracker.js:550 [GESTURE] Hand 0 - handedness: Right keypoints3D: 21
(anonymous) @ hand-tracker.js:550
hand-tracker.js:567 [GESTURE] Hand 0 - label: Right lowercase: right
(anonymous) @ hand-tracker.js:567
hand-tracker.js:571 [GESTURE] Assigned hand 0 to rightHand
(anonymous) @ hand-tracker.js:571
hand-tracker.js:579 [GESTURE] leftHand: false rightHand: true
processHandGestures @ hand-tracker.js:579
hand-tracker.js:592 [GESTURE] Single right hand - rotation via twist
processHandGestures @ hand-tracker.js:592
hand-tracker.js:228 [PINCH] Checking pinch
detectHandsContinuously @ hand-tracker.js:228
hand-tracker.js:618 [PINCH] Starting pinch detection with 1 hands
processPinchToPlay @ hand-tracker.js:618
hand-tracker.js:624 [PINCH] Hand 0 - handedness: Right
(anonymous) @ hand-tracker.js:624
hand-tracker.js:641 [PINCH] Hand 0 - label: Right
(anonymous) @ hand-tracker.js:641
hand-tracker.js:645 [PINCH] Found user right hand at index 0
(anonymous) @ hand-tracker.js:645
hand-tracker.js:650 DEBUG processPinchToPlay: rightHand found= true hands.length= 1
hand-tracker.js:678 [PINCH] Distance: 0.0552 Threshold: 0.05
processPinchToPlay @ hand-tracker.js:678
hand-tracker.js:222 [GESTURE] Processing gestures
detectHandsContinuously @ hand-tracker.js:222
hand-tracker.js:544 [GESTURE] Processing hand gestures with 1 hands
processHandGestures @ hand-tracker.js:544
hand-tracker.js:550 [GESTURE] Hand 0 - handedness: Right keypoints3D: 21
(anonymous) @ hand-tracker.js:550
hand-tracker.js:567 [GESTURE] Hand 0 - label: Right lowercase: right
(anonymous) @ hand-tracker.js:567
hand-tracker.js:571 [GESTURE] Assigned hand 0 to rightHand
(anonymous) @ hand-tracker.js:571
hand-tracker.js:579 [GESTURE] leftHand: false rightHand: true
processHandGestures @ hand-tracker.js:579
hand-tracker.js:592 [GESTURE] Single right hand - rotation via twist
processHandGestures @ hand-tracker.js:592
hand-tracker.js:228 [PINCH] Checking pinch
detectHandsContinuously @ hand-tracker.js:228
hand-tracker.js:618 [PINCH] Starting pinch detection with 1 hands
processPinchToPlay @ hand-tracker.js:618
hand-tracker.js:624 [PINCH] Hand 0 - handedness: Right
(anonymous) @ hand-tracker.js:624
hand-tracker.js:641 [PINCH] Hand 0 - label: Right
(anonymous) @ hand-tracker.js:641
hand-tracker.js:645 [PINCH] Found user right hand at index 0
(anonymous) @ hand-tracker.js:645
hand-tracker.js:650 DEBUG processPinchToPlay: rightHand found= true hands.length= 1
hand-tracker.js:678 [PINCH] Distance: 0.0549 Threshold: 0.05
processPinchToPlay @ hand-tracker.js:678
hand-tracker.js:222 [GESTURE] Processing gestures
detectHandsContinuously @ hand-tracker.js:222
hand-tracker.js:544 [GESTURE] Processing hand gestures with 1 hands
processHandGestures @ hand-tracker.js:544
hand-tracker.js:550 [GESTURE] Hand 0 - handedness: Right keypoints3D: 21
(anonymous) @ hand-tracker.js:550
hand-tracker.js:567 [GESTURE] Hand 0 - label: Right lowercase: right
(anonymous) @ hand-tracker.js:567
hand-tracker.js:571 [GESTURE] Assigned hand 0 to rightHand
(anonymous) @ hand-tracker.js:571
hand-tracker.js:579 [GESTURE] leftHand: false rightHand: true
processHandGestures @ hand-tracker.js:579
hand-tracker.js:592 [GESTURE] Single right hand - rotation via twist
processHandGestures @ hand-tracker.js:592
hand-tracker.js:228 [PINCH] Checking pinch
detectHandsContinuously @ hand-tracker.js:228
hand-tracker.js:618 [PINCH] Starting pinch detection with 1 hands
processPinchToPlay @ hand-tracker.js:618
hand-tracker.js:624 [PINCH] Hand 0 - handedness: Right
(anonymous) @ hand-tracker.js:624
hand-tracker.js:641 [PINCH] Hand 0 - label: Right
(anonymous) @ hand-tracker.js:641
hand-tracker.js:645 [PINCH] Found user right hand at index 0
(anonymous) @ hand-tracker.js:645
hand-tracker.js:650 DEBUG processPinchToPlay: rightHand found= true hands.length= 1
hand-tracker.js:678 [PINCH] Distance: 0.0558 Threshold: 0.05
processPinchToPlay @ hand-tracker.js:678
hand-tracker.js:222 [GESTURE] Processing gestures
detectHandsContinuously @ hand-tracker.js:222
hand-tracker.js:544 [GESTURE] Processing hand gestures with 1 hands
processHandGestures @ hand-tracker.js:544
hand-tracker.js:550 [GESTURE] Hand 0 - handedness: Right keypoints3D: 21
(anonymous) @ hand-tracker.js:550
hand-tracker.js:567 [GESTURE] Hand 0 - label: Right lowercase: right
(anonymous) @ hand-tracker.js:567
hand-tracker.js:571 [GESTURE] Assigned hand 0 to rightHand
(anonymous) @ hand-tracker.js:571
hand-tracker.js:579 [GESTURE] leftHand: false rightHand: true
processHandGestures @ hand-tracker.js:579
hand-tracker.js:592 [GESTURE] Single right hand - rotation via twist
processHandGestures @ hand-tracker.js:592
hand-tracker.js:228 [PINCH] Checking pinch
detectHandsContinuously @ hand-tracker.js:228
hand-tracker.js:618 [PINCH] Starting pinch detection with 1 hands
processPinchToPlay @ hand-tracker.js:618
hand-tracker.js:624 [PINCH] Hand 0 - handedness: Right
(anonymous) @ hand-tracker.js:624
hand-tracker.js:641 [PINCH] Hand 0 - label: Right
(anonymous) @ hand-tracker.js:641
hand-tracker.js:645 [PINCH] Found user right hand at index 0
(anonymous) @ hand-tracker.js:645
hand-tracker.js:650 DEBUG processPinchToPlay: rightHand found= true hands.length= 1
hand-tracker.js:678 [PINCH] Distance: 0.0568 Threshold: 0.05
processPinchToPlay @ hand-tracker.js:678
hand-tracker.js:222 [GESTURE] Processing gestures
detectHandsContinuously @ hand-tracker.js:222
hand-tracker.js:544 [GESTURE] Processing hand gestures with 1 hands
processHandGestures @ hand-tracker.js:544
hand-tracker.js:550 [GESTURE] Hand 0 - handedness: Right keypoints3D: 21
(anonymous) @ hand-tracker.js:550
hand-tracker.js:567 [GESTURE] Hand 0 - label: Right lowercase: right
(anonymous) @ hand-tracker.js:567
hand-tracker.js:571 [GESTURE] Assigned hand 0 to rightHand
(anonymous) @ hand-tracker.js:571
hand-tracker.js:579 [GESTURE] leftHand: false rightHand: true
processHandGestures @ hand-tracker.js:579
hand-tracker.js:592 [GESTURE] Single right hand - rotation via twist
processHandGestures @ hand-tracker.js:592
hand-tracker.js:228 [PINCH] Checking pinch
detectHandsContinuously @ hand-tracker.js:228
hand-tracker.js:618 [PINCH] Starting pinch detection with 1 hands
processPinchToPlay @ hand-tracker.js:618
hand-tracker.js:624 [PINCH] Hand 0 - handedness: Right
(anonymous) @ hand-tracker.js:624
hand-tracker.js:641 [PINCH] Hand 0 - label: Right
(anonymous) @ hand-tracker.js:641
hand-tracker.js:645 [PINCH] Found user right hand at index 0
(anonymous) @ hand-tracker.js:645
hand-tracker.js:650 DEBUG processPinchToPlay: rightHand found= true hands.length= 1
hand-tracker.js:678 [PINCH] Distance: 0.0566 Threshold: 0.05
processPinchToPlay @ hand-tracker.js:678
hand-tracker.js:222 [GESTURE] Processing gestures
detectHandsContinuously @ hand-tracker.js:222
hand-tracker.js:544 [GESTURE] Processing hand gestures with 1 hands
processHandGestures @ hand-tracker.js:544
hand-tracker.js:550 [GESTURE] Hand 0 - handedness: Right keypoints3D: 21
(anonymous) @ hand-tracker.js:550
hand-tracker.js:567 [GESTURE] Hand 0 - label: Right lowercase: right
(anonymous) @ hand-tracker.js:567
hand-tracker.js:571 [GESTURE] Assigned hand 0 to rightHand
(anonymous) @ hand-tracker.js:571
hand-tracker.js:579 [GESTURE] leftHand: false rightHand: true
processHandGestures @ hand-tracker.js:579
hand-tracker.js:592 [GESTURE] Single right hand - rotation via twist
processHandGestures @ hand-tracker.js:592
hand-tracker.js:228 [PINCH] Checking pinch
detectHandsContinuously @ hand-tracker.js:228
hand-tracker.js:618 [PINCH] Starting pinch detection with 1 hands
processPinchToPlay @ hand-tracker.js:618
hand-tracker.js:624 [PINCH] Hand 0 - handedness: Right
(anonymous) @ hand-tracker.js:624
hand-tracker.js:641 [PINCH] Hand 0 - label: Right
(anonymous) @ hand-tracker.js:641
hand-tracker.js:645 [PINCH] Found user right hand at index 0
(anonymous) @ hand-tracker.js:645
hand-tracker.js:650 DEBUG processPinchToPlay: rightHand found= true hands.length= 1
hand-tracker.js:678 [PINCH] Distance: 0.0575 Threshold: 0.05
processPinchToPlay @ hand-tracker.js:678
hand-tracker.js:222 [GESTURE] Processing gestures
detectHandsContinuously @ hand-tracker.js:222
hand-tracker.js:544 [GESTURE] Processing hand gestures with 1 hands
processHandGestures @ hand-tracker.js:544
hand-tracker.js:550 [GESTURE] Hand 0 - handedness: Right keypoints3D: 21
(anonymous) @ hand-tracker.js:550
hand-tracker.js:567 [GESTURE] Hand 0 - label: Right lowercase: right
(anonymous) @ hand-tracker.js:567
hand-tracker.js:571 [GESTURE] Assigned hand 0 to rightHand
(anonymous) @ hand-tracker.js:571
hand-tracker.js:579 [GESTURE] leftHand: false rightHand: true
processHandGestures @ hand-tracker.js:579
hand-tracker.js:592 [GESTURE] Single right hand - rotation via twist
processHandGestures @ hand-tracker.js:592
hand-tracker.js:228 [PINCH] Checking pinch
detectHandsContinuously @ hand-tracker.js:228
hand-tracker.js:618 [PINCH] Starting pinch detection with 1 hands
processPinchToPlay @ hand-tracker.js:618
hand-tracker.js:624 [PINCH] Hand 0 - handedness: Right
(anonymous) @ hand-tracker.js:624
hand-tracker.js:641 [PINCH] Hand 0 - label: Right
(anonymous) @ hand-tracker.js:641
hand-tracker.js:645 [PINCH] Found user right hand at index 0
(anonymous) @ hand-tracker.js:645
hand-tracker.js:650 DEBUG processPinchToPlay: rightHand found= true hands.length= 1
hand-tracker.js:678 [PINCH] Distance: 0.0581 Threshold: 0.05
processPinchToPlay @ hand-tracker.js:678
hand-tracker.js:222 [GESTURE] Processing gestures
detectHandsContinuously @ hand-tracker.js:222
hand-tracker.js:544 [GESTURE] Processing hand gestures with 1 hands
processHandGestures @ hand-tracker.js:544
hand-tracker.js:550 [GESTURE] Hand 0 - handedness: Right keypoints3D: 21
(anonymous) @ hand-tracker.js:550
hand-tracker.js:567 [GESTURE] Hand 0 - label: Right lowercase: right
(anonymous) @ hand-tracker.js:567
hand-tracker.js:571 [GESTURE] Assigned hand 0 to rightHand
(anonymous) @ hand-tracker.js:571
hand-tracker.js:579 [GESTURE] leftHand: false rightHand: true
processHandGestures @ hand-tracker.js:579
hand-tracker.js:592 [GESTURE] Single right hand - rotation via twist
processHandGestures @ hand-tracker.js:592
hand-tracker.js:228 [PINCH] Checking pinch
detectHandsContinuously @ hand-tracker.js:228
hand-tracker.js:618 [PINCH] Starting pinch detection with 1 hands
processPinchToPlay @ hand-tracker.js:618
hand-tracker.js:624 [PINCH] Hand 0 - handedness: Right
(anonymous) @ hand-tracker.js:624
hand-tracker.js:641 [PINCH] Hand 0 - label: Right
(anonymous) @ hand-tracker.js:641
hand-tracker.js:645 [PINCH] Found user right hand at index 0
(anonymous) @ hand-tracker.js:645
hand-tracker.js:650 DEBUG processPinchToPlay: rightHand found= true hands.length= 1
hand-tracker.js:678 [PINCH] Distance: 0.0548 Threshold: 0.05
processPinchToPlay @ hand-tracker.js:678
hand-tracker.js:222 [GESTURE] Processing gestures
detectHandsContinuously @ hand-tracker.js:222
hand-tracker.js:544 [GESTURE] Processing hand gestures with 1 hands
processHandGestures @ hand-tracker.js:544
hand-tracker.js:550 [GESTURE] Hand 0 - handedness: Right keypoints3D: 21
(anonymous) @ hand-tracker.js:550
hand-tracker.js:567 [GESTURE] Hand 0 - label: Right lowercase: right
(anonymous) @ hand-tracker.js:567
hand-tracker.js:571 [GESTURE] Assigned hand 0 to rightHand
(anonymous) @ hand-tracker.js:571
hand-tracker.js:579 [GESTURE] leftHand: false rightHand: true
processHandGestures @ hand-tracker.js:579
hand-tracker.js:592 [GESTURE] Single right hand - rotation via twist
processHandGestures @ hand-tracker.js:592
hand-tracker.js:228 [PINCH] Checking pinch
detectHandsContinuously @ hand-tracker.js:228
hand-tracker.js:618 [PINCH] Starting pinch detection with 1 hands
processPinchToPlay @ hand-tracker.js:618
hand-tracker.js:624 [PINCH] Hand 0 - handedness: Right
(anonymous) @ hand-tracker.js:624
hand-tracker.js:641 [PINCH] Hand 0 - label: Right
(anonymous) @ hand-tracker.js:641
hand-tracker.js:645 [PINCH] Found user right hand at index 0
(anonymous) @ hand-tracker.js:645
hand-tracker.js:650 DEBUG processPinchToPlay: rightHand found= true hands.length= 1
hand-tracker.js:678 [PINCH] Distance: 0.0563 Threshold: 0.05
processPinchToPlay @ hand-tracker.js:678
hand-tracker.js:222 [GESTURE] Processing gestures
detectHandsContinuously @ hand-tracker.js:222
hand-tracker.js:544 [GESTURE] Processing hand gestures with 1 hands
processHandGestures @ hand-tracker.js:544
hand-tracker.js:550 [GESTURE] Hand 0 - handedness: Right keypoints3D: 21
(anonymous) @ hand-tracker.js:550
hand-tracker.js:567 [GESTURE] Hand 0 - label: Right lowercase: right
(anonymous) @ hand-tracker.js:567
hand-tracker.js:571 [GESTURE] Assigned hand 0 to rightHand
(anonymous) @ hand-tracker.js:571
hand-tracker.js:579 [GESTURE] leftHand: false rightHand: true
processHandGestures @ hand-tracker.js:579
hand-tracker.js:592 [GESTURE] Single right hand - rotation via twist
processHandGestures @ hand-tracker.js:592
hand-tracker.js:228 [PINCH] Checking pinch
detectHandsContinuously @ hand-tracker.js:228
hand-tracker.js:618 [PINCH] Starting pinch detection with 1 hands
processPinchToPlay @ hand-tracker.js:618
hand-tracker.js:624 [PINCH] Hand 0 - handedness: Right
(anonymous) @ hand-tracker.js:624
hand-tracker.js:641 [PINCH] Hand 0 - label: Right
(anonymous) @ hand-tracker.js:641
hand-tracker.js:645 [PINCH] Found user right hand at index 0
(anonymous) @ hand-tracker.js:645
hand-tracker.js:650 DEBUG processPinchToPlay: rightHand found= true hands.length= 1
hand-tracker.js:678 [PINCH] Distance: 0.0562 Threshold: 0.05
processPinchToPlay @ hand-tracker.js:678
hand-tracker.js:222 [GESTURE] Processing gestures
detectHandsContinuously @ hand-tracker.js:222
hand-tracker.js:544 [GESTURE] Processing hand gestures with 1 hands
processHandGestures @ hand-tracker.js:544
hand-tracker.js:550 [GESTURE] Hand 0 - handedness: Right keypoints3D: 21
(anonymous) @ hand-tracker.js:550
hand-tracker.js:567 [GESTURE] Hand 0 - label: Right lowercase: right
(anonymous) @ hand-tracker.js:567
hand-tracker.js:571 [GESTURE] Assigned hand 0 to rightHand
(anonymous) @ hand-tracker.js:571
hand-tracker.js:579 [GESTURE] leftHand: false rightHand: true
processHandGestures @ hand-tracker.js:579
hand-tracker.js:592 [GESTURE] Single right hand - rotation via twist
processHandGestures @ hand-tracker.js:592
hand-tracker.js:228 [PINCH] Checking pinch
detectHandsContinuously @ hand-tracker.js:228
hand-tracker.js:618 [PINCH] Starting pinch detection with 1 hands
processPinchToPlay @ hand-tracker.js:618
hand-tracker.js:624 [PINCH] Hand 0 - handedness: Right
(anonymous) @ hand-tracker.js:624
hand-tracker.js:641 [PINCH] Hand 0 - label: Right
(anonymous) @ hand-tracker.js:641
hand-tracker.js:645 [PINCH] Found user right hand at index 0
(anonymous) @ hand-tracker.js:645
hand-tracker.js:650 DEBUG processPinchToPlay: rightHand found= true hands.length= 1
hand-tracker.js:678 [PINCH] Distance: 0.0512 Threshold: 0.05
processPinchToPlay @ hand-tracker.js:678
hand-tracker.js:222 [GESTURE] Processing gestures
detectHandsContinuously @ hand-tracker.js:222
hand-tracker.js:544 [GESTURE] Processing hand gestures with 1 hands
processHandGestures @ hand-tracker.js:544
hand-tracker.js:550 [GESTURE] Hand 0 - handedness: Right keypoints3D: 21
(anonymous) @ hand-tracker.js:550
hand-tracker.js:567 [GESTURE] Hand 0 - label: Right lowercase: right
(anonymous) @ hand-tracker.js:567
hand-tracker.js:571 [GESTURE] Assigned hand 0 to rightHand
(anonymous) @ hand-tracker.js:571
hand-tracker.js:579 [GESTURE] leftHand: false rightHand: true
processHandGestures @ hand-tracker.js:579
hand-tracker.js:592 [GESTURE] Single right hand - rotation via twist
processHandGestures @ hand-tracker.js:592
hand-tracker.js:228 [PINCH] Checking pinch
detectHandsContinuously @ hand-tracker.js:228
hand-tracker.js:618 [PINCH] Starting pinch detection with 1 hands
processPinchToPlay @ hand-tracker.js:618
hand-tracker.js:624 [PINCH] Hand 0 - handedness: Right
(anonymous) @ hand-tracker.js:624
hand-tracker.js:641 [PINCH] Hand 0 - label: Right
(anonymous) @ hand-tracker.js:641
hand-tracker.js:645 [PINCH] Found user right hand at index 0
(anonymous) @ hand-tracker.js:645
hand-tracker.js:650 DEBUG processPinchToPlay: rightHand found= true hands.length= 1
hand-tracker.js:678 [PINCH] Distance: 0.0412 Threshold: 0.05
processPinchToPlay @ hand-tracker.js:678
hand-tracker.js:694 DEBUG: pinchScreenPos= Object currentSprites.length= 804
hand-tracker.js:701 DEBUG: Raycast intersects= 0
hand-tracker.js:222 [GESTURE] Processing gestures
detectHandsContinuously @ hand-tracker.js:222
hand-tracker.js:228 [PINCH] Checking pinch
detectHandsContinuously @ hand-tracker.js:228
hand-tracker.js:618 [PINCH] Starting pinch detection with 1 hands
processPinchToPlay @ hand-tracker.js:618
hand-tracker.js:624 [PINCH] Hand 0 - handedness: Right
(anonymous) @ hand-tracker.js:624
hand-tracker.js:641 [PINCH] Hand 0 - label: Right
(anonymous) @ hand-tracker.js:641
hand-tracker.js:645 [PINCH] Found user right hand at index 0
(anonymous) @ hand-tracker.js:645
hand-tracker.js:650 DEBUG processPinchToPlay: rightHand found= true hands.length= 1
hand-tracker.js:678 [PINCH] Distance: 0.0421 Threshold: 0.05
processPinchToPlay @ hand-tracker.js:678
hand-tracker.js:694 DEBUG: pinchScreenPos= Object currentSprites.length= 804
hand-tracker.js:701 DEBUG: Raycast intersects= 0
hand-tracker.js:222 [GESTURE] Processing gestures
detectHandsContinuously @ hand-tracker.js:222
hand-tracker.js:228 [PINCH] Checking pinch
detectHandsContinuously @ hand-tracker.js:228
hand-tracker.js:618 [PINCH] Starting pinch detection with 1 hands
processPinchToPlay @ hand-tracker.js:618
hand-tracker.js:624 [PINCH] Hand 0 - handedness: Right
(anonymous) @ hand-tracker.js:624
hand-tracker.js:641 [PINCH] Hand 0 - label: Right
(anonymous) @ hand-tracker.js:641
hand-tracker.js:645 [PINCH] Found user right hand at index 0
(anonymous) @ hand-tracker.js:645
hand-tracker.js:650 DEBUG processPinchToPlay: rightHand found= true hands.length= 1
hand-tracker.js:678 [PINCH] Distance: 0.0384 Threshold: 0.05
processPinchToPlay @ hand-tracker.js:678
hand-tracker.js:694 DEBUG: pinchScreenPos= Object currentSprites.length= 804
hand-tracker.js:701 DEBUG: Raycast intersects= 0
hand-tracker.js:222 [GESTURE] Processing gestures
detectHandsContinuously @ hand-tracker.js:222
hand-tracker.js:228 [PINCH] Checking pinch
detectHandsContinuously @ hand-tracker.js:228
hand-tracker.js:618 [PINCH] Starting pinch detection with 1 hands
processPinchToPlay @ hand-tracker.js:618
hand-tracker.js:624 [PINCH] Hand 0 - handedness: Right
(anonymous) @ hand-tracker.js:624
hand-tracker.js:641 [PINCH] Hand 0 - label: Right
(anonymous) @ hand-tracker.js:641
hand-tracker.js:645 [PINCH] Found user right hand at index 0
(anonymous) @ hand-tracker.js:645
hand-tracker.js:650 DEBUG processPinchToPlay: rightHand found= true hands.length= 1
hand-tracker.js:678 [PINCH] Distance: 0.0423 Threshold: 0.05
processPinchToPlay @ hand-tracker.js:678
hand-tracker.js:694 DEBUG: pinchScreenPos= Object currentSprites.length= 804
hand-tracker.js:701 DEBUG: Raycast intersects= 0
hand-tracker.js:222 [GESTURE] Processing gestures
detectHandsContinuously @ hand-tracker.js:222
hand-tracker.js:228 [PINCH] Checking pinch
detectHandsContinuously @ hand-tracker.js:228
hand-tracker.js:618 [PINCH] Starting pinch detection with 1 hands
processPinchToPlay @ hand-tracker.js:618
hand-tracker.js:624 [PINCH] Hand 0 - handedness: Right
(anonymous) @ hand-tracker.js:624
hand-tracker.js:641 [PINCH] Hand 0 - label: Right
(anonymous) @ hand-tracker.js:641
hand-tracker.js:645 [PINCH] Found user right hand at index 0
(anonymous) @ hand-tracker.js:645
hand-tracker.js:650 DEBUG processPinchToPlay: rightHand found= true hands.length= 1
hand-tracker.js:678 [PINCH] Distance: 0.0360 Threshold: 0.05
processPinchToPlay @ hand-tracker.js:678
hand-tracker.js:694 DEBUG: pinchScreenPos= Object currentSprites.length= 804
hand-tracker.js:701 DEBUG: Raycast intersects= 1
hand-tracker.js:707 DEBUG: Playing note at ratio= 11:12:14:16
midi-output.js:298 Attempting to release all MPE notes. Current midiOutput: null
midi-output.js:300 No MIDI output selected or available. Cannot release all MPE notes.
releaseAllMpeNotes @ midi-output.js:300
hand-tracker.js:222 [GESTURE] Processing gestures
detectHandsContinuously @ hand-tracker.js:222
hand-tracker.js:228 [PINCH] Checking pinch
detectHandsContinuously @ hand-tracker.js:228
hand-tracker.js:618 [PINCH] Starting pinch detection with 1 hands
processPinchToPlay @ hand-tracker.js:618
hand-tracker.js:624 [PINCH] Hand 0 - handedness: Right
(anonymous) @ hand-tracker.js:624
hand-tracker.js:641 [PINCH] Hand 0 - label: Right
(anonymous) @ hand-tracker.js:641
hand-tracker.js:645 [PINCH] Found user right hand at index 0
(anonymous) @ hand-tracker.js:645
hand-tracker.js:650 DEBUG processPinchToPlay: rightHand found= true hands.length= 1
hand-tracker.js:678 [PINCH] Distance: 0.0363 Threshold: 0.05
processPinchToPlay @ hand-tracker.js:678
hand-tracker.js:694 DEBUG: pinchScreenPos= Object currentSprites.length= 804
hand-tracker.js:701 DEBUG: Raycast intersects= 1
hand-tracker.js:222 [GESTURE] Processing gestures
detectHandsContinuously @ hand-tracker.js:222
hand-tracker.js:228 [PINCH] Checking pinch
detectHandsContinuously @ hand-tracker.js:228
hand-tracker.js:618 [PINCH] Starting pinch detection with 1 hands
processPinchToPlay @ hand-tracker.js:618
hand-tracker.js:624 [PINCH] Hand 0 - handedness: Right
(anonymous) @ hand-tracker.js:624
hand-tracker.js:641 [PINCH] Hand 0 - label: Right
(anonymous) @ hand-tracker.js:641
hand-tracker.js:645 [PINCH] Found user right hand at index 0
(anonymous) @ hand-tracker.js:645
hand-tracker.js:650 DEBUG processPinchToPlay: rightHand found= true hands.length= 1
hand-tracker.js:678 [PINCH] Distance: 0.0288 Threshold: 0.05
processPinchToPlay @ hand-tracker.js:678
hand-tracker.js:694 DEBUG: pinchScreenPos= Object currentSprites.length= 804
hand-tracker.js:701 DEBUG: Raycast intersects= 1
hand-tracker.js:222 [GESTURE] Processing gestures
detectHandsContinuously @ hand-tracker.js:222
hand-tracker.js:228 [PINCH] Checking pinch
detectHandsContinuously @ hand-tracker.js:228
hand-tracker.js:618 [PINCH] Starting pinch detection with 1 hands
processPinchToPlay @ hand-tracker.js:618
hand-tracker.js:624 [PINCH] Hand 0 - handedness: Right
(anonymous) @ hand-tracker.js:624
hand-tracker.js:641 [PINCH] Hand 0 - label: Right
(anonymous) @ hand-tracker.js:641
hand-tracker.js:645 [PINCH] Found user right hand at index 0
(anonymous) @ hand-tracker.js:645
hand-tracker.js:650 DEBUG processPinchToPlay: rightHand found= true hands.length= 1
hand-tracker.js:678 [PINCH] Distance: 0.0277 Threshold: 0.05
processPinchToPlay @ hand-tracker.js:678
hand-tracker.js:694 DEBUG: pinchScreenPos= Object currentSprites.length= 804
hand-tracker.js:701 DEBUG: Raycast intersects= 1
hand-tracker.js:212 [HANDS] Detected: 1 hands | controls: true isShiftHeld: true
detectHandsContinuously @ hand-tracker.js:212
hand-tracker.js:222 [GESTURE] Processing gestures
detectHandsContinuously @ hand-tracker.js:222
hand-tracker.js:228 [PINCH] Checking pinch
detectHandsContinuously @ hand-tracker.js:228
hand-tracker.js:618 [PINCH] Starting pinch detection with 1 hands
processPinchToPlay @ hand-tracker.js:618
hand-tracker.js:624 [PINCH] Hand 0 - handedness: Right
(anonymous) @ hand-tracker.js:624
hand-tracker.js:641 [PINCH] Hand 0 - label: Right
(anonymous) @ hand-tracker.js:641
hand-tracker.js:645 [PINCH] Found user right hand at index 0
(anonymous) @ hand-tracker.js:645
hand-tracker.js:650 DEBUG processPinchToPlay: rightHand found= true hands.length= 1
hand-tracker.js:678 [PINCH] Distance: 0.0092 Threshold: 0.05
processPinchToPlay @ hand-tracker.js:678
hand-tracker.js:694 DEBUG: pinchScreenPos= Object currentSprites.length= 804
hand-tracker.js:701 DEBUG: Raycast intersects= 0
hand-tracker.js:714 DEBUG: No intersects, stopping chord
hand-tracker.js:222 [GESTURE] Processing gestures
detectHandsContinuously @ hand-tracker.js:222
hand-tracker.js:228 [PINCH] Checking pinch
detectHandsContinuously @ hand-tracker.js:228
hand-tracker.js:618 [PINCH] Starting pinch detection with 1 hands
processPinchToPlay @ hand-tracker.js:618
hand-tracker.js:624 [PINCH] Hand 0 - handedness: Right
(anonymous) @ hand-tracker.js:624
hand-tracker.js:641 [PINCH] Hand 0 - label: Right
(anonymous) @ hand-tracker.js:641
hand-tracker.js:645 [PINCH] Found user right hand at index 0
(anonymous) @ hand-tracker.js:645
hand-tracker.js:650 DEBUG processPinchToPlay: rightHand found= true hands.length= 1
hand-tracker.js:678 [PINCH] Distance: 0.0078 Threshold: 0.05
processPinchToPlay @ hand-tracker.js:678
hand-tracker.js:694 DEBUG: pinchScreenPos= Object currentSprites.length= 804
hand-tracker.js:701 DEBUG: Raycast intersects= 0
hand-tracker.js:222 [GESTURE] Processing gestures
detectHandsContinuously @ hand-tracker.js:222
hand-tracker.js:228 [PINCH] Checking pinch
detectHandsContinuously @ hand-tracker.js:228
hand-tracker.js:618 [PINCH] Starting pinch detection with 1 hands
processPinchToPlay @ hand-tracker.js:618
hand-tracker.js:624 [PINCH] Hand 0 - handedness: Right
(anonymous) @ hand-tracker.js:624
hand-tracker.js:641 [PINCH] Hand 0 - label: Right
(anonymous) @ hand-tracker.js:641
hand-tracker.js:645 [PINCH] Found user right hand at index 0
(anonymous) @ hand-tracker.js:645
hand-tracker.js:650 DEBUG processPinchToPlay: rightHand found= true hands.length= 1
hand-tracker.js:678 [PINCH] Distance: 0.0125 Threshold: 0.05
processPinchToPlay @ hand-tracker.js:678
hand-tracker.js:694 DEBUG: pinchScreenPos= Object currentSprites.length= 804
hand-tracker.js:701 DEBUG: Raycast intersects= 0
hand-tracker.js:222 [GESTURE] Processing gestures
detectHandsContinuously @ hand-tracker.js:222
hand-tracker.js:228 [PINCH] Checking pinch
detectHandsContinuously @ hand-tracker.js:228
hand-tracker.js:618 [PINCH] Starting pinch detection with 1 hands
processPinchToPlay @ hand-tracker.js:618
hand-tracker.js:624 [PINCH] Hand 0 - handedness: Right
(anonymous) @ hand-tracker.js:624
hand-tracker.js:641 [PINCH] Hand 0 - label: Right
(anonymous) @ hand-tracker.js:641
hand-tracker.js:645 [PINCH] Found user right hand at index 0
(anonymous) @ hand-tracker.js:645
hand-tracker.js:650 DEBUG processPinchToPlay: rightHand found= true hands.length= 1
hand-tracker.js:678 [PINCH] Distance: 0.0115 Threshold: 0.05
processPinchToPlay @ hand-tracker.js:678
hand-tracker.js:694 DEBUG: pinchScreenPos= Object currentSprites.length= 804
hand-tracker.js:701 DEBUG: Raycast intersects= 0
hand-tracker.js:222 [GESTURE] Processing gestures
detectHandsContinuously @ hand-tracker.js:222
hand-tracker.js:228 [PINCH] Checking pinch
detectHandsContinuously @ hand-tracker.js:228
hand-tracker.js:618 [PINCH] Starting pinch detection with 1 hands
processPinchToPlay @ hand-tracker.js:618
hand-tracker.js:624 [PINCH] Hand 0 - handedness: Right
(anonymous) @ hand-tracker.js:624
hand-tracker.js:641 [PINCH] Hand 0 - label: Right
(anonymous) @ hand-tracker.js:641
hand-tracker.js:645 [PINCH] Found user right hand at index 0
(anonymous) @ hand-tracker.js:645
hand-tracker.js:650 DEBUG processPinchToPlay: rightHand found= true hands.length= 1
hand-tracker.js:678 [PINCH] Distance: 0.0242 Threshold: 0.05
processPinchToPlay @ hand-tracker.js:678
hand-tracker.js:694 DEBUG: pinchScreenPos= Object currentSprites.length= 804
hand-tracker.js:701 DEBUG: Raycast intersects= 1
hand-tracker.js:707 DEBUG: Playing note at ratio= 8:9:10:11
midi-output.js:298 Attempting to release all MPE notes. Current midiOutput: null
midi-output.js:300 No MIDI output selected or available. Cannot release all MPE notes.
releaseAllMpeNotes @ midi-output.js:300
hand-tracker.js:222 [GESTURE] Processing gestures
detectHandsContinuously @ hand-tracker.js:222
hand-tracker.js:228 [PINCH] Checking pinch
detectHandsContinuously @ hand-tracker.js:228
hand-tracker.js:618 [PINCH] Starting pinch detection with 1 hands
processPinchToPlay @ hand-tracker.js:618
hand-tracker.js:624 [PINCH] Hand 0 - handedness: Right
(anonymous) @ hand-tracker.js:624
hand-tracker.js:641 [PINCH] Hand 0 - label: Right
(anonymous) @ hand-tracker.js:641
hand-tracker.js:645 [PINCH] Found user right hand at index 0
(anonymous) @ hand-tracker.js:645
hand-tracker.js:650 DEBUG processPinchToPlay: rightHand found= true hands.length= 1
hand-tracker.js:678 [PINCH] Distance: 0.0248 Threshold: 0.05
processPinchToPlay @ hand-tracker.js:678
hand-tracker.js:694 DEBUG: pinchScreenPos= Object currentSprites.length= 804
hand-tracker.js:701 DEBUG: Raycast intersects= 1
hand-tracker.js:222 [GESTURE] Processing gestures
detectHandsContinuously @ hand-tracker.js:222
hand-tracker.js:228 [PINCH] Checking pinch
detectHandsContinuously @ hand-tracker.js:228
hand-tracker.js:618 [PINCH] Starting pinch detection with 1 hands
processPinchToPlay @ hand-tracker.js:618
hand-tracker.js:624 [PINCH] Hand 0 - handedness: Right
(anonymous) @ hand-tracker.js:624
hand-tracker.js:641 [PINCH] Hand 0 - label: Right
(anonymous) @ hand-tracker.js:641
hand-tracker.js:645 [PINCH] Found user right hand at index 0
(anonymous) @ hand-tracker.js:645
hand-tracker.js:650 DEBUG processPinchToPlay: rightHand found= true hands.length= 1
hand-tracker.js:678 [PINCH] Distance: 0.0228 Threshold: 0.05
processPinchToPlay @ hand-tracker.js:678
hand-tracker.js:694 DEBUG: pinchScreenPos= Object currentSprites.length= 804
hand-tracker.js:701 DEBUG: Raycast intersects= 1
hand-tracker.js:222 [GESTURE] Processing gestures
detectHandsContinuously @ hand-tracker.js:222
hand-tracker.js:228 [PINCH] Checking pinch
detectHandsContinuously @ hand-tracker.js:228
hand-tracker.js:618 [PINCH] Starting pinch detection with 1 hands
processPinchToPlay @ hand-tracker.js:618
hand-tracker.js:624 [PINCH] Hand 0 - handedness: Right
(anonymous) @ hand-tracker.js:624
hand-tracker.js:641 [PINCH] Hand 0 - label: Right
(anonymous) @ hand-tracker.js:641
hand-tracker.js:645 [PINCH] Found user right hand at index 0
(anonymous) @ hand-tracker.js:645
hand-tracker.js:650 DEBUG processPinchToPlay: rightHand found= true hands.length= 1
hand-tracker.js:678 [PINCH] Distance: 0.0227 Threshold: 0.05
processPinchToPlay @ hand-tracker.js:678
hand-tracker.js:694 DEBUG: pinchScreenPos= Object currentSprites.length= 804
hand-tracker.js:701 DEBUG: Raycast intersects= 1
hand-tracker.js:222 [GESTURE] Processing gestures
detectHandsContinuously @ hand-tracker.js:222
hand-tracker.js:228 [PINCH] Checking pinch
detectHandsContinuously @ hand-tracker.js:228
hand-tracker.js:618 [PINCH] Starting pinch detection with 1 hands
processPinchToPlay @ hand-tracker.js:618
hand-tracker.js:624 [PINCH] Hand 0 - handedness: Right
(anonymous) @ hand-tracker.js:624
hand-tracker.js:641 [PINCH] Hand 0 - label: Right
(anonymous) @ hand-tracker.js:641
hand-tracker.js:645 [PINCH] Found user right hand at index 0
(anonymous) @ hand-tracker.js:645
hand-tracker.js:650 DEBUG processPinchToPlay: rightHand found= true hands.length= 1
hand-tracker.js:678 [PINCH] Distance: 0.0378 Threshold: 0.05
processPinchToPlay @ hand-tracker.js:678
hand-tracker.js:694 DEBUG: pinchScreenPos= Object currentSprites.length= 804
hand-tracker.js:701 DEBUG: Raycast intersects= 1
hand-tracker.js:222 [GESTURE] Processing gestures
detectHandsContinuously @ hand-tracker.js:222
hand-tracker.js:228 [PINCH] Checking pinch
detectHandsContinuously @ hand-tracker.js:228
hand-tracker.js:618 [PINCH] Starting pinch detection with 1 hands
processPinchToPlay @ hand-tracker.js:618
hand-tracker.js:624 [PINCH] Hand 0 - handedness: Right
(anonymous) @ hand-tracker.js:624
hand-tracker.js:641 [PINCH] Hand 0 - label: Right
(anonymous) @ hand-tracker.js:641
hand-tracker.js:645 [PINCH] Found user right hand at index 0
(anonymous) @ hand-tracker.js:645
hand-tracker.js:650 DEBUG processPinchToPlay: rightHand found= true hands.length= 1
hand-tracker.js:678 [PINCH] Distance: 0.0368 Threshold: 0.05
processPinchToPlay @ hand-tracker.js:678
hand-tracker.js:694 DEBUG: pinchScreenPos= Object currentSprites.length= 804
hand-tracker.js:701 DEBUG: Raycast intersects= 1
hand-tracker.js:222 [GESTURE] Processing gestures
detectHandsContinuously @ hand-tracker.js:222
hand-tracker.js:228 [PINCH] Checking pinch
detectHandsContinuously @ hand-tracker.js:228
hand-tracker.js:618 [PINCH] Starting pinch detection with 1 hands
processPinchToPlay @ hand-tracker.js:618
hand-tracker.js:624 [PINCH] Hand 0 - handedness: Right
(anonymous) @ hand-tracker.js:624
hand-tracker.js:641 [PINCH] Hand 0 - label: Right
(anonymous) @ hand-tracker.js:641
hand-tracker.js:645 [PINCH] Found user right hand at index 0
(anonymous) @ hand-tracker.js:645
hand-tracker.js:650 DEBUG processPinchToPlay: rightHand found= true hands.length= 1
hand-tracker.js:678 [PINCH] Distance: 0.0228 Threshold: 0.05
processPinchToPlay @ hand-tracker.js:678
hand-tracker.js:694 DEBUG: pinchScreenPos= Object currentSprites.length= 804
hand-tracker.js:701 DEBUG: Raycast intersects= 1
hand-tracker.js:222 [GESTURE] Processing gestures
detectHandsContinuously @ hand-tracker.js:222
hand-tracker.js:228 [PINCH] Checking pinch
detectHandsContinuously @ hand-tracker.js:228
hand-tracker.js:618 [PINCH] Starting pinch detection with 1 hands
processPinchToPlay @ hand-tracker.js:618
hand-tracker.js:624 [PINCH] Hand 0 - handedness: Right
(anonymous) @ hand-tracker.js:624
hand-tracker.js:641 [PINCH] Hand 0 - label: Right
(anonymous) @ hand-tracker.js:641
hand-tracker.js:645 [PINCH] Found user right hand at index 0
(anonymous) @ hand-tracker.js:645
hand-tracker.js:650 DEBUG processPinchToPlay: rightHand found= true hands.length= 1
hand-tracker.js:678 [PINCH] Distance: 0.0305 Threshold: 0.05
processPinchToPlay @ hand-tracker.js:678
hand-tracker.js:694 DEBUG: pinchScreenPos= Object currentSprites.length= 804
hand-tracker.js:701 DEBUG: Raycast intersects= 1
hand-tracker.js:222 [GESTURE] Processing gestures
detectHandsContinuously @ hand-tracker.js:222
hand-tracker.js:228 [PINCH] Checking pinch
detectHandsContinuously @ hand-tracker.js:228
hand-tracker.js:618 [PINCH] Starting pinch detection with 1 hands
processPinchToPlay @ hand-tracker.js:618
hand-tracker.js:624 [PINCH] Hand 0 - handedness: Right
(anonymous) @ hand-tracker.js:624
hand-tracker.js:641 [PINCH] Hand 0 - label: Right
(anonymous) @ hand-tracker.js:641
hand-tracker.js:645 [PINCH] Found user right hand at index 0
(anonymous) @ hand-tracker.js:645
hand-tracker.js:650 DEBUG processPinchToPlay: rightHand found= true hands.length= 1
hand-tracker.js:678 [PINCH] Distance: 0.0274 Threshold: 0.05
processPinchToPlay @ hand-tracker.js:678
hand-tracker.js:694 DEBUG: pinchScreenPos= Object currentSprites.length= 804
hand-tracker.js:701 DEBUG: Raycast intersects= 1
hand-tracker.js:222 [GESTURE] Processing gestures
detectHandsContinuously @ hand-tracker.js:222
hand-tracker.js:228 [PINCH] Checking pinch
detectHandsContinuously @ hand-tracker.js:228
hand-tracker.js:618 [PINCH] Starting pinch detection with 1 hands
processPinchToPlay @ hand-tracker.js:618
hand-tracker.js:624 [PINCH] Hand 0 - handedness: Right
(anonymous) @ hand-tracker.js:624
hand-tracker.js:641 [PINCH] Hand 0 - label: Right
(anonymous) @ hand-tracker.js:641
hand-tracker.js:645 [PINCH] Found user right hand at index 0
(anonymous) @ hand-tracker.js:645
hand-tracker.js:650 DEBUG processPinchToPlay: rightHand found= true hands.length= 1
hand-tracker.js:678 [PINCH] Distance: 0.0279 Threshold: 0.05
processPinchToPlay @ hand-tracker.js:678
hand-tracker.js:694 DEBUG: pinchScreenPos= Object currentSprites.length= 804
hand-tracker.js:701 DEBUG: Raycast intersects= 1
hand-tracker.js:222 [GESTURE] Processing gestures
detectHandsContinuously @ hand-tracker.js:222
hand-tracker.js:228 [PINCH] Checking pinch
detectHandsContinuously @ hand-tracker.js:228
hand-tracker.js:618 [PINCH] Starting pinch detection with 1 hands
processPinchToPlay @ hand-tracker.js:618
hand-tracker.js:624 [PINCH] Hand 0 - handedness: Right
(anonymous) @ hand-tracker.js:624
hand-tracker.js:641 [PINCH] Hand 0 - label: Right
(anonymous) @ hand-tracker.js:641
hand-tracker.js:645 [PINCH] Found user right hand at index 0
(anonymous) @ hand-tracker.js:645
hand-tracker.js:650 DEBUG processPinchToPlay: rightHand found= true hands.length= 1
hand-tracker.js:678 [PINCH] Distance: 0.0205 Threshold: 0.05
processPinchToPlay @ hand-tracker.js:678
hand-tracker.js:694 DEBUG: pinchScreenPos= Object currentSprites.length= 804
hand-tracker.js:701 DEBUG: Raycast intersects= 1
hand-tracker.js:222 [GESTURE] Processing gestures
detectHandsContinuously @ hand-tracker.js:222
hand-tracker.js:228 [PINCH] Checking pinch
detectHandsContinuously @ hand-tracker.js:228
hand-tracker.js:618 [PINCH] Starting pinch detection with 1 hands
processPinchToPlay @ hand-tracker.js:618
hand-tracker.js:624 [PINCH] Hand 0 - handedness: Right
(anonymous) @ hand-tracker.js:624
hand-tracker.js:641 [PINCH] Hand 0 - label: Right
(anonymous) @ hand-tracker.js:641
hand-tracker.js:645 [PINCH] Found user right hand at index 0
(anonymous) @ hand-tracker.js:645
hand-tracker.js:650 DEBUG processPinchToPlay: rightHand found= true hands.length= 1
hand-tracker.js:678 [PINCH] Distance: 0.0212 Threshold: 0.05
processPinchToPlay @ hand-tracker.js:678
hand-tracker.js:694 DEBUG: pinchScreenPos= Object currentSprites.length= 804
hand-tracker.js:701 DEBUG: Raycast intersects= 1
hand-tracker.js:222 [GESTURE] Processing gestures
detectHandsContinuously @ hand-tracker.js:222
hand-tracker.js:228 [PINCH] Checking pinch
detectHandsContinuously @ hand-tracker.js:228
hand-tracker.js:618 [PINCH] Starting pinch detection with 1 hands
processPinchToPlay @ hand-tracker.js:618
hand-tracker.js:624 [PINCH] Hand 0 - handedness: Right
(anonymous) @ hand-tracker.js:624
hand-tracker.js:641 [PINCH] Hand 0 - label: Right
(anonymous) @ hand-tracker.js:641
hand-tracker.js:645 [PINCH] Found user right hand at index 0
(anonymous) @ hand-tracker.js:645
hand-tracker.js:650 DEBUG processPinchToPlay: rightHand found= true hands.length= 1
hand-tracker.js:678 [PINCH] Distance: 0.0271 Threshold: 0.05
processPinchToPlay @ hand-tracker.js:678
hand-tracker.js:694 DEBUG: pinchScreenPos= Object currentSprites.length= 804
hand-tracker.js:701 DEBUG: Raycast intersects= 1
hand-tracker.js:222 [GESTURE] Processing gestures
detectHandsContinuously @ hand-tracker.js:222
hand-tracker.js:228 [PINCH] Checking pinch
detectHandsContinuously @ hand-tracker.js:228
hand-tracker.js:618 [PINCH] Starting pinch detection with 1 hands
processPinchToPlay @ hand-tracker.js:618
hand-tracker.js:624 [PINCH] Hand 0 - handedness: Right
(anonymous) @ hand-tracker.js:624
hand-tracker.js:641 [PINCH] Hand 0 - label: Right
(anonymous) @ hand-tracker.js:641
hand-tracker.js:645 [PINCH] Found user right hand at index 0
(anonymous) @ hand-tracker.js:645
hand-tracker.js:650 DEBUG processPinchToPlay: rightHand found= true hands.length= 1
hand-tracker.js:678 [PINCH] Distance: 0.0278 Threshold: 0.05
processPinchToPlay @ hand-tracker.js:678
hand-tracker.js:694 DEBUG: pinchScreenPos= Object currentSprites.length= 804
hand-tracker.js:701 DEBUG: Raycast intersects= 1
hand-tracker.js:222 [GESTURE] Processing gestures
detectHandsContinuously @ hand-tracker.js:222
hand-tracker.js:228 [PINCH] Checking pinch
detectHandsContinuously @ hand-tracker.js:228
hand-tracker.js:618 [PINCH] Starting pinch detection with 1 hands
processPinchToPlay @ hand-tracker.js:618
hand-tracker.js:624 [PINCH] Hand 0 - handedness: Right
(anonymous) @ hand-tracker.js:624
hand-tracker.js:641 [PINCH] Hand 0 - label: Right
(anonymous) @ hand-tracker.js:641
hand-tracker.js:645 [PINCH] Found user right hand at index 0
(anonymous) @ hand-tracker.js:645
hand-tracker.js:650 DEBUG processPinchToPlay: rightHand found= true hands.length= 1
hand-tracker.js:678 [PINCH] Distance: 0.0282 Threshold: 0.05
processPinchToPlay @ hand-tracker.js:678
hand-tracker.js:694 DEBUG: pinchScreenPos= Object currentSprites.length= 804
hand-tracker.js:701 DEBUG: Raycast intersects= 1
hand-tracker.js:222 [GESTURE] Processing gestures
detectHandsContinuously @ hand-tracker.js:222
hand-tracker.js:228 [PINCH] Checking pinch
detectHandsContinuously @ hand-tracker.js:228
hand-tracker.js:618 [PINCH] Starting pinch detection with 1 hands
processPinchToPlay @ hand-tracker.js:618
hand-tracker.js:624 [PINCH] Hand 0 - handedness: Right
(anonymous) @ hand-tracker.js:624
hand-tracker.js:641 [PINCH] Hand 0 - label: Right
(anonymous) @ hand-tracker.js:641
hand-tracker.js:645 [PINCH] Found user right hand at index 0
(anonymous) @ hand-tracker.js:645
hand-tracker.js:650 DEBUG processPinchToPlay: rightHand found= true hands.length= 1
hand-tracker.js:678 [PINCH] Distance: 0.0285 Threshold: 0.05
processPinchToPlay @ hand-tracker.js:678
hand-tracker.js:694 DEBUG: pinchScreenPos= Object currentSprites.length= 804
hand-tracker.js:701 DEBUG: Raycast intersects= 1
hand-tracker.js:222 [GESTURE] Processing gestures
detectHandsContinuously @ hand-tracker.js:222
hand-tracker.js:228 [PINCH] Checking pinch
detectHandsContinuously @ hand-tracker.js:228
hand-tracker.js:618 [PINCH] Starting pinch detection with 1 hands
processPinchToPlay @ hand-tracker.js:618
hand-tracker.js:624 [PINCH] Hand 0 - handedness: Right
(anonymous) @ hand-tracker.js:624
hand-tracker.js:641 [PINCH] Hand 0 - label: Right
(anonymous) @ hand-tracker.js:641
hand-tracker.js:645 [PINCH] Found user right hand at index 0
(anonymous) @ hand-tracker.js:645
hand-tracker.js:650 DEBUG processPinchToPlay: rightHand found= true hands.length= 1
hand-tracker.js:678 [PINCH] Distance: 0.0264 Threshold: 0.05
processPinchToPlay @ hand-tracker.js:678
hand-tracker.js:694 DEBUG: pinchScreenPos= Object currentSprites.length= 804
hand-tracker.js:701 DEBUG: Raycast intersects= 1
hand-tracker.js:222 [GESTURE] Processing gestures
detectHandsContinuously @ hand-tracker.js:222
hand-tracker.js:228 [PINCH] Checking pinch
detectHandsContinuously @ hand-tracker.js:228
hand-tracker.js:618 [PINCH] Starting pinch detection with 1 hands
processPinchToPlay @ hand-tracker.js:618
hand-tracker.js:624 [PINCH] Hand 0 - handedness: Right
(anonymous) @ hand-tracker.js:624
hand-tracker.js:641 [PINCH] Hand 0 - label: Right
(anonymous) @ hand-tracker.js:641
hand-tracker.js:645 [PINCH] Found user right hand at index 0
(anonymous) @ hand-tracker.js:645
hand-tracker.js:650 DEBUG processPinchToPlay: rightHand found= true hands.length= 1
hand-tracker.js:678 [PINCH] Distance: 0.0278 Threshold: 0.05
processPinchToPlay @ hand-tracker.js:678
hand-tracker.js:694 DEBUG: pinchScreenPos= Object currentSprites.length= 804
hand-tracker.js:701 DEBUG: Raycast intersects= 1
hand-tracker.js:222 [GESTURE] Processing gestures
detectHandsContinuously @ hand-tracker.js:222
hand-tracker.js:228 [PINCH] Checking pinch
detectHandsContinuously @ hand-tracker.js:228
hand-tracker.js:618 [PINCH] Starting pinch detection with 1 hands
processPinchToPlay @ hand-tracker.js:618
hand-tracker.js:624 [PINCH] Hand 0 - handedness: Right
(anonymous) @ hand-tracker.js:624
hand-tracker.js:641 [PINCH] Hand 0 - label: Right
(anonymous) @ hand-tracker.js:641
hand-tracker.js:645 [PINCH] Found user right hand at index 0
(anonymous) @ hand-tracker.js:645
hand-tracker.js:650 DEBUG processPinchToPlay: rightHand found= true hands.length= 1
hand-tracker.js:678 [PINCH] Distance: 0.0285 Threshold: 0.05
processPinchToPlay @ hand-tracker.js:678
hand-tracker.js:694 DEBUG: pinchScreenPos= Object currentSprites.length= 804
hand-tracker.js:701 DEBUG: Raycast intersects= 1
hand-tracker.js:222 [GESTURE] Processing gestures
detectHandsContinuously @ hand-tracker.js:222
hand-tracker.js:228 [PINCH] Checking pinch
detectHandsContinuously @ hand-tracker.js:228
hand-tracker.js:618 [PINCH] Starting pinch detection with 1 hands
processPinchToPlay @ hand-tracker.js:618
hand-tracker.js:624 [PINCH] Hand 0 - handedness: Right
(anonymous) @ hand-tracker.js:624
hand-tracker.js:641 [PINCH] Hand 0 - label: Right
(anonymous) @ hand-tracker.js:641
hand-tracker.js:645 [PINCH] Found user right hand at index 0
(anonymous) @ hand-tracker.js:645
hand-tracker.js:650 DEBUG processPinchToPlay: rightHand found= true hands.length= 1
hand-tracker.js:678 [PINCH] Distance: 0.0268 Threshold: 0.05
processPinchToPlay @ hand-tracker.js:678
hand-tracker.js:694 DEBUG: pinchScreenPos= Object currentSprites.length= 804
hand-tracker.js:701 DEBUG: Raycast intersects= 1
hand-tracker.js:222 [GESTURE] Processing gestures
detectHandsContinuously @ hand-tracker.js:222
hand-tracker.js:228 [PINCH] Checking pinch
detectHandsContinuously @ hand-tracker.js:228
hand-tracker.js:618 [PINCH] Starting pinch detection with 1 hands
processPinchToPlay @ hand-tracker.js:618
hand-tracker.js:624 [PINCH] Hand 0 - handedness: Right
(anonymous) @ hand-tracker.js:624
hand-tracker.js:641 [PINCH] Hand 0 - label: Right
(anonymous) @ hand-tracker.js:641
hand-tracker.js:645 [PINCH] Found user right hand at index 0
(anonymous) @ hand-tracker.js:645
hand-tracker.js:650 DEBUG processPinchToPlay: rightHand found= true hands.length= 1
hand-tracker.js:678 [PINCH] Distance: 0.0235 Threshold: 0.05
processPinchToPlay @ hand-tracker.js:678
hand-tracker.js:694 DEBUG: pinchScreenPos= Object currentSprites.length= 804
hand-tracker.js:701 DEBUG: Raycast intersects= 1
hand-tracker.js:222 [GESTURE] Processing gestures
detectHandsContinuously @ hand-tracker.js:222
hand-tracker.js:228 [PINCH] Checking pinch
detectHandsContinuously @ hand-tracker.js:228
hand-tracker.js:618 [PINCH] Starting pinch detection with 1 hands
processPinchToPlay @ hand-tracker.js:618
hand-tracker.js:624 [PINCH] Hand 0 - handedness: Right
(anonymous) @ hand-tracker.js:624
hand-tracker.js:641 [PINCH] Hand 0 - label: Right
(anonymous) @ hand-tracker.js:641
hand-tracker.js:645 [PINCH] Found user right hand at index 0
(anonymous) @ hand-tracker.js:645
hand-tracker.js:650 DEBUG processPinchToPlay: rightHand found= true hands.length= 1
hand-tracker.js:678 [PINCH] Distance: 0.0234 Threshold: 0.05
processPinchToPlay @ hand-tracker.js:678
hand-tracker.js:694 DEBUG: pinchScreenPos= Object currentSprites.length= 804
hand-tracker.js:701 DEBUG: Raycast intersects= 1
hand-tracker.js:222 [GESTURE] Processing gestures
detectHandsContinuously @ hand-tracker.js:222
hand-tracker.js:228 [PINCH] Checking pinch
detectHandsContinuously @ hand-tracker.js:228
hand-tracker.js:618 [PINCH] Starting pinch detection with 1 hands
processPinchToPlay @ hand-tracker.js:618
hand-tracker.js:624 [PINCH] Hand 0 - handedness: Right
(anonymous) @ hand-tracker.js:624
hand-tracker.js:641 [PINCH] Hand 0 - label: Right
(anonymous) @ hand-tracker.js:641
hand-tracker.js:645 [PINCH] Found user right hand at index 0
(anonymous) @ hand-tracker.js:645
hand-tracker.js:650 DEBUG processPinchToPlay: rightHand found= true hands.length= 1
hand-tracker.js:678 [PINCH] Distance: 0.0296 Threshold: 0.05
processPinchToPlay @ hand-tracker.js:678
hand-tracker.js:694 DEBUG: pinchScreenPos= Object currentSprites.length= 804
hand-tracker.js:701 DEBUG: Raycast intersects= 1
hand-tracker.js:222 [GESTURE] Processing gestures
detectHandsContinuously @ hand-tracker.js:222
hand-tracker.js:228 [PINCH] Checking pinch
detectHandsContinuously @ hand-tracker.js:228
hand-tracker.js:618 [PINCH] Starting pinch detection with 1 hands
processPinchToPlay @ hand-tracker.js:618
hand-tracker.js:624 [PINCH] Hand 0 - handedness: Right
(anonymous) @ hand-tracker.js:624
hand-tracker.js:641 [PINCH] Hand 0 - label: Right
(anonymous) @ hand-tracker.js:641
hand-tracker.js:645 [PINCH] Found user right hand at index 0
(anonymous) @ hand-tracker.js:645
hand-tracker.js:650 DEBUG processPinchToPlay: rightHand found= true hands.length= 1
hand-tracker.js:678 [PINCH] Distance: 0.0323 Threshold: 0.05
processPinchToPlay @ hand-tracker.js:678
hand-tracker.js:694 DEBUG: pinchScreenPos= Object currentSprites.length= 804
hand-tracker.js:701 DEBUG: Raycast intersects= 1
hand-tracker.js:222 [GESTURE] Processing gestures
detectHandsContinuously @ hand-tracker.js:222
hand-tracker.js:228 [PINCH] Checking pinch
detectHandsContinuously @ hand-tracker.js:228
hand-tracker.js:618 [PINCH] Starting pinch detection with 1 hands
processPinchToPlay @ hand-tracker.js:618
hand-tracker.js:624 [PINCH] Hand 0 - handedness: Right
(anonymous) @ hand-tracker.js:624
hand-tracker.js:641 [PINCH] Hand 0 - label: Right
(anonymous) @ hand-tracker.js:641
hand-tracker.js:645 [PINCH] Found user right hand at index 0
(anonymous) @ hand-tracker.js:645
hand-tracker.js:650 DEBUG processPinchToPlay: rightHand found= true hands.length= 1
hand-tracker.js:678 [PINCH] Distance: 0.0269 Threshold: 0.05
processPinchToPlay @ hand-tracker.js:678
hand-tracker.js:694 DEBUG: pinchScreenPos= Object currentSprites.length= 804
hand-tracker.js:701 DEBUG: Raycast intersects= 1
hand-tracker.js:222 [GESTURE] Processing gestures
detectHandsContinuously @ hand-tracker.js:222
hand-tracker.js:228 [PINCH] Checking pinch
detectHandsContinuously @ hand-tracker.js:228
hand-tracker.js:618 [PINCH] Starting pinch detection with 1 hands
processPinchToPlay @ hand-tracker.js:618
hand-tracker.js:624 [PINCH] Hand 0 - handedness: Right
(anonymous) @ hand-tracker.js:624
hand-tracker.js:641 [PINCH] Hand 0 - label: Right
(anonymous) @ hand-tracker.js:641
hand-tracker.js:645 [PINCH] Found user right hand at index 0
(anonymous) @ hand-tracker.js:645
hand-tracker.js:650 DEBUG processPinchToPlay: rightHand found= true hands.length= 1
hand-tracker.js:678 [PINCH] Distance: 0.0342 Threshold: 0.05
processPinchToPlay @ hand-tracker.js:678
hand-tracker.js:694 DEBUG: pinchScreenPos= Object currentSprites.length= 804
hand-tracker.js:701 DEBUG: Raycast intersects= 1
hand-tracker.js:212 [HANDS] Detected: 1 hands | controls: true isShiftHeld: true
detectHandsContinuously @ hand-tracker.js:212
hand-tracker.js:222 [GESTURE] Processing gestures
detectHandsContinuously @ hand-tracker.js:222
hand-tracker.js:228 [PINCH] Checking pinch
detectHandsContinuously @ hand-tracker.js:228
hand-tracker.js:618 [PINCH] Starting pinch detection with 1 hands
processPinchToPlay @ hand-tracker.js:618
hand-tracker.js:624 [PINCH] Hand 0 - handedness: Right
(anonymous) @ hand-tracker.js:624
hand-tracker.js:641 [PINCH] Hand 0 - label: Right
(anonymous) @ hand-tracker.js:641
hand-tracker.js:645 [PINCH] Found user right hand at index 0
(anonymous) @ hand-tracker.js:645
hand-tracker.js:650 DEBUG processPinchToPlay: rightHand found= true hands.length= 1
hand-tracker.js:678 [PINCH] Distance: 0.0303 Threshold: 0.05
processPinchToPlay @ hand-tracker.js:678
hand-tracker.js:694 DEBUG: pinchScreenPos= Object currentSprites.length= 804
hand-tracker.js:701 DEBUG: Raycast intersects= 1
hand-tracker.js:222 [GESTURE] Processing gestures
detectHandsContinuously @ hand-tracker.js:222
hand-tracker.js:228 [PINCH] Checking pinch
detectHandsContinuously @ hand-tracker.js:228
hand-tracker.js:618 [PINCH] Starting pinch detection with 1 hands
processPinchToPlay @ hand-tracker.js:618
hand-tracker.js:624 [PINCH] Hand 0 - handedness: Right
(anonymous) @ hand-tracker.js:624
hand-tracker.js:641 [PINCH] Hand 0 - label: Right
(anonymous) @ hand-tracker.js:641
hand-tracker.js:645 [PINCH] Found user right hand at index 0
(anonymous) @ hand-tracker.js:645
hand-tracker.js:650 DEBUG processPinchToPlay: rightHand found= true hands.length= 1
hand-tracker.js:678 [PINCH] Distance: 0.0422 Threshold: 0.05
processPinchToPlay @ hand-tracker.js:678
hand-tracker.js:694 DEBUG: pinchScreenPos= Object currentSprites.length= 804
hand-tracker.js:701 DEBUG: Raycast intersects= 1
hand-tracker.js:222 [GESTURE] Processing gestures
detectHandsContinuously @ hand-tracker.js:222
hand-tracker.js:228 [PINCH] Checking pinch
detectHandsContinuously @ hand-tracker.js:228
hand-tracker.js:618 [PINCH] Starting pinch detection with 1 hands
processPinchToPlay @ hand-tracker.js:618
hand-tracker.js:624 [PINCH] Hand 0 - handedness: Right
(anonymous) @ hand-tracker.js:624
hand-tracker.js:641 [PINCH] Hand 0 - label: Right
(anonymous) @ hand-tracker.js:641
hand-tracker.js:645 [PINCH] Found user right hand at index 0
(anonymous) @ hand-tracker.js:645
hand-tracker.js:650 DEBUG processPinchToPlay: rightHand found= true hands.length= 1
hand-tracker.js:678 [PINCH] Distance: 0.0425 Threshold: 0.05
processPinchToPlay @ hand-tracker.js:678
hand-tracker.js:694 DEBUG: pinchScreenPos= Object currentSprites.length= 804
hand-tracker.js:701 DEBUG: Raycast intersects= 1
hand-tracker.js:212 [HANDS] Detected: 0 hands | controls: true isShiftHeld: true
detectHandsContinuously @ hand-tracker.js:212
midi-output.js:298 Attempting to release all MPE notes. Current midiOutput: null
midi-output.js:300 No MIDI output selected or available. Cannot release all MPE notes.
releaseAllMpeNotes @ midi-output.js:300
hand-tracker.js:212 [HANDS] Detected: 0 hands | controls: true isShiftHeld: true
detectHandsContinuously @ hand-tracker.js:212
hand-tracker.js:212 [HANDS] Detected: 0 hands | controls: true isShiftHeld: true
detectHandsContinuously @ hand-tracker.js:212
hand-tracker.js:212 [HANDS] Detected: 0 hands | controls: true isShiftHeld: true
detectHandsContinuously @ hand-tracker.js:212
hand-tracker.js:212 [HANDS] Detected: 0 hands | controls: true isShiftHeld: true
detectHandsContinuously @ hand-tracker.js:212
hand-tracker.js:170 Webcam stream stopped.
hand-tracker.js:181 Hand tracking stopped.
midi-output.js:298 Attempting to release all MPE notes. Current midiOutput: null
midi-output.js:300 No MIDI output selected or available. Cannot release all MPE notes.
releaseAllMpeNotes @ midi-output.js:300
midi-output.js:298 Attempting to release all MPE notes. Current midiOutput: null
midi-output.js:300 No MIDI output selected or available. Cannot release all MPE notes.
releaseAllMpeNotes @ midi-output.js:300
midi-output.js:298 Attempting to release all MPE notes. Current midiOutput: null
midi-output.js:300 No MIDI output selected or available. Cannot release all MPE notes.
releaseAllMpeNotes @ midi-output.js:300
