 [GESTURE] Executing two-hand gestures (zoom & rotation)
processHandGestures @ hand-tracker.js:574
 Two-hand zoom: deltaDistance= -0.0035370231931169255 lastDistance= 0.04120083940528539 currentDistance= 0.037663816212168466
 [HOLD_DEBUG] Two-hand zoom: deltaDistance= -0.0035 zoomHoldStartThreshold= 0.005
 Two-hand rotation: deltaX= 0.0015303362160921097 deltaY= 0.0006367489695549011 leftWrist= Vector3 rightWrist= Vector3
 [PINCH] Checking pinch
detectHandsContinuously @ hand-tracker.js:222
 [PINCH] Starting pinch detection with 2 hands
processPinchToPlay @ hand-tracker.js:610
 [PINCH] Hand 0 - handedness: Left
(anonymous) @ hand-tracker.js:616
 [PINCH] Hand 0 - label: Left
(anonymous) @ hand-tracker.js:633
 [PINCH] Hand 1 - handedness: Right
(anonymous) @ hand-tracker.js:616
 [PINCH] Hand 1 - label: Right
(anonymous) @ hand-tracker.js:633
 [PINCH] Found user right hand at index 1
(anonymous) @ hand-tracker.js:637
 DEBUG processPinchToPlay: rightHand found= true hands.length= 2
 [PINCH] Distance: 0.0521 Threshold: 0.05
processPinchToPlay @ hand-tracker.js:670
 [GESTURE] Processing gestures
detectHandsContinuously @ hand-tracker.js:216
 [GESTURE] Processing hand gestures with 2 hands
processHandGestures @ hand-tracker.js:536
 [GESTURE] Hand 0 - handedness: Left keypoints3D: 21
(anonymous) @ hand-tracker.js:542
 [GESTURE] Hand 0 - label: Left lowercase: left
(anonymous) @ hand-tracker.js:559
 [GESTURE] Assigned hand 0 to leftHand
(anonymous) @ hand-tracker.js:566
 [GESTURE] Hand 1 - handedness: Right keypoints3D: 21
(anonymous) @ hand-tracker.js:542
 [GESTURE] Hand 1 - label: Right lowercase: right
(anonymous) @ hand-tracker.js:559
 [GESTURE] Assigned hand 1 to rightHand
(anonymous) @ hand-tracker.js:563
 [GESTURE] leftHand: true rightHand: true
processHandGestures @ hand-tracker.js:571
 [GESTURE] Executing two-hand gestures (zoom & rotation)
processHandGestures @ hand-tracker.js:574
 Two-hand zoom: deltaDistance= 0.0003996044435158469 lastDistance= 0.037663816212168466 currentDistance= 0.03806342065568431
 [HOLD_DEBUG] Two-hand zoom: deltaDistance= 0.0004 zoomHoldStartThreshold= 0.005
 Two-hand rotation: deltaX= -0.0013405410572886467 deltaY= -0.0000011175870895385742 leftWrist= Vector3 rightWrist= Vector3
 [PINCH] Checking pinch
detectHandsContinuously @ hand-tracker.js:222
 [PINCH] Starting pinch detection with 2 hands
processPinchToPlay @ hand-tracker.js:610
 [PINCH] Hand 0 - handedness: Left
(anonymous) @ hand-tracker.js:616
 [PINCH] Hand 0 - label: Left
(anonymous) @ hand-tracker.js:633
 [PINCH] Hand 1 - handedness: Right
(anonymous) @ hand-tracker.js:616
 [PINCH] Hand 1 - label: Right
(anonymous) @ hand-tracker.js:633
 [PINCH] Found user right hand at index 1
(anonymous) @ hand-tracker.js:637
 DEBUG processPinchToPlay: rightHand found= true hands.length= 2
 [PINCH] Distance: 0.0503 Threshold: 0.05
processPinchToPlay @ hand-tracker.js:670
 [GESTURE] Processing gestures
detectHandsContinuously @ hand-tracker.js:216
 [GESTURE] Processing hand gestures with 2 hands
processHandGestures @ hand-tracker.js:536
 [GESTURE] Hand 0 - handedness: Left keypoints3D: 21
(anonymous) @ hand-tracker.js:542
 [GESTURE] Hand 0 - label: Left lowercase: left
(anonymous) @ hand-tracker.js:559
 [GESTURE] Assigned hand 0 to leftHand
(anonymous) @ hand-tracker.js:566
 [GESTURE] Hand 1 - handedness: Right keypoints3D: 21
(anonymous) @ hand-tracker.js:542
 [GESTURE] Hand 1 - label: Right lowercase: right
(anonymous) @ hand-tracker.js:559
 [GESTURE] Assigned hand 1 to rightHand
(anonymous) @ hand-tracker.js:563
 [GESTURE] leftHand: true rightHand: true
processHandGestures @ hand-tracker.js:571
 [GESTURE] Executing two-hand gestures (zoom & rotation)
processHandGestures @ hand-tracker.js:574
 Two-hand zoom: deltaDistance= 0.00037359213040857875 lastDistance= 0.03806342065568431 currentDistance= 0.03843701278609289
 [HOLD_DEBUG] Two-hand zoom: deltaDistance= 0.0004 zoomHoldStartThreshold= 0.005
 Two-hand rotation: deltaX= -0.0006214911118149757 deltaY= -0.000653829425573349 leftWrist= Vector3 rightWrist= Vector3
 [PINCH] Checking pinch
detectHandsContinuously @ hand-tracker.js:222
 [PINCH] Starting pinch detection with 2 hands
processPinchToPlay @ hand-tracker.js:610
 [PINCH] Hand 0 - handedness: Left
(anonymous) @ hand-tracker.js:616
 [PINCH] Hand 0 - label: Left
(anonymous) @ hand-tracker.js:633
 [PINCH] Hand 1 - handedness: Right
(anonymous) @ hand-tracker.js:616
 [PINCH] Hand 1 - label: Right
(anonymous) @ hand-tracker.js:633
 [PINCH] Found user right hand at index 1
(anonymous) @ hand-tracker.js:637
 DEBUG processPinchToPlay: rightHand found= true hands.length= 2
 [PINCH] Distance: 0.0502 Threshold: 0.05
processPinchToPlay @ hand-tracker.js:670
 [GESTURE] Processing gestures
detectHandsContinuously @ hand-tracker.js:216
 [GESTURE] Processing hand gestures with 2 hands
processHandGestures @ hand-tracker.js:536
 [GESTURE] Hand 0 - handedness: Left keypoints3D: 21
(anonymous) @ hand-tracker.js:542
 [GESTURE] Hand 0 - label: Left lowercase: left
(anonymous) @ hand-tracker.js:559
 [GESTURE] Assigned hand 0 to leftHand
(anonymous) @ hand-tracker.js:566
 [GESTURE] Hand 1 - handedness: Right keypoints3D: 21
(anonymous) @ hand-tracker.js:542
 [GESTURE] Hand 1 - label: Right lowercase: right
(anonymous) @ hand-tracker.js:559
 [GESTURE] Assigned hand 1 to rightHand
(anonymous) @ hand-tracker.js:563
 [GESTURE] leftHand: true rightHand: true
processHandGestures @ hand-tracker.js:571
 [GESTURE] Executing two-hand gestures (zoom & rotation)
processHandGestures @ hand-tracker.js:574
 Two-hand zoom: deltaDistance= 0.0002799959304574662 lastDistance= 0.03843701278609289 currentDistance= 0.03871700871655036
 [HOLD_DEBUG] Two-hand zoom: deltaDistance= 0.0003 zoomHoldStartThreshold= 0.005
 Two-hand rotation: deltaX= 0.00014954805374145508 deltaY= 0.00015724822878837585 leftWrist= Vector3 rightWrist= Vector3
 [PINCH] Checking pinch
detectHandsContinuously @ hand-tracker.js:222
 [PINCH] Starting pinch detection with 2 hands
processPinchToPlay @ hand-tracker.js:610
 [PINCH] Hand 0 - handedness: Left
(anonymous) @ hand-tracker.js:616
 [PINCH] Hand 0 - label: Left
(anonymous) @ hand-tracker.js:633
 [PINCH] Hand 1 - handedness: Right
(anonymous) @ hand-tracker.js:616
 [PINCH] Hand 1 - label: Right
(anonymous) @ hand-tracker.js:633
 [PINCH] Found user right hand at index 1
(anonymous) @ hand-tracker.js:637
 DEBUG processPinchToPlay: rightHand found= true hands.length= 2
 [PINCH] Distance: 0.0507 Threshold: 0.05
processPinchToPlay @ hand-tracker.js:670
 [GESTURE] Processing gestures
detectHandsContinuously @ hand-tracker.js:216
 [GESTURE] Processing hand gestures with 2 hands
processHandGestures @ hand-tracker.js:536
 [GESTURE] Hand 0 - handedness: Left keypoints3D: 21
(anonymous) @ hand-tracker.js:542
 [GESTURE] Hand 0 - label: Left lowercase: left
(anonymous) @ hand-tracker.js:559
 [GESTURE] Assigned hand 0 to leftHand
(anonymous) @ hand-tracker.js:566
 [GESTURE] Hand 1 - handedness: Right keypoints3D: 21
(anonymous) @ hand-tracker.js:542
 [GESTURE] Hand 1 - label: Right lowercase: right
(anonymous) @ hand-tracker.js:559
 [GESTURE] Assigned hand 1 to rightHand
(anonymous) @ hand-tracker.js:563
 [GESTURE] leftHand: true rightHand: true
processHandGestures @ hand-tracker.js:571
 [GESTURE] Executing two-hand gestures (zoom & rotation)
processHandGestures @ hand-tracker.js:574
 Two-hand zoom: deltaDistance= 0.004626044889626382 lastDistance= 0.03871700871655036 currentDistance= 0.04334305360617674
 [HOLD_DEBUG] Two-hand zoom: deltaDistance= 0.0046 zoomHoldStartThreshold= 0.005
 Two-hand rotation: deltaX= 0.00026624370366334915 deltaY= 0.00044992193579673767 leftWrist= Vector3 rightWrist= Vector3
 [PINCH] Checking pinch
detectHandsContinuously @ hand-tracker.js:222
 [PINCH] Starting pinch detection with 2 hands
processPinchToPlay @ hand-tracker.js:610
 [PINCH] Hand 0 - handedness: Left
(anonymous) @ hand-tracker.js:616
 [PINCH] Hand 0 - label: Left
(anonymous) @ hand-tracker.js:633
 [PINCH] Hand 1 - handedness: Right
(anonymous) @ hand-tracker.js:616
 [PINCH] Hand 1 - label: Right
(anonymous) @ hand-tracker.js:633
 [PINCH] Found user right hand at index 1
(anonymous) @ hand-tracker.js:637
 DEBUG processPinchToPlay: rightHand found= true hands.length= 2
 [PINCH] Distance: 0.0513 Threshold: 0.05
processPinchToPlay @ hand-tracker.js:670
 [GESTURE] Processing gestures
detectHandsContinuously @ hand-tracker.js:216
 [GESTURE] Processing hand gestures with 2 hands
processHandGestures @ hand-tracker.js:536
 [GESTURE] Hand 0 - handedness: Left keypoints3D: 21
(anonymous) @ hand-tracker.js:542
 [GESTURE] Hand 0 - label: Left lowercase: left
(anonymous) @ hand-tracker.js:559
 [GESTURE] Assigned hand 0 to leftHand
(anonymous) @ hand-tracker.js:566
 [GESTURE] Hand 1 - handedness: Right keypoints3D: 21
(anonymous) @ hand-tracker.js:542
 [GESTURE] Hand 1 - label: Right lowercase: right
(anonymous) @ hand-tracker.js:559
 [GESTURE] Assigned hand 1 to rightHand
(anonymous) @ hand-tracker.js:563
 [GESTURE] leftHand: true rightHand: true
processHandGestures @ hand-tracker.js:571
 [GESTURE] Executing two-hand gestures (zoom & rotation)
processHandGestures @ hand-tracker.js:574
 Two-hand zoom: deltaDistance= -0.0014218720259907697 lastDistance= 0.04334305360617674 currentDistance= 0.04192118158018597
 [HOLD_DEBUG] Two-hand zoom: deltaDistance= -0.0014 zoomHoldStartThreshold= 0.005
 Two-hand rotation: deltaX= 0.0005753301084041595 deltaY= -0.00035094842314720154 leftWrist= Vector3 rightWrist= Vector3
 [PINCH] Checking pinch
detectHandsContinuously @ hand-tracker.js:222
 [PINCH] Starting pinch detection with 2 hands
processPinchToPlay @ hand-tracker.js:610
 [PINCH] Hand 0 - handedness: Left
(anonymous) @ hand-tracker.js:616
 [PINCH] Hand 0 - label: Left
(anonymous) @ hand-tracker.js:633
 [PINCH] Hand 1 - handedness: Right
(anonymous) @ hand-tracker.js:616
 [PINCH] Hand 1 - label: Right
(anonymous) @ hand-tracker.js:633
 [PINCH] Found user right hand at index 1
(anonymous) @ hand-tracker.js:637
 DEBUG processPinchToPlay: rightHand found= true hands.length= 2
 [PINCH] Distance: 0.0512 Threshold: 0.05
processPinchToPlay @ hand-tracker.js:670
 [GESTURE] Processing gestures
detectHandsContinuously @ hand-tracker.js:216
 [GESTURE] Processing hand gestures with 2 hands
processHandGestures @ hand-tracker.js:536
 [GESTURE] Hand 0 - handedness: Left keypoints3D: 21
(anonymous) @ hand-tracker.js:542
 [GESTURE] Hand 0 - label: Left lowercase: left
(anonymous) @ hand-tracker.js:559
 [GESTURE] Assigned hand 0 to leftHand
(anonymous) @ hand-tracker.js:566
 [GESTURE] Hand 1 - handedness: Right keypoints3D: 21
(anonymous) @ hand-tracker.js:542
 [GESTURE] Hand 1 - label: Right lowercase: right
(anonymous) @ hand-tracker.js:559
 [GESTURE] Assigned hand 1 to rightHand
(anonymous) @ hand-tracker.js:563
 [GESTURE] leftHand: true rightHand: true
processHandGestures @ hand-tracker.js:571
 [GESTURE] Executing two-hand gestures (zoom & rotation)
processHandGestures @ hand-tracker.js:574
 Two-hand zoom: deltaDistance= -0.0015900875470183373 lastDistance= 0.04192118158018597 currentDistance= 0.04033109403316763
 [HOLD_DEBUG] Two-hand zoom: deltaDistance= -0.0016 zoomHoldStartThreshold= 0.005
 Two-hand rotation: deltaX= -0.0008784998208284378 deltaY= -0.0008812807500362396 leftWrist= Vector3 rightWrist= Vector3
 [PINCH] Checking pinch
detectHandsContinuously @ hand-tracker.js:222
 [PINCH] Starting pinch detection with 2 hands
processPinchToPlay @ hand-tracker.js:610
 [PINCH] Hand 0 - handedness: Left
(anonymous) @ hand-tracker.js:616
 [PINCH] Hand 0 - label: Left
(anonymous) @ hand-tracker.js:633
 [PINCH] Hand 1 - handedness: Right
(anonymous) @ hand-tracker.js:616
 [PINCH] Hand 1 - label: Right
(anonymous) @ hand-tracker.js:633
 [PINCH] Found user right hand at index 1
(anonymous) @ hand-tracker.js:637
 DEBUG processPinchToPlay: rightHand found= true hands.length= 2
 [PINCH] Distance: 0.0520 Threshold: 0.05
processPinchToPlay @ hand-tracker.js:670
 [GESTURE] Processing gestures
detectHandsContinuously @ hand-tracker.js:216
 [GESTURE] Processing hand gestures with 2 hands
processHandGestures @ hand-tracker.js:536
 [GESTURE] Hand 0 - handedness: Left keypoints3D: 21
(anonymous) @ hand-tracker.js:542
 [GESTURE] Hand 0 - label: Left lowercase: left
(anonymous) @ hand-tracker.js:559
 [GESTURE] Assigned hand 0 to leftHand
(anonymous) @ hand-tracker.js:566
 [GESTURE] Hand 1 - handedness: Right keypoints3D: 21
(anonymous) @ hand-tracker.js:542
 [GESTURE] Hand 1 - label: Right lowercase: right
(anonymous) @ hand-tracker.js:559
 [GESTURE] Assigned hand 1 to rightHand
(anonymous) @ hand-tracker.js:563
 [GESTURE] leftHand: true rightHand: true
processHandGestures @ hand-tracker.js:571
 [GESTURE] Executing two-hand gestures (zoom & rotation)
processHandGestures @ hand-tracker.js:574
 Two-hand zoom: deltaDistance= 0.0013503679809052857 lastDistance= 0.04033109403316763 currentDistance= 0.04168146201407292
 [HOLD_DEBUG] Two-hand zoom: deltaDistance= 0.0014 zoomHoldStartThreshold= 0.005
 Two-hand rotation: deltaX= 0.0004596402868628502 deltaY= -0.00012921541929244995 leftWrist= Vector3 rightWrist= Vector3
 [PINCH] Checking pinch
detectHandsContinuously @ hand-tracker.js:222
 [PINCH] Starting pinch detection with 2 hands
processPinchToPlay @ hand-tracker.js:610
 [PINCH] Hand 0 - handedness: Left
(anonymous) @ hand-tracker.js:616
 [PINCH] Hand 0 - label: Left
(anonymous) @ hand-tracker.js:633
 [PINCH] Hand 1 - handedness: Right
(anonymous) @ hand-tracker.js:616
 [PINCH] Hand 1 - label: Right
(anonymous) @ hand-tracker.js:633
 [PINCH] Found user right hand at index 1
(anonymous) @ hand-tracker.js:637
 DEBUG processPinchToPlay: rightHand found= true hands.length= 2
 [PINCH] Distance: 0.0523 Threshold: 0.05
processPinchToPlay @ hand-tracker.js:670
 [GESTURE] Processing gestures
detectHandsContinuously @ hand-tracker.js:216
 [GESTURE] Processing hand gestures with 2 hands
processHandGestures @ hand-tracker.js:536
 [GESTURE] Hand 0 - handedness: Left keypoints3D: 21
(anonymous) @ hand-tracker.js:542
 [GESTURE] Hand 0 - label: Left lowercase: left
(anonymous) @ hand-tracker.js:559
 [GESTURE] Assigned hand 0 to leftHand
(anonymous) @ hand-tracker.js:566
 [GESTURE] Hand 1 - handedness: Right keypoints3D: 21
(anonymous) @ hand-tracker.js:542
 [GESTURE] Hand 1 - label: Right lowercase: right
(anonymous) @ hand-tracker.js:559
 [GESTURE] Assigned hand 1 to rightHand
(anonymous) @ hand-tracker.js:563
 [GESTURE] leftHand: true rightHand: true
processHandGestures @ hand-tracker.js:571
 [GESTURE] Executing two-hand gestures (zoom & rotation)
processHandGestures @ hand-tracker.js:574
 Two-hand zoom: deltaDistance= 0.0005004064809160796 lastDistance= 0.04168146201407292 currentDistance= 0.042181868494989
 [HOLD_DEBUG] Two-hand zoom: deltaDistance= 0.0005 zoomHoldStartThreshold= 0.005
 Two-hand rotation: deltaX= -0.0009315852075815201 deltaY= -0.00012976303696632385 leftWrist= Vector3 rightWrist= Vector3
 [PINCH] Checking pinch
detectHandsContinuously @ hand-tracker.js:222
 [PINCH] Starting pinch detection with 2 hands
processPinchToPlay @ hand-tracker.js:610
 [PINCH] Hand 0 - handedness: Left
(anonymous) @ hand-tracker.js:616
 [PINCH] Hand 0 - label: Left
(anonymous) @ hand-tracker.js:633
 [PINCH] Hand 1 - handedness: Right
(anonymous) @ hand-tracker.js:616
 [PINCH] Hand 1 - label: Right
(anonymous) @ hand-tracker.js:633
 [PINCH] Found user right hand at index 1
(anonymous) @ hand-tracker.js:637
 DEBUG processPinchToPlay: rightHand found= true hands.length= 2
 [PINCH] Distance: 0.0512 Threshold: 0.05
processPinchToPlay @ hand-tracker.js:670
 [GESTURE] Processing gestures
detectHandsContinuously @ hand-tracker.js:216
 [GESTURE] Processing hand gestures with 2 hands
processHandGestures @ hand-tracker.js:536
 [GESTURE] Hand 0 - handedness: Left keypoints3D: 21
(anonymous) @ hand-tracker.js:542
 [GESTURE] Hand 0 - label: Left lowercase: left
(anonymous) @ hand-tracker.js:559
 [GESTURE] Assigned hand 0 to leftHand
(anonymous) @ hand-tracker.js:566
 [GESTURE] Hand 1 - handedness: Right keypoints3D: 21
(anonymous) @ hand-tracker.js:542
 [GESTURE] Hand 1 - label: Right lowercase: right
(anonymous) @ hand-tracker.js:559
 [GESTURE] Assigned hand 1 to rightHand
(anonymous) @ hand-tracker.js:563
 [GESTURE] leftHand: true rightHand: true
processHandGestures @ hand-tracker.js:571
 [GESTURE] Executing two-hand gestures (zoom & rotation)
processHandGestures @ hand-tracker.js:574
 Two-hand zoom: deltaDistance= 0.00004287390416545661 lastDistance= 0.042181868494989 currentDistance= 0.042224742399154455
 [HOLD_DEBUG] Two-hand zoom: deltaDistance= 0.0000 zoomHoldStartThreshold= 0.005
 Two-hand rotation: deltaX= 0.0008945893496274948 deltaY= 0.0003828667104244232 leftWrist= Vector3 rightWrist= Vector3
 [PINCH] Checking pinch
detectHandsContinuously @ hand-tracker.js:222
 [PINCH] Starting pinch detection with 2 hands
processPinchToPlay @ hand-tracker.js:610
 [PINCH] Hand 0 - handedness: Left
(anonymous) @ hand-tracker.js:616
 [PINCH] Hand 0 - label: Left
(anonymous) @ hand-tracker.js:633
 [PINCH] Hand 1 - handedness: Right
(anonymous) @ hand-tracker.js:616
 [PINCH] Hand 1 - label: Right
(anonymous) @ hand-tracker.js:633
 [PINCH] Found user right hand at index 1
(anonymous) @ hand-tracker.js:637
 DEBUG processPinchToPlay: rightHand found= true hands.length= 2
 [PINCH] Distance: 0.0521 Threshold: 0.05
processPinchToPlay @ hand-tracker.js:670
 [GESTURE] Processing gestures
detectHandsContinuously @ hand-tracker.js:216
 [GESTURE] Processing hand gestures with 2 hands
processHandGestures @ hand-tracker.js:536
 [GESTURE] Hand 0 - handedness: Left keypoints3D: 21
(anonymous) @ hand-tracker.js:542
 [GESTURE] Hand 0 - label: Left lowercase: left
(anonymous) @ hand-tracker.js:559
 [GESTURE] Assigned hand 0 to leftHand
(anonymous) @ hand-tracker.js:566
 [GESTURE] Hand 1 - handedness: Right keypoints3D: 21
(anonymous) @ hand-tracker.js:542
 [GESTURE] Hand 1 - label: Right lowercase: right
(anonymous) @ hand-tracker.js:559
 [GESTURE] Assigned hand 1 to rightHand
(anonymous) @ hand-tracker.js:563
 [GESTURE] leftHand: true rightHand: true
processHandGestures @ hand-tracker.js:571
 [GESTURE] Executing two-hand gestures (zoom & rotation)
processHandGestures @ hand-tracker.js:574
 Two-hand zoom: deltaDistance= -0.00044816727222096037 lastDistance= 0.042224742399154455 currentDistance= 0.041776575126933495
 [HOLD_DEBUG] Two-hand zoom: deltaDistance= -0.0004 zoomHoldStartThreshold= 0.005
 Two-hand rotation: deltaX= -0.000047161243855953217 deltaY= -0.00008913129568099976 leftWrist= Vector3 rightWrist= Vector3
 [PINCH] Checking pinch
detectHandsContinuously @ hand-tracker.js:222
 [PINCH] Starting pinch detection with 2 hands
processPinchToPlay @ hand-tracker.js:610
 [PINCH] Hand 0 - handedness: Left
(anonymous) @ hand-tracker.js:616
 [PINCH] Hand 0 - label: Left
(anonymous) @ hand-tracker.js:633
 [PINCH] Hand 1 - handedness: Right
(anonymous) @ hand-tracker.js:616
 [PINCH] Hand 1 - label: Right
(anonymous) @ hand-tracker.js:633
 [PINCH] Found user right hand at index 1
(anonymous) @ hand-tracker.js:637
 DEBUG processPinchToPlay: rightHand found= true hands.length= 2
 [PINCH] Distance: 0.0518 Threshold: 0.05
processPinchToPlay @ hand-tracker.js:670
 [GESTURE] Processing gestures
detectHandsContinuously @ hand-tracker.js:216
 [GESTURE] Processing hand gestures with 2 hands
processHandGestures @ hand-tracker.js:536
 [GESTURE] Hand 0 - handedness: Left keypoints3D: 21
(anonymous) @ hand-tracker.js:542
 [GESTURE] Hand 0 - label: Left lowercase: left
(anonymous) @ hand-tracker.js:559
 [GESTURE] Assigned hand 0 to leftHand
(anonymous) @ hand-tracker.js:566
 [GESTURE] Hand 1 - handedness: Right keypoints3D: 21
(anonymous) @ hand-tracker.js:542
 [GESTURE] Hand 1 - label: Right lowercase: right
(anonymous) @ hand-tracker.js:559
 [GESTURE] Assigned hand 1 to rightHand
(anonymous) @ hand-tracker.js:563
 [GESTURE] leftHand: true rightHand: true
processHandGestures @ hand-tracker.js:571
 [GESTURE] Executing two-hand gestures (zoom & rotation)
processHandGestures @ hand-tracker.js:574
 Two-hand zoom: deltaDistance= 0.0007925032902552157 lastDistance= 0.041776575126933495 currentDistance= 0.04256907841718871
 [HOLD_DEBUG] Two-hand zoom: deltaDistance= 0.0008 zoomHoldStartThreshold= 0.005
 Two-hand rotation: deltaX= -0.000254584476351738 deltaY= 0.00018580257892608643 leftWrist= Vector3 rightWrist= Vector3
 [PINCH] Checking pinch
detectHandsContinuously @ hand-tracker.js:222
 [PINCH] Starting pinch detection with 2 hands
processPinchToPlay @ hand-tracker.js:610
 [PINCH] Hand 0 - handedness: Left
(anonymous) @ hand-tracker.js:616
 [PINCH] Hand 0 - label: Left
(anonymous) @ hand-tracker.js:633
 [PINCH] Hand 1 - handedness: Right
(anonymous) @ hand-tracker.js:616
 [PINCH] Hand 1 - label: Right
(anonymous) @ hand-tracker.js:633
 [PINCH] Found user right hand at index 1
(anonymous) @ hand-tracker.js:637
 DEBUG processPinchToPlay: rightHand found= true hands.length= 2
 [PINCH] Distance: 0.0517 Threshold: 0.05
processPinchToPlay @ hand-tracker.js:670
 [GESTURE] Processing gestures
detectHandsContinuously @ hand-tracker.js:216
 [GESTURE] Processing hand gestures with 2 hands
processHandGestures @ hand-tracker.js:536
 [GESTURE] Hand 0 - handedness: Left keypoints3D: 21
(anonymous) @ hand-tracker.js:542
 [GESTURE] Hand 0 - label: Left lowercase: left
(anonymous) @ hand-tracker.js:559
 [GESTURE] Assigned hand 0 to leftHand
(anonymous) @ hand-tracker.js:566
 [GESTURE] Hand 1 - handedness: Right keypoints3D: 21
(anonymous) @ hand-tracker.js:542
 [GESTURE] Hand 1 - label: Right lowercase: right
(anonymous) @ hand-tracker.js:559
 [GESTURE] Assigned hand 1 to rightHand
(anonymous) @ hand-tracker.js:563
 [GESTURE] leftHand: true rightHand: true
processHandGestures @ hand-tracker.js:571
 [GESTURE] Executing two-hand gestures (zoom & rotation)
processHandGestures @ hand-tracker.js:574
 Two-hand zoom: deltaDistance= -0.0029977029658182913 lastDistance= 0.04256907841718871 currentDistance= 0.03957137545137042
 [HOLD_DEBUG] Two-hand zoom: deltaDistance= -0.0030 zoomHoldStartThreshold= 0.005
 Two-hand rotation: deltaX= 0.0011448413133621216 deltaY= 0.0005090758204460144 leftWrist= Vector3 rightWrist= Vector3
 [PINCH] Checking pinch
detectHandsContinuously @ hand-tracker.js:222
 [PINCH] Starting pinch detection with 2 hands
processPinchToPlay @ hand-tracker.js:610
 [PINCH] Hand 0 - handedness: Left
(anonymous) @ hand-tracker.js:616
 [PINCH] Hand 0 - label: Left
(anonymous) @ hand-tracker.js:633
 [PINCH] Hand 1 - handedness: Right
(anonymous) @ hand-tracker.js:616
 [PINCH] Hand 1 - label: Right
(anonymous) @ hand-tracker.js:633
 [PINCH] Found user right hand at index 1
(anonymous) @ hand-tracker.js:637
 DEBUG processPinchToPlay: rightHand found= true hands.length= 2
 [PINCH] Distance: 0.0504 Threshold: 0.05
processPinchToPlay @ hand-tracker.js:670
 [GESTURE] Processing gestures
detectHandsContinuously @ hand-tracker.js:216
 [GESTURE] Processing hand gestures with 2 hands
processHandGestures @ hand-tracker.js:536
 [GESTURE] Hand 0 - handedness: Left keypoints3D: 21
(anonymous) @ hand-tracker.js:542
 [GESTURE] Hand 0 - label: Left lowercase: left
(anonymous) @ hand-tracker.js:559
 [GESTURE] Assigned hand 0 to leftHand
(anonymous) @ hand-tracker.js:566
 [GESTURE] Hand 1 - handedness: Right keypoints3D: 21
(anonymous) @ hand-tracker.js:542
 [GESTURE] Hand 1 - label: Right lowercase: right
(anonymous) @ hand-tracker.js:559
 [GESTURE] Assigned hand 1 to rightHand
(anonymous) @ hand-tracker.js:563
 [GESTURE] leftHand: true rightHand: true
processHandGestures @ hand-tracker.js:571
 [GESTURE] Executing two-hand gestures (zoom & rotation)
processHandGestures @ hand-tracker.js:574
 Two-hand zoom: deltaDistance= 0.0000725461478028877 lastDistance= 0.03957137545137042 currentDistance= 0.03964392159917331
 [HOLD_DEBUG] Two-hand zoom: deltaDistance= 0.0001 zoomHoldStartThreshold= 0.005
 Two-hand rotation: deltaX= -0.00009097252041101456 deltaY= -0.0005995184183120728 leftWrist= Vector3 rightWrist= Vector3
 [PINCH] Checking pinch
detectHandsContinuously @ hand-tracker.js:222
 [PINCH] Starting pinch detection with 2 hands
processPinchToPlay @ hand-tracker.js:610
 [PINCH] Hand 0 - handedness: Left
(anonymous) @ hand-tracker.js:616
 [PINCH] Hand 0 - label: Left
(anonymous) @ hand-tracker.js:633
 [PINCH] Hand 1 - handedness: Right
(anonymous) @ hand-tracker.js:616
 [PINCH] Hand 1 - label: Right
(anonymous) @ hand-tracker.js:633
 [PINCH] Found user right hand at index 1
(anonymous) @ hand-tracker.js:637
 DEBUG processPinchToPlay: rightHand found= true hands.length= 2
 [PINCH] Distance: 0.0499 Threshold: 0.05
processPinchToPlay @ hand-tracker.js:670
 DEBUG: pinchScreenPos= Object currentSprites.length= 804
 DEBUG: Raycast intersects= 0
 [HANDS] Detected: 2 hands | controls: true isShiftHeld: true
detectHandsContinuously @ hand-tracker.js:206
 [GESTURE] Processing gestures
detectHandsContinuously @ hand-tracker.js:216
 [PINCH] Checking pinch
detectHandsContinuously @ hand-tracker.js:222
 [PINCH] Starting pinch detection with 2 hands
processPinchToPlay @ hand-tracker.js:610
 [PINCH] Hand 0 - handedness: Left
(anonymous) @ hand-tracker.js:616
 [PINCH] Hand 0 - label: Left
(anonymous) @ hand-tracker.js:633
 [PINCH] Hand 1 - handedness: Right
(anonymous) @ hand-tracker.js:616
 [PINCH] Hand 1 - label: Right
(anonymous) @ hand-tracker.js:633
 [PINCH] Found user right hand at index 1
(anonymous) @ hand-tracker.js:637
 DEBUG processPinchToPlay: rightHand found= true hands.length= 2
 [PINCH] Distance: 0.0514 Threshold: 0.05
processPinchToPlay @ hand-tracker.js:670
 [GESTURE] Processing gestures
detectHandsContinuously @ hand-tracker.js:216
 [GESTURE] Processing hand gestures with 2 hands
processHandGestures @ hand-tracker.js:536
 [GESTURE] Hand 0 - handedness: Left keypoints3D: 21
(anonymous) @ hand-tracker.js:542
 [GESTURE] Hand 0 - label: Left lowercase: left
(anonymous) @ hand-tracker.js:559
 [GESTURE] Assigned hand 0 to leftHand
(anonymous) @ hand-tracker.js:566
 [GESTURE] Hand 1 - handedness: Right keypoints3D: 21
(anonymous) @ hand-tracker.js:542
 [GESTURE] Hand 1 - label: Right lowercase: right
(anonymous) @ hand-tracker.js:559
 [GESTURE] Assigned hand 1 to rightHand
(anonymous) @ hand-tracker.js:563
 [GESTURE] leftHand: true rightHand: true
processHandGestures @ hand-tracker.js:571
 [GESTURE] Executing two-hand gestures (zoom & rotation)
processHandGestures @ hand-tracker.js:574
 Two-hand zoom: deltaDistance= -0.00019482790459545568 lastDistance= 0.03964392159917331 currentDistance= 0.03944909369457785
 [HOLD_DEBUG] Two-hand zoom: deltaDistance= -0.0002 zoomHoldStartThreshold= 0.005
 Two-hand rotation: deltaX= -0.00000772625207901001 deltaY= -0.0002738684415817261 leftWrist= Vector3 rightWrist= Vector3
 [PINCH] Checking pinch
detectHandsContinuously @ hand-tracker.js:222
 [PINCH] Starting pinch detection with 2 hands
processPinchToPlay @ hand-tracker.js:610
 [PINCH] Hand 0 - handedness: Left
(anonymous) @ hand-tracker.js:616
 [PINCH] Hand 0 - label: Left
(anonymous) @ hand-tracker.js:633
 [PINCH] Hand 1 - handedness: Right
(anonymous) @ hand-tracker.js:616
 [PINCH] Hand 1 - label: Right
(anonymous) @ hand-tracker.js:633
 [PINCH] Found user right hand at index 1
(anonymous) @ hand-tracker.js:637
 DEBUG processPinchToPlay: rightHand found= true hands.length= 2
 [PINCH] Distance: 0.0512 Threshold: 0.05
processPinchToPlay @ hand-tracker.js:670
 [GESTURE] Processing gestures
detectHandsContinuously @ hand-tracker.js:216
 [GESTURE] Processing hand gestures with 2 hands
processHandGestures @ hand-tracker.js:536
 [GESTURE] Hand 0 - handedness: Left keypoints3D: 21
(anonymous) @ hand-tracker.js:542
 [GESTURE] Hand 0 - label: Left lowercase: left
(anonymous) @ hand-tracker.js:559
 [GESTURE] Assigned hand 0 to leftHand
(anonymous) @ hand-tracker.js:566
 [GESTURE] Hand 1 - handedness: Right keypoints3D: 21
(anonymous) @ hand-tracker.js:542
 [GESTURE] Hand 1 - label: Right lowercase: right
(anonymous) @ hand-tracker.js:559
 [GESTURE] Assigned hand 1 to rightHand
(anonymous) @ hand-tracker.js:563
 [GESTURE] leftHand: true rightHand: true
processHandGestures @ hand-tracker.js:571
 [GESTURE] Executing two-hand gestures (zoom & rotation)
processHandGestures @ hand-tracker.js:574
 Two-hand zoom: deltaDistance= 0.0011219373665433893 lastDistance= 0.03944909369457785 currentDistance= 0.04057103106112124
 [HOLD_DEBUG] Two-hand zoom: deltaDistance= 0.0011 zoomHoldStartThreshold= 0.005
 Two-hand rotation: deltaX= -0.0007749767974019051 deltaY= 0.00006948411464691162 leftWrist= Vector3 rightWrist= Vector3
 [PINCH] Checking pinch
detectHandsContinuously @ hand-tracker.js:222
 [PINCH] Starting pinch detection with 2 hands
processPinchToPlay @ hand-tracker.js:610
 [PINCH] Hand 0 - handedness: Left
(anonymous) @ hand-tracker.js:616
 [PINCH] Hand 0 - label: Left
(anonymous) @ hand-tracker.js:633
 [PINCH] Hand 1 - handedness: Right
(anonymous) @ hand-tracker.js:616
 [PINCH] Hand 1 - label: Right
(anonymous) @ hand-tracker.js:633
 [PINCH] Found user right hand at index 1
(anonymous) @ hand-tracker.js:637
 DEBUG processPinchToPlay: rightHand found= true hands.length= 2
 [PINCH] Distance: 0.0506 Threshold: 0.05
processPinchToPlay @ hand-tracker.js:670
 [GESTURE] Processing gestures
detectHandsContinuously @ hand-tracker.js:216
 [GESTURE] Processing hand gestures with 2 hands
processHandGestures @ hand-tracker.js:536
 [GESTURE] Hand 0 - handedness: Left keypoints3D: 21
(anonymous) @ hand-tracker.js:542
 [GESTURE] Hand 0 - label: Left lowercase: left
(anonymous) @ hand-tracker.js:559
 [GESTURE] Assigned hand 0 to leftHand
(anonymous) @ hand-tracker.js:566
 [GESTURE] Hand 1 - handedness: Right keypoints3D: 21
(anonymous) @ hand-tracker.js:542
 [GESTURE] Hand 1 - label: Right lowercase: right
(anonymous) @ hand-tracker.js:559
 [GESTURE] Assigned hand 1 to rightHand
(anonymous) @ hand-tracker.js:563
 [GESTURE] leftHand: true rightHand: true
processHandGestures @ hand-tracker.js:571
 [GESTURE] Executing two-hand gestures (zoom & rotation)
processHandGestures @ hand-tracker.js:574
 Two-hand zoom: deltaDistance= 0.0003508818102543332 lastDistance= 0.04057103106112124 currentDistance= 0.040921912871375574
 [HOLD_DEBUG] Two-hand zoom: deltaDistance= 0.0004 zoomHoldStartThreshold= 0.005
 Two-hand rotation: deltaX= -0.0004946878179907799 deltaY= 0.00002125278115272522 leftWrist= Vector3 rightWrist= Vector3
 [PINCH] Checking pinch
detectHandsContinuously @ hand-tracker.js:222
 [PINCH] Starting pinch detection with 2 hands
processPinchToPlay @ hand-tracker.js:610
 [PINCH] Hand 0 - handedness: Left
(anonymous) @ hand-tracker.js:616
 [PINCH] Hand 0 - label: Left
(anonymous) @ hand-tracker.js:633
 [PINCH] Hand 1 - handedness: Right
(anonymous) @ hand-tracker.js:616
 [PINCH] Hand 1 - label: Right
(anonymous) @ hand-tracker.js:633
 [PINCH] Found user right hand at index 1
(anonymous) @ hand-tracker.js:637
 DEBUG processPinchToPlay: rightHand found= true hands.length= 2
 [PINCH] Distance: 0.0510 Threshold: 0.05
processPinchToPlay @ hand-tracker.js:670
 [GESTURE] Processing gestures
detectHandsContinuously @ hand-tracker.js:216
 [GESTURE] Processing hand gestures with 2 hands
processHandGestures @ hand-tracker.js:536
 [GESTURE] Hand 0 - handedness: Left keypoints3D: 21
(anonymous) @ hand-tracker.js:542
 [GESTURE] Hand 0 - label: Left lowercase: left
(anonymous) @ hand-tracker.js:559
 [GESTURE] Assigned hand 0 to leftHand
(anonymous) @ hand-tracker.js:566
 [GESTURE] Hand 1 - handedness: Right keypoints3D: 21
(anonymous) @ hand-tracker.js:542
 [GESTURE] Hand 1 - label: Right lowercase: right
(anonymous) @ hand-tracker.js:559
 [GESTURE] Assigned hand 1 to rightHand
(anonymous) @ hand-tracker.js:563
 [GESTURE] leftHand: true rightHand: true
processHandGestures @ hand-tracker.js:571
 [GESTURE] Executing two-hand gestures (zoom & rotation)
processHandGestures @ hand-tracker.js:574
 Two-hand zoom: deltaDistance= 0.0004381746844510509 lastDistance= 0.040921912871375574 currentDistance= 0.041360087555826625
 [HOLD_DEBUG] Two-hand zoom: deltaDistance= 0.0004 zoomHoldStartThreshold= 0.005
 Two-hand rotation: deltaX= 0.00018923263996839523 deltaY= -0.00029597803950309753 leftWrist= Vector3 rightWrist= Vector3
 [PINCH] Checking pinch
detectHandsContinuously @ hand-tracker.js:222
 [PINCH] Starting pinch detection with 2 hands
processPinchToPlay @ hand-tracker.js:610
 [PINCH] Hand 0 - handedness: Left
(anonymous) @ hand-tracker.js:616
 [PINCH] Hand 0 - label: Left
(anonymous) @ hand-tracker.js:633
 [PINCH] Hand 1 - handedness: Right
(anonymous) @ hand-tracker.js:616
 [PINCH] Hand 1 - label: Right
(anonymous) @ hand-tracker.js:633
 [PINCH] Found user right hand at index 1
(anonymous) @ hand-tracker.js:637
 DEBUG processPinchToPlay: rightHand found= true hands.length= 2
 [PINCH] Distance: 0.0507 Threshold: 0.05
processPinchToPlay @ hand-tracker.js:670
 [GESTURE] Processing gestures
detectHandsContinuously @ hand-tracker.js:216
 [GESTURE] Processing hand gestures with 2 hands
processHandGestures @ hand-tracker.js:536
 [GESTURE] Hand 0 - handedness: Left keypoints3D: 21
(anonymous) @ hand-tracker.js:542
 [GESTURE] Hand 0 - label: Left lowercase: left
(anonymous) @ hand-tracker.js:559
 [GESTURE] Assigned hand 0 to leftHand
(anonymous) @ hand-tracker.js:566
 [GESTURE] Hand 1 - handedness: Right keypoints3D: 21
(anonymous) @ hand-tracker.js:542
 [GESTURE] Hand 1 - label: Right lowercase: right
(anonymous) @ hand-tracker.js:559
 [GESTURE] Assigned hand 1 to rightHand
(anonymous) @ hand-tracker.js:563
 [GESTURE] leftHand: true rightHand: true
processHandGestures @ hand-tracker.js:571
 [GESTURE] Executing two-hand gestures (zoom & rotation)
processHandGestures @ hand-tracker.js:574
 Two-hand zoom: deltaDistance= -0.0017821331527157203 lastDistance= 0.041360087555826625 currentDistance= 0.039577954403110904
 [HOLD_DEBUG] Two-hand zoom: deltaDistance= -0.0018 zoomHoldStartThreshold= 0.005
 Two-hand rotation: deltaX= 0.0004971781745553017 deltaY= 0.0004303343594074249 leftWrist= Vector3 rightWrist= Vector3
 [PINCH] Checking pinch
detectHandsContinuously @ hand-tracker.js:222
 [PINCH] Starting pinch detection with 2 hands
processPinchToPlay @ hand-tracker.js:610
 [PINCH] Hand 0 - handedness: Left
(anonymous) @ hand-tracker.js:616
 [PINCH] Hand 0 - label: Left
(anonymous) @ hand-tracker.js:633
 [PINCH] Hand 1 - handedness: Right
(anonymous) @ hand-tracker.js:616
 [PINCH] Hand 1 - label: Right
(anonymous) @ hand-tracker.js:633
 [PINCH] Found user right hand at index 1
(anonymous) @ hand-tracker.js:637
 DEBUG processPinchToPlay: rightHand found= true hands.length= 2
 [PINCH] Distance: 0.0512 Threshold: 0.05
processPinchToPlay @ hand-tracker.js:670
 [GESTURE] Processing gestures
detectHandsContinuously @ hand-tracker.js:216
 [GESTURE] Processing hand gestures with 2 hands
processHandGestures @ hand-tracker.js:536
 [GESTURE] Hand 0 - handedness: Left keypoints3D: 21
(anonymous) @ hand-tracker.js:542
 [GESTURE] Hand 0 - label: Left lowercase: left
(anonymous) @ hand-tracker.js:559
 [GESTURE] Assigned hand 0 to leftHand
(anonymous) @ hand-tracker.js:566
 [GESTURE] Hand 1 - handedness: Right keypoints3D: 21
(anonymous) @ hand-tracker.js:542
 [GESTURE] Hand 1 - label: Right lowercase: right
(anonymous) @ hand-tracker.js:559
 [GESTURE] Assigned hand 1 to rightHand
(anonymous) @ hand-tracker.js:563
 [GESTURE] leftHand: true rightHand: true
processHandGestures @ hand-tracker.js:571
 [GESTURE] Executing two-hand gestures (zoom & rotation)
processHandGestures @ hand-tracker.js:574
 Two-hand zoom: deltaDistance= 0.001704244391089342 lastDistance= 0.039577954403110904 currentDistance= 0.041282198794200246
 [HOLD_DEBUG] Two-hand zoom: deltaDistance= 0.0017 zoomHoldStartThreshold= 0.005
 Two-hand rotation: deltaX= -0.0005758907645940781 deltaY= 0.0004810541868209839 leftWrist= Vector3 rightWrist= Vector3
 [PINCH] Checking pinch
detectHandsContinuously @ hand-tracker.js:222
 [PINCH] Starting pinch detection with 2 hands
processPinchToPlay @ hand-tracker.js:610
 [PINCH] Hand 0 - handedness: Left
(anonymous) @ hand-tracker.js:616
 [PINCH] Hand 0 - label: Left
(anonymous) @ hand-tracker.js:633
 [PINCH] Hand 1 - handedness: Right
(anonymous) @ hand-tracker.js:616
 [PINCH] Hand 1 - label: Right
(anonymous) @ hand-tracker.js:633
 [PINCH] Found user right hand at index 1
(anonymous) @ hand-tracker.js:637
 DEBUG processPinchToPlay: rightHand found= true hands.length= 2
 [PINCH] Distance: 0.0492 Threshold: 0.05
processPinchToPlay @ hand-tracker.js:670
 DEBUG: pinchScreenPos= Object currentSprites.length= 804
 DEBUG: Raycast intersects= 0
 [GESTURE] Processing gestures
detectHandsContinuously @ hand-tracker.js:216
 [PINCH] Checking pinch
detectHandsContinuously @ hand-tracker.js:222
 [PINCH] Starting pinch detection with 2 hands
processPinchToPlay @ hand-tracker.js:610
 [PINCH] Hand 0 - handedness: Left
(anonymous) @ hand-tracker.js:616
 [PINCH] Hand 0 - label: Left
(anonymous) @ hand-tracker.js:633
 [PINCH] Hand 1 - handedness: Right
(anonymous) @ hand-tracker.js:616
 [PINCH] Hand 1 - label: Right
(anonymous) @ hand-tracker.js:633
 [PINCH] Found user right hand at index 1
(anonymous) @ hand-tracker.js:637
 DEBUG processPinchToPlay: rightHand found= true hands.length= 2
 [PINCH] Distance: 0.0488 Threshold: 0.05
processPinchToPlay @ hand-tracker.js:670
 DEBUG: pinchScreenPos= Object currentSprites.length= 804
 DEBUG: Raycast intersects= 0
 [GESTURE] Processing gestures
detectHandsContinuously @ hand-tracker.js:216
 [PINCH] Checking pinch
detectHandsContinuously @ hand-tracker.js:222
 [PINCH] Starting pinch detection with 2 hands
processPinchToPlay @ hand-tracker.js:610
 [PINCH] Hand 0 - handedness: Left
(anonymous) @ hand-tracker.js:616
 [PINCH] Hand 0 - label: Left
(anonymous) @ hand-tracker.js:633
 [PINCH] Hand 1 - handedness: Right
(anonymous) @ hand-tracker.js:616
 [PINCH] Hand 1 - label: Right
(anonymous) @ hand-tracker.js:633
 [PINCH] Found user right hand at index 1
(anonymous) @ hand-tracker.js:637
 DEBUG processPinchToPlay: rightHand found= true hands.length= 2
 [PINCH] Distance: 0.0500 Threshold: 0.05
processPinchToPlay @ hand-tracker.js:670
 DEBUG: pinchScreenPos= Object currentSprites.length= 804
 DEBUG: Raycast intersects= 0
 [GESTURE] Processing gestures
detectHandsContinuously @ hand-tracker.js:216
 [PINCH] Checking pinch
detectHandsContinuously @ hand-tracker.js:222
 [PINCH] Starting pinch detection with 2 hands
processPinchToPlay @ hand-tracker.js:610
 [PINCH] Hand 0 - handedness: Left
(anonymous) @ hand-tracker.js:616
 [PINCH] Hand 0 - label: Left
(anonymous) @ hand-tracker.js:633
 [PINCH] Hand 1 - handedness: Right
(anonymous) @ hand-tracker.js:616
 [PINCH] Hand 1 - label: Right
(anonymous) @ hand-tracker.js:633
 [PINCH] Found user right hand at index 1
(anonymous) @ hand-tracker.js:637
 DEBUG processPinchToPlay: rightHand found= true hands.length= 2
 [PINCH] Distance: 0.0495 Threshold: 0.05
processPinchToPlay @ hand-tracker.js:670
 DEBUG: pinchScreenPos= Object currentSprites.length= 804
 DEBUG: Raycast intersects= 0
 [GESTURE] Processing gestures
detectHandsContinuously @ hand-tracker.js:216
 [PINCH] Checking pinch
detectHandsContinuously @ hand-tracker.js:222
 [PINCH] Starting pinch detection with 2 hands
processPinchToPlay @ hand-tracker.js:610
 [PINCH] Hand 0 - handedness: Left
(anonymous) @ hand-tracker.js:616
 [PINCH] Hand 0 - label: Left
(anonymous) @ hand-tracker.js:633
 [PINCH] Hand 1 - handedness: Right
(anonymous) @ hand-tracker.js:616
 [PINCH] Hand 1 - label: Right
(anonymous) @ hand-tracker.js:633
 [PINCH] Found user right hand at index 1
(anonymous) @ hand-tracker.js:637
 DEBUG processPinchToPlay: rightHand found= true hands.length= 2
 [PINCH] Distance: 0.0485 Threshold: 0.05
processPinchToPlay @ hand-tracker.js:670
 DEBUG: pinchScreenPos= Object currentSprites.length= 804
 DEBUG: Raycast intersects= 0
 [GESTURE] Processing gestures
detectHandsContinuously @ hand-tracker.js:216
 [PINCH] Checking pinch
detectHandsContinuously @ hand-tracker.js:222
 [PINCH] Starting pinch detection with 2 hands
processPinchToPlay @ hand-tracker.js:610
 [PINCH] Hand 0 - handedness: Left
(anonymous) @ hand-tracker.js:616
 [PINCH] Hand 0 - label: Left
(anonymous) @ hand-tracker.js:633
 [PINCH] Hand 1 - handedness: Right
(anonymous) @ hand-tracker.js:616
 [PINCH] Hand 1 - label: Right
(anonymous) @ hand-tracker.js:633
 [PINCH] Found user right hand at index 1
(anonymous) @ hand-tracker.js:637
 DEBUG processPinchToPlay: rightHand found= true hands.length= 2
 [PINCH] Distance: 0.0495 Threshold: 0.05
processPinchToPlay @ hand-tracker.js:670
 DEBUG: pinchScreenPos= Object currentSprites.length= 804
 DEBUG: Raycast intersects= 0
 [GESTURE] Processing gestures
detectHandsContinuously @ hand-tracker.js:216
 [PINCH] Checking pinch
detectHandsContinuously @ hand-tracker.js:222
 [PINCH] Starting pinch detection with 2 hands
processPinchToPlay @ hand-tracker.js:610
 [PINCH] Hand 0 - handedness: Left
(anonymous) @ hand-tracker.js:616
 [PINCH] Hand 0 - label: Left
(anonymous) @ hand-tracker.js:633
 [PINCH] Hand 1 - handedness: Right
(anonymous) @ hand-tracker.js:616
 [PINCH] Hand 1 - label: Right
(anonymous) @ hand-tracker.js:633
 [PINCH] Found user right hand at index 1
(anonymous) @ hand-tracker.js:637
 DEBUG processPinchToPlay: rightHand found= true hands.length= 2
 [PINCH] Distance: 0.0514 Threshold: 0.05
processPinchToPlay @ hand-tracker.js:670
 [GESTURE] Processing gestures
detectHandsContinuously @ hand-tracker.js:216
 [GESTURE] Processing hand gestures with 2 hands
processHandGestures @ hand-tracker.js:536
 [GESTURE] Hand 0 - handedness: Left keypoints3D: 21
(anonymous) @ hand-tracker.js:542
 [GESTURE] Hand 0 - label: Left lowercase: left
(anonymous) @ hand-tracker.js:559
 [GESTURE] Assigned hand 0 to leftHand
(anonymous) @ hand-tracker.js:566
 [GESTURE] Hand 1 - handedness: Right keypoints3D: 21
(anonymous) @ hand-tracker.js:542
 [GESTURE] Hand 1 - label: Right lowercase: right
(anonymous) @ hand-tracker.js:559
 [GESTURE] Assigned hand 1 to rightHand
(anonymous) @ hand-tracker.js:563
 [GESTURE] leftHand: true rightHand: true
processHandGestures @ hand-tracker.js:571
 [GESTURE] Executing two-hand gestures (zoom & rotation)
processHandGestures @ hand-tracker.js:574
 Two-hand zoom: deltaDistance= -0.0026631595931035507 lastDistance= 0.041282198794200246 currentDistance= 0.038619039201096696
 [HOLD_DEBUG] Two-hand zoom: deltaDistance= -0.0027 zoomHoldStartThreshold= 0.005
 Two-hand rotation: deltaX= 0.0005847206339240074 deltaY= 0.0007761381566524506 leftWrist= Vector3 rightWrist= Vector3
 [PINCH] Checking pinch
detectHandsContinuously @ hand-tracker.js:222
 [PINCH] Starting pinch detection with 2 hands
processPinchToPlay @ hand-tracker.js:610
 [PINCH] Hand 0 - handedness: Left
(anonymous) @ hand-tracker.js:616
 [PINCH] Hand 0 - label: Left
(anonymous) @ hand-tracker.js:633
 [PINCH] Hand 1 - handedness: Right
(anonymous) @ hand-tracker.js:616
 [PINCH] Hand 1 - label: Right
(anonymous) @ hand-tracker.js:633
 [PINCH] Found user right hand at index 1
(anonymous) @ hand-tracker.js:637
 DEBUG processPinchToPlay: rightHand found= true hands.length= 2
 [PINCH] Distance: 0.0522 Threshold: 0.05
processPinchToPlay @ hand-tracker.js:670
 [GESTURE] Processing gestures
detectHandsContinuously @ hand-tracker.js:216
 [GESTURE] Processing hand gestures with 2 hands
processHandGestures @ hand-tracker.js:536
 [GESTURE] Hand 0 - handedness: Left keypoints3D: 21
(anonymous) @ hand-tracker.js:542
 [GESTURE] Hand 0 - label: Left lowercase: left
(anonymous) @ hand-tracker.js:559
 [GESTURE] Assigned hand 0 to leftHand
(anonymous) @ hand-tracker.js:566
 [GESTURE] Hand 1 - handedness: Right keypoints3D: 21
(anonymous) @ hand-tracker.js:542
 [GESTURE] Hand 1 - label: Right lowercase: right
(anonymous) @ hand-tracker.js:559
 [GESTURE] Assigned hand 1 to rightHand
(anonymous) @ hand-tracker.js:563
 [GESTURE] leftHand: true rightHand: true
processHandGestures @ hand-tracker.js:571
 [GESTURE] Executing two-hand gestures (zoom & rotation)
processHandGestures @ hand-tracker.js:574
 Two-hand zoom: deltaDistance= 0.0006934069121799849 lastDistance= 0.038619039201096696 currentDistance= 0.03931244611327668
 [HOLD_DEBUG] Two-hand zoom: deltaDistance= 0.0007 zoomHoldStartThreshold= 0.005
 Two-hand rotation: deltaX= 0.0007333084940910339 deltaY= 0.00028648972511291504 leftWrist= Vector3 rightWrist= Vector3
 [PINCH] Checking pinch
detectHandsContinuously @ hand-tracker.js:222
 [PINCH] Starting pinch detection with 2 hands
processPinchToPlay @ hand-tracker.js:610
 [PINCH] Hand 0 - handedness: Left
(anonymous) @ hand-tracker.js:616
 [PINCH] Hand 0 - label: Left
(anonymous) @ hand-tracker.js:633
 [PINCH] Hand 1 - handedness: Right
(anonymous) @ hand-tracker.js:616
 [PINCH] Hand 1 - label: Right
(anonymous) @ hand-tracker.js:633
 [PINCH] Found user right hand at index 1
(anonymous) @ hand-tracker.js:637
 DEBUG processPinchToPlay: rightHand found= true hands.length= 2
 [PINCH] Distance: 0.0527 Threshold: 0.05
processPinchToPlay @ hand-tracker.js:670
 [GESTURE] Processing gestures
detectHandsContinuously @ hand-tracker.js:216
 [GESTURE] Processing hand gestures with 2 hands
processHandGestures @ hand-tracker.js:536
 [GESTURE] Hand 0 - handedness: Left keypoints3D: 21
(anonymous) @ hand-tracker.js:542
 [GESTURE] Hand 0 - label: Left lowercase: left
(anonymous) @ hand-tracker.js:559
 [GESTURE] Assigned hand 0 to leftHand
(anonymous) @ hand-tracker.js:566
 [GESTURE] Hand 1 - handedness: Right keypoints3D: 21
(anonymous) @ hand-tracker.js:542
 [GESTURE] Hand 1 - label: Right lowercase: right
(anonymous) @ hand-tracker.js:559
 [GESTURE] Assigned hand 1 to rightHand
(anonymous) @ hand-tracker.js:563
 [GESTURE] leftHand: true rightHand: true
processHandGestures @ hand-tracker.js:571
 [GESTURE] Executing two-hand gestures (zoom & rotation)
processHandGestures @ hand-tracker.js:574
 Two-hand zoom: deltaDistance= 0.002566872645024351 lastDistance= 0.03931244611327668 currentDistance= 0.04187931875830103
 [HOLD_DEBUG] Two-hand zoom: deltaDistance= 0.0026 zoomHoldStartThreshold= 0.005
 Two-hand rotation: deltaX= -0.0009686397388577461 deltaY= -0.000011797994375228882 leftWrist= Vector3 rightWrist= Vector3
 [PINCH] Checking pinch
detectHandsContinuously @ hand-tracker.js:222
 [PINCH] Starting pinch detection with 2 hands
processPinchToPlay @ hand-tracker.js:610
 [PINCH] Hand 0 - handedness: Left
(anonymous) @ hand-tracker.js:616
 [PINCH] Hand 0 - label: Left
(anonymous) @ hand-tracker.js:633
 [PINCH] Hand 1 - handedness: Right
(anonymous) @ hand-tracker.js:616
 [PINCH] Hand 1 - label: Right
(anonymous) @ hand-tracker.js:633
 [PINCH] Found user right hand at index 1
(anonymous) @ hand-tracker.js:637
 DEBUG processPinchToPlay: rightHand found= true hands.length= 2
 [PINCH] Distance: 0.0527 Threshold: 0.05
processPinchToPlay @ hand-tracker.js:670
 [GESTURE] Processing gestures
detectHandsContinuously @ hand-tracker.js:216
 [GESTURE] Processing hand gestures with 2 hands
processHandGestures @ hand-tracker.js:536
 [GESTURE] Hand 0 - handedness: Left keypoints3D: 21
(anonymous) @ hand-tracker.js:542
 [GESTURE] Hand 0 - label: Left lowercase: left
(anonymous) @ hand-tracker.js:559
 [GESTURE] Assigned hand 0 to leftHand
(anonymous) @ hand-tracker.js:566
 [GESTURE] Hand 1 - handedness: Right keypoints3D: 21
(anonymous) @ hand-tracker.js:542
 [GESTURE] Hand 1 - label: Right lowercase: right
(anonymous) @ hand-tracker.js:559
 [GESTURE] Assigned hand 1 to rightHand
(anonymous) @ hand-tracker.js:563
 [GESTURE] leftHand: true rightHand: true
processHandGestures @ hand-tracker.js:571
 [GESTURE] Executing two-hand gestures (zoom & rotation)
processHandGestures @ hand-tracker.js:574
 Two-hand zoom: deltaDistance= -0.004300520145965499 lastDistance= 0.04187931875830103 currentDistance= 0.03757879861233553
 [HOLD_DEBUG] Two-hand zoom: deltaDistance= -0.0043 zoomHoldStartThreshold= 0.005
 Two-hand rotation: deltaX= 0.001457887701690197 deltaY= 0.00019361451268196106 leftWrist= Vector3 rightWrist= Vector3
 [PINCH] Checking pinch
detectHandsContinuously @ hand-tracker.js:222
 [PINCH] Starting pinch detection with 2 hands
processPinchToPlay @ hand-tracker.js:610
 [PINCH] Hand 0 - handedness: Left
(anonymous) @ hand-tracker.js:616
 [PINCH] Hand 0 - label: Left
(anonymous) @ hand-tracker.js:633
 [PINCH] Hand 1 - handedness: Right
(anonymous) @ hand-tracker.js:616
 [PINCH] Hand 1 - label: Right
(anonymous) @ hand-tracker.js:633
 [PINCH] Found user right hand at index 1
(anonymous) @ hand-tracker.js:637
 DEBUG processPinchToPlay: rightHand found= true hands.length= 2
 [PINCH] Distance: 0.0509 Threshold: 0.05
processPinchToPlay @ hand-tracker.js:670
 [GESTURE] Processing gestures
detectHandsContinuously @ hand-tracker.js:216
 [GESTURE] Processing hand gestures with 2 hands
processHandGestures @ hand-tracker.js:536
 [GESTURE] Hand 0 - handedness: Left keypoints3D: 21
(anonymous) @ hand-tracker.js:542
 [GESTURE] Hand 0 - label: Left lowercase: left
(anonymous) @ hand-tracker.js:559
 [GESTURE] Assigned hand 0 to leftHand
(anonymous) @ hand-tracker.js:566
 [GESTURE] Hand 1 - handedness: Right keypoints3D: 21
(anonymous) @ hand-tracker.js:542
 [GESTURE] Hand 1 - label: Right lowercase: right
(anonymous) @ hand-tracker.js:559
 [GESTURE] Assigned hand 1 to rightHand
(anonymous) @ hand-tracker.js:563
 [GESTURE] leftHand: true rightHand: true
processHandGestures @ hand-tracker.js:571
 [GESTURE] Executing two-hand gestures (zoom & rotation)
processHandGestures @ hand-tracker.js:574
 Two-hand zoom: deltaDistance= 0.0011016682171203149 lastDistance= 0.03757879861233553 currentDistance= 0.03868046682945585
 [HOLD_DEBUG] Two-hand zoom: deltaDistance= 0.0011 zoomHoldStartThreshold= 0.005
 Two-hand rotation: deltaX= -0.0001205597072839737 deltaY= -0.0013416111469268799 leftWrist= Vector3 rightWrist= Vector3
 [PINCH] Checking pinch
detectHandsContinuously @ hand-tracker.js:222
 [PINCH] Starting pinch detection with 2 hands
processPinchToPlay @ hand-tracker.js:610
 [PINCH] Hand 0 - handedness: Left
(anonymous) @ hand-tracker.js:616
 [PINCH] Hand 0 - label: Left
(anonymous) @ hand-tracker.js:633
 [PINCH] Hand 1 - handedness: Right
(anonymous) @ hand-tracker.js:616
 [PINCH] Hand 1 - label: Right
(anonymous) @ hand-tracker.js:633
 [PINCH] Found user right hand at index 1
(anonymous) @ hand-tracker.js:637
 DEBUG processPinchToPlay: rightHand found= true hands.length= 2
 [PINCH] Distance: 0.0509 Threshold: 0.05
processPinchToPlay @ hand-tracker.js:670
 [GESTURE] Processing gestures
detectHandsContinuously @ hand-tracker.js:216
 [GESTURE] Processing hand gestures with 2 hands
processHandGestures @ hand-tracker.js:536
 [GESTURE] Hand 0 - handedness: Left keypoints3D: 21
(anonymous) @ hand-tracker.js:542
 [GESTURE] Hand 0 - label: Left lowercase: left
(anonymous) @ hand-tracker.js:559
 [GESTURE] Assigned hand 0 to leftHand
(anonymous) @ hand-tracker.js:566
 [GESTURE] Hand 1 - handedness: Right keypoints3D: 21
(anonymous) @ hand-tracker.js:542
 [GESTURE] Hand 1 - label: Right lowercase: right
(anonymous) @ hand-tracker.js:559
 [GESTURE] Assigned hand 1 to rightHand
(anonymous) @ hand-tracker.js:563
 [GESTURE] leftHand: true rightHand: true
processHandGestures @ hand-tracker.js:571
 [GESTURE] Executing two-hand gestures (zoom & rotation)
processHandGestures @ hand-tracker.js:574
 Two-hand zoom: deltaDistance= -0.0051768951109171235 lastDistance= 0.03868046682945585 currentDistance= 0.033503571718538724
 [HOLD_DEBUG] Two-hand zoom: deltaDistance= -0.0052 zoomHoldStartThreshold= 0.005
 [HOLD_DEBUG] Two-hand zoom: started continuousZoomCandidateStart
 Two-hand rotation: deltaX= 0.0009076935239136219 deltaY= 0.0038464032113552094 leftWrist= Vector3 rightWrist= Vector3
 [PINCH] Checking pinch
detectHandsContinuously @ hand-tracker.js:222
 [PINCH] Starting pinch detection with 2 hands
processPinchToPlay @ hand-tracker.js:610
 [PINCH] Hand 0 - handedness: Left
(anonymous) @ hand-tracker.js:616
 [PINCH] Hand 0 - label: Left
(anonymous) @ hand-tracker.js:633
 [PINCH] Hand 1 - handedness: Right
(anonymous) @ hand-tracker.js:616
 [PINCH] Hand 1 - label: Right
(anonymous) @ hand-tracker.js:633
 [PINCH] Found user right hand at index 1
(anonymous) @ hand-tracker.js:637
 DEBUG processPinchToPlay: rightHand found= true hands.length= 2
 [PINCH] Distance: 0.0482 Threshold: 0.05
processPinchToPlay @ hand-tracker.js:670
 DEBUG: pinchScreenPos= Object currentSprites.length= 804
 DEBUG: Raycast intersects= 0
 [GESTURE] Processing gestures
detectHandsContinuously @ hand-tracker.js:216
 [PINCH] Checking pinch
detectHandsContinuously @ hand-tracker.js:222
 [PINCH] Starting pinch detection with 2 hands
processPinchToPlay @ hand-tracker.js:610
 [PINCH] Hand 0 - handedness: Left
(anonymous) @ hand-tracker.js:616
 [PINCH] Hand 0 - label: Left
(anonymous) @ hand-tracker.js:633
 [PINCH] Hand 1 - handedness: Right
(anonymous) @ hand-tracker.js:616
 [PINCH] Hand 1 - label: Right
(anonymous) @ hand-tracker.js:633
 [PINCH] Found user right hand at index 1
(anonymous) @ hand-tracker.js:637
 DEBUG processPinchToPlay: rightHand found= true hands.length= 2
 [PINCH] Distance: 0.0488 Threshold: 0.05
processPinchToPlay @ hand-tracker.js:670
 DEBUG: pinchScreenPos= Object currentSprites.length= 804
 DEBUG: Raycast intersects= 0
 [GESTURE] Processing gestures
detectHandsContinuously @ hand-tracker.js:216
 [PINCH] Checking pinch
detectHandsContinuously @ hand-tracker.js:222
 [PINCH] Starting pinch detection with 2 hands
processPinchToPlay @ hand-tracker.js:610
 [PINCH] Hand 0 - handedness: Left
(anonymous) @ hand-tracker.js:616
 [PINCH] Hand 0 - label: Left
(anonymous) @ hand-tracker.js:633
 [PINCH] Hand 1 - handedness: Right
(anonymous) @ hand-tracker.js:616
 [PINCH] Hand 1 - label: Right
(anonymous) @ hand-tracker.js:633
 [PINCH] Found user right hand at index 1
(anonymous) @ hand-tracker.js:637
 DEBUG processPinchToPlay: rightHand found= true hands.length= 2
 [PINCH] Distance: 0.0432 Threshold: 0.05
processPinchToPlay @ hand-tracker.js:670
 DEBUG: pinchScreenPos= Object currentSprites.length= 804
 DEBUG: Raycast intersects= 0
 [GESTURE] Processing gestures
detectHandsContinuously @ hand-tracker.js:216
 [PINCH] Checking pinch
detectHandsContinuously @ hand-tracker.js:222
 [PINCH] Starting pinch detection with 2 hands
processPinchToPlay @ hand-tracker.js:610
 [PINCH] Hand 0 - handedness: Left
(anonymous) @ hand-tracker.js:616
 [PINCH] Hand 0 - label: Left
(anonymous) @ hand-tracker.js:633
 [PINCH] Hand 1 - handedness: Right
(anonymous) @ hand-tracker.js:616
 [PINCH] Hand 1 - label: Right
(anonymous) @ hand-tracker.js:633
 [PINCH] Found user right hand at index 1
(anonymous) @ hand-tracker.js:637
 DEBUG processPinchToPlay: rightHand found= true hands.length= 2
 [PINCH] Distance: 0.0437 Threshold: 0.05
processPinchToPlay @ hand-tracker.js:670
 DEBUG: pinchScreenPos= Object currentSprites.length= 804
 DEBUG: Raycast intersects= 0
 [GESTURE] Processing gestures
detectHandsContinuously @ hand-tracker.js:216
 [PINCH] Checking pinch
detectHandsContinuously @ hand-tracker.js:222
 [PINCH] Starting pinch detection with 2 hands
processPinchToPlay @ hand-tracker.js:610
 [PINCH] Hand 0 - handedness: Left
(anonymous) @ hand-tracker.js:616
 [PINCH] Hand 0 - label: Left
(anonymous) @ hand-tracker.js:633
 [PINCH] Hand 1 - handedness: Right
(anonymous) @ hand-tracker.js:616
 [PINCH] Hand 1 - label: Right
(anonymous) @ hand-tracker.js:633
 [PINCH] Found user right hand at index 1
(anonymous) @ hand-tracker.js:637
 DEBUG processPinchToPlay: rightHand found= true hands.length= 2
 [PINCH] Distance: 0.0342 Threshold: 0.05
processPinchToPlay @ hand-tracker.js:670
 DEBUG: pinchScreenPos= Object currentSprites.length= 804
 DEBUG: Raycast intersects= 0
 [GESTURE] Processing gestures
detectHandsContinuously @ hand-tracker.js:216
 [PINCH] Checking pinch
detectHandsContinuously @ hand-tracker.js:222
 [PINCH] Starting pinch detection with 2 hands
processPinchToPlay @ hand-tracker.js:610
 [PINCH] Hand 0 - handedness: Left
(anonymous) @ hand-tracker.js:616
 [PINCH] Hand 0 - label: Left
(anonymous) @ hand-tracker.js:633
 [PINCH] Hand 1 - handedness: Right
(anonymous) @ hand-tracker.js:616
 [PINCH] Hand 1 - label: Right
(anonymous) @ hand-tracker.js:633
 [PINCH] Found user right hand at index 1
(anonymous) @ hand-tracker.js:637
 DEBUG processPinchToPlay: rightHand found= true hands.length= 2
 [PINCH] Distance: 0.0288 Threshold: 0.05
processPinchToPlay @ hand-tracker.js:670
 DEBUG: pinchScreenPos= Object currentSprites.length= 804
 DEBUG: Raycast intersects= 0
 [GESTURE] Processing gestures
detectHandsContinuously @ hand-tracker.js:216
 [PINCH] Checking pinch
detectHandsContinuously @ hand-tracker.js:222
 [PINCH] Starting pinch detection with 2 hands
processPinchToPlay @ hand-tracker.js:610
 [PINCH] Hand 0 - handedness: Left
(anonymous) @ hand-tracker.js:616
 [PINCH] Hand 0 - label: Left
(anonymous) @ hand-tracker.js:633
 [PINCH] Hand 1 - handedness: Right
(anonymous) @ hand-tracker.js:616
 [PINCH] Hand 1 - label: Right
(anonymous) @ hand-tracker.js:633
 [PINCH] Found user right hand at index 1
(anonymous) @ hand-tracker.js:637
 DEBUG processPinchToPlay: rightHand found= true hands.length= 2
 [PINCH] Distance: 0.0242 Threshold: 0.05
processPinchToPlay @ hand-tracker.js:670
 DEBUG: pinchScreenPos= Object currentSprites.length= 804
 DEBUG: Raycast intersects= 3
 DEBUG: Playing note at ratio= 6:7:8:9
 Attempting to release all MPE notes. Current midiOutput: null
 No MIDI output selected or available. Cannot release all MPE notes.
releaseAllMpeNotes @ midi-output.js:300
 [GESTURE] Processing gestures
detectHandsContinuously @ hand-tracker.js:216
 [PINCH] Checking pinch
detectHandsContinuously @ hand-tracker.js:222
 [PINCH] Starting pinch detection with 2 hands
processPinchToPlay @ hand-tracker.js:610
 [PINCH] Hand 0 - handedness: Left
(anonymous) @ hand-tracker.js:616
 [PINCH] Hand 0 - label: Left
(anonymous) @ hand-tracker.js:633
 [PINCH] Hand 1 - handedness: Right
(anonymous) @ hand-tracker.js:616
 [PINCH] Hand 1 - label: Right
(anonymous) @ hand-tracker.js:633
 [PINCH] Found user right hand at index 1
(anonymous) @ hand-tracker.js:637
 DEBUG processPinchToPlay: rightHand found= true hands.length= 2
 [PINCH] Distance: 0.0245 Threshold: 0.05
processPinchToPlay @ hand-tracker.js:670
 DEBUG: pinchScreenPos= Object currentSprites.length= 804
 DEBUG: Raycast intersects= 3
 [GESTURE] Processing gestures
detectHandsContinuously @ hand-tracker.js:216
 [PINCH] Checking pinch
detectHandsContinuously @ hand-tracker.js:222
 [PINCH] Starting pinch detection with 2 hands
processPinchToPlay @ hand-tracker.js:610
 [PINCH] Hand 0 - handedness: Left
(anonymous) @ hand-tracker.js:616
 [PINCH] Hand 0 - label: Left
(anonymous) @ hand-tracker.js:633
 [PINCH] Hand 1 - handedness: Right
(anonymous) @ hand-tracker.js:616
 [PINCH] Hand 1 - label: Right
(anonymous) @ hand-tracker.js:633
 [PINCH] Found user right hand at index 1
(anonymous) @ hand-tracker.js:637
 DEBUG processPinchToPlay: rightHand found= true hands.length= 2
 [PINCH] Distance: 0.0324 Threshold: 0.05
processPinchToPlay @ hand-tracker.js:670
 DEBUG: pinchScreenPos= Object currentSprites.length= 804
 DEBUG: Raycast intersects= 2
 [GESTURE] Processing gestures
detectHandsContinuously @ hand-tracker.js:216
 [PINCH] Checking pinch
detectHandsContinuously @ hand-tracker.js:222
 [PINCH] Starting pinch detection with 2 hands
processPinchToPlay @ hand-tracker.js:610
 [PINCH] Hand 0 - handedness: Left
(anonymous) @ hand-tracker.js:616
 [PINCH] Hand 0 - label: Left
(anonymous) @ hand-tracker.js:633
 [PINCH] Hand 1 - handedness: Right
(anonymous) @ hand-tracker.js:616
 [PINCH] Hand 1 - label: Right
(anonymous) @ hand-tracker.js:633
 [PINCH] Found user right hand at index 1
(anonymous) @ hand-tracker.js:637
 DEBUG processPinchToPlay: rightHand found= true hands.length= 2
 [PINCH] Distance: 0.0237 Threshold: 0.05
processPinchToPlay @ hand-tracker.js:670
 DEBUG: pinchScreenPos= Object currentSprites.length= 804
 DEBUG: Raycast intersects= 1
 DEBUG: Playing note at ratio= 8:8:9:10
 Attempting to release all MPE notes. Current midiOutput: null
 No MIDI output selected or available. Cannot release all MPE notes.
releaseAllMpeNotes @ midi-output.js:300
 [GESTURE] Processing gestures
detectHandsContinuously @ hand-tracker.js:216
 [PINCH] Checking pinch
detectHandsContinuously @ hand-tracker.js:222
 [PINCH] Starting pinch detection with 2 hands
processPinchToPlay @ hand-tracker.js:610
 [PINCH] Hand 0 - handedness: Right
(anonymous) @ hand-tracker.js:616
 [PINCH] Hand 0 - label: Right
(anonymous) @ hand-tracker.js:633
 [PINCH] Found user right hand at index 0
(anonymous) @ hand-tracker.js:637
 [PINCH] Hand 1 - handedness: Right
(anonymous) @ hand-tracker.js:616
 [PINCH] Hand 1 - label: Right
(anonymous) @ hand-tracker.js:633
 [PINCH] Found user right hand at index 1
(anonymous) @ hand-tracker.js:637
 DEBUG processPinchToPlay: rightHand found= true hands.length= 2
 [PINCH] Distance: 0.0056 Threshold: 0.05
processPinchToPlay @ hand-tracker.js:670
 DEBUG: pinchScreenPos= Object currentSprites.length= 804
 DEBUG: Raycast intersects= 2
 DEBUG: Playing note at ratio= 13:14:16:18
 Attempting to release all MPE notes. Current midiOutput: null
 No MIDI output selected or available. Cannot release all MPE notes.
releaseAllMpeNotes @ midi-output.js:300
 [GESTURE] Processing gestures
detectHandsContinuously @ hand-tracker.js:216
 [PINCH] Checking pinch
detectHandsContinuously @ hand-tracker.js:222
 [PINCH] Starting pinch detection with 2 hands
processPinchToPlay @ hand-tracker.js:610
 [PINCH] Hand 0 - handedness: Right
(anonymous) @ hand-tracker.js:616
 [PINCH] Hand 0 - label: Right
(anonymous) @ hand-tracker.js:633
 [PINCH] Found user right hand at index 0
(anonymous) @ hand-tracker.js:637
 [PINCH] Hand 1 - handedness: Right
(anonymous) @ hand-tracker.js:616
 [PINCH] Hand 1 - label: Right
(anonymous) @ hand-tracker.js:633
 [PINCH] Found user right hand at index 1
(anonymous) @ hand-tracker.js:637
 DEBUG processPinchToPlay: rightHand found= true hands.length= 2
 [PINCH] Distance: 0.0041 Threshold: 0.05
processPinchToPlay @ hand-tracker.js:670
 DEBUG: pinchScreenPos= Object currentSprites.length= 804
 DEBUG: Raycast intersects= 2
 [HANDS] Detected: 2 hands | controls: true isShiftHeld: true
detectHandsContinuously @ hand-tracker.js:206
 [GESTURE] Processing gestures
detectHandsContinuously @ hand-tracker.js:216
 [PINCH] Checking pinch
detectHandsContinuously @ hand-tracker.js:222
 [PINCH] Starting pinch detection with 2 hands
processPinchToPlay @ hand-tracker.js:610
 [PINCH] Hand 0 - handedness: Right
(anonymous) @ hand-tracker.js:616
 [PINCH] Hand 0 - label: Right
(anonymous) @ hand-tracker.js:633
 [PINCH] Found user right hand at index 0
(anonymous) @ hand-tracker.js:637
 [PINCH] Hand 1 - handedness: Right
(anonymous) @ hand-tracker.js:616
 [PINCH] Hand 1 - label: Right
(anonymous) @ hand-tracker.js:633
 [PINCH] Found user right hand at index 1
(anonymous) @ hand-tracker.js:637
 DEBUG processPinchToPlay: rightHand found= true hands.length= 2
 [PINCH] Distance: 0.0038 Threshold: 0.05
processPinchToPlay @ hand-tracker.js:670
 DEBUG: pinchScreenPos= Object currentSprites.length= 804
 DEBUG: Raycast intersects= 1
 DEBUG: Playing note at ratio= 8:8:9:10
 Attempting to release all MPE notes. Current midiOutput: null
 No MIDI output selected or available. Cannot release all MPE notes.
releaseAllMpeNotes @ midi-output.js:300
 [GESTURE] Processing gestures
detectHandsContinuously @ hand-tracker.js:216
 [PINCH] Checking pinch
detectHandsContinuously @ hand-tracker.js:222
 [PINCH] Starting pinch detection with 2 hands
processPinchToPlay @ hand-tracker.js:610
 [PINCH] Hand 0 - handedness: Left
(anonymous) @ hand-tracker.js:616
 [PINCH] Hand 0 - label: Left
(anonymous) @ hand-tracker.js:633
 [PINCH] Hand 1 - handedness: Right
(anonymous) @ hand-tracker.js:616
 [PINCH] Hand 1 - label: Right
(anonymous) @ hand-tracker.js:633
 [PINCH] Found user right hand at index 1
(anonymous) @ hand-tracker.js:637
 DEBUG processPinchToPlay: rightHand found= true hands.length= 2
 [PINCH] Distance: 0.0193 Threshold: 0.05
processPinchToPlay @ hand-tracker.js:670
 DEBUG: pinchScreenPos= Object currentSprites.length= 804
 DEBUG: Raycast intersects= 1
 [GESTURE] Processing gestures
detectHandsContinuously @ hand-tracker.js:216
 [PINCH] Checking pinch
detectHandsContinuously @ hand-tracker.js:222
 [PINCH] Starting pinch detection with 2 hands
processPinchToPlay @ hand-tracker.js:610
 [PINCH] Hand 0 - handedness: Left
(anonymous) @ hand-tracker.js:616
 [PINCH] Hand 0 - label: Left
(anonymous) @ hand-tracker.js:633
 [PINCH] Hand 1 - handedness: Right
(anonymous) @ hand-tracker.js:616
 [PINCH] Hand 1 - label: Right
(anonymous) @ hand-tracker.js:633
 [PINCH] Found user right hand at index 1
(anonymous) @ hand-tracker.js:637
 DEBUG processPinchToPlay: rightHand found= true hands.length= 2
 [PINCH] Distance: 0.0141 Threshold: 0.05
processPinchToPlay @ hand-tracker.js:670
 DEBUG: pinchScreenPos= Object currentSprites.length= 804
 DEBUG: Raycast intersects= 1
 [GESTURE] Processing gestures
detectHandsContinuously @ hand-tracker.js:216
 [PINCH] Checking pinch
detectHandsContinuously @ hand-tracker.js:222
 [PINCH] Starting pinch detection with 2 hands
processPinchToPlay @ hand-tracker.js:610
 [PINCH] Hand 0 - handedness: Left
(anonymous) @ hand-tracker.js:616
 [PINCH] Hand 0 - label: Left
(anonymous) @ hand-tracker.js:633
 [PINCH] Hand 1 - handedness: Right
(anonymous) @ hand-tracker.js:616
 [PINCH] Hand 1 - label: Right
(anonymous) @ hand-tracker.js:633
 [PINCH] Found user right hand at index 1
(anonymous) @ hand-tracker.js:637
 DEBUG processPinchToPlay: rightHand found= true hands.length= 2
 [PINCH] Distance: 0.0335 Threshold: 0.05
processPinchToPlay @ hand-tracker.js:670
 DEBUG: pinchScreenPos= Object currentSprites.length= 804
 DEBUG: Raycast intersects= 3
 DEBUG: Playing note at ratio= 6:7:8:9
 Attempting to release all MPE notes. Current midiOutput: null
 No MIDI output selected or available. Cannot release all MPE notes.
releaseAllMpeNotes @ midi-output.js:300
 [GESTURE] Processing gestures
detectHandsContinuously @ hand-tracker.js:216
 [PINCH] Checking pinch
detectHandsContinuously @ hand-tracker.js:222
 [PINCH] Starting pinch detection with 2 hands
processPinchToPlay @ hand-tracker.js:610
 [PINCH] Hand 0 - handedness: Left
(anonymous) @ hand-tracker.js:616
 [PINCH] Hand 0 - label: Left
(anonymous) @ hand-tracker.js:633
 [PINCH] Hand 1 - handedness: Right
(anonymous) @ hand-tracker.js:616
 [PINCH] Hand 1 - label: Right
(anonymous) @ hand-tracker.js:633
 [PINCH] Found user right hand at index 1
(anonymous) @ hand-tracker.js:637
 DEBUG processPinchToPlay: rightHand found= true hands.length= 2
 [PINCH] Distance: 0.0279 Threshold: 0.05
processPinchToPlay @ hand-tracker.js:670
 DEBUG: pinchScreenPos= Object currentSprites.length= 804
 DEBUG: Raycast intersects= 3
 [GESTURE] Processing gestures
detectHandsContinuously @ hand-tracker.js:216
 [PINCH] Checking pinch
detectHandsContinuously @ hand-tracker.js:222
 [PINCH] Starting pinch detection with 2 hands
processPinchToPlay @ hand-tracker.js:610
 [PINCH] Hand 0 - handedness: Right
(anonymous) @ hand-tracker.js:616
 [PINCH] Hand 0 - label: Right
(anonymous) @ hand-tracker.js:633
 [PINCH] Found user right hand at index 0
(anonymous) @ hand-tracker.js:637
 [PINCH] Hand 1 - handedness: Right
(anonymous) @ hand-tracker.js:616
 [PINCH] Hand 1 - label: Right
(anonymous) @ hand-tracker.js:633
 [PINCH] Found user right hand at index 1
(anonymous) @ hand-tracker.js:637
 DEBUG processPinchToPlay: rightHand found= true hands.length= 2
 [PINCH] Distance: 0.0387 Threshold: 0.05
processPinchToPlay @ hand-tracker.js:670
 DEBUG: pinchScreenPos= Object currentSprites.length= 804
 DEBUG: Raycast intersects= 2
 [GESTURE] Processing gestures
detectHandsContinuously @ hand-tracker.js:216
 [PINCH] Checking pinch
detectHandsContinuously @ hand-tracker.js:222
 [PINCH] Starting pinch detection with 2 hands
processPinchToPlay @ hand-tracker.js:610
 [PINCH] Hand 0 - handedness: Right
(anonymous) @ hand-tracker.js:616
 [PINCH] Hand 0 - label: Right
(anonymous) @ hand-tracker.js:633
 [PINCH] Found user right hand at index 0
(anonymous) @ hand-tracker.js:637
 [PINCH] Hand 1 - handedness: Right
(anonymous) @ hand-tracker.js:616
 [PINCH] Hand 1 - label: Right
(anonymous) @ hand-tracker.js:633
 [PINCH] Found user right hand at index 1
(anonymous) @ hand-tracker.js:637
 DEBUG processPinchToPlay: rightHand found= true hands.length= 2
 [PINCH] Distance: 0.0359 Threshold: 0.05
processPinchToPlay @ hand-tracker.js:670
 DEBUG: pinchScreenPos= Object currentSprites.length= 804
 DEBUG: Raycast intersects= 2
 [GESTURE] Processing gestures
detectHandsContinuously @ hand-tracker.js:216
 [PINCH] Checking pinch
detectHandsContinuously @ hand-tracker.js:222
 [PINCH] Starting pinch detection with 2 hands
processPinchToPlay @ hand-tracker.js:610
 [PINCH] Hand 0 - handedness: Right
(anonymous) @ hand-tracker.js:616
 [PINCH] Hand 0 - label: Right
(anonymous) @ hand-tracker.js:633
 [PINCH] Found user right hand at index 0
(anonymous) @ hand-tracker.js:637
 [PINCH] Hand 1 - handedness: Left
(anonymous) @ hand-tracker.js:616
 [PINCH] Hand 1 - label: Left
(anonymous) @ hand-tracker.js:633
 DEBUG processPinchToPlay: rightHand found= true hands.length= 2
 [PINCH] Distance: 0.0219 Threshold: 0.05
processPinchToPlay @ hand-tracker.js:670
 DEBUG: pinchScreenPos= Object currentSprites.length= 804
 DEBUG: Raycast intersects= 0
 DEBUG: No intersects, stopping chord
 [GESTURE] Processing gestures
detectHandsContinuously @ hand-tracker.js:216
 [PINCH] Checking pinch
detectHandsContinuously @ hand-tracker.js:222
 [PINCH] Starting pinch detection with 2 hands
processPinchToPlay @ hand-tracker.js:610
 [PINCH] Hand 0 - handedness: Right
(anonymous) @ hand-tracker.js:616
 [PINCH] Hand 0 - label: Right
(anonymous) @ hand-tracker.js:633
 [PINCH] Found user right hand at index 0
(anonymous) @ hand-tracker.js:637
 [PINCH] Hand 1 - handedness: Right
(anonymous) @ hand-tracker.js:616
hand-tracker.js:633 [PINCH] Hand 1 - label: Right
(anonymous) @ hand-tracker.js:633
hand-tracker.js:637 [PINCH] Found user right hand at index 1
(anonymous) @ hand-tracker.js:637
hand-tracker.js:642 DEBUG processPinchToPlay: rightHand found= true hands.length= 2
hand-tracker.js:670 [PINCH] Distance: 0.0427 Threshold: 0.05
processPinchToPlay @ hand-tracker.js:670
hand-tracker.js:686 DEBUG: pinchScreenPos= Object currentSprites.length= 804
hand-tracker.js:693 DEBUG: Raycast intersects= 2
hand-tracker.js:699 DEBUG: Playing note at ratio= 6:7:8:9
midi-output.js:298 Attempting to release all MPE notes. Current midiOutput: null
midi-output.js:300 No MIDI output selected or available. Cannot release all MPE notes.
releaseAllMpeNotes @ midi-output.js:300
hand-tracker.js:216 [GESTURE] Processing gestures
detectHandsContinuously @ hand-tracker.js:216
hand-tracker.js:222 [PINCH] Checking pinch
detectHandsContinuously @ hand-tracker.js:222
hand-tracker.js:610 [PINCH] Starting pinch detection with 1 hands
processPinchToPlay @ hand-tracker.js:610
hand-tracker.js:616 [PINCH] Hand 0 - handedness: Right
(anonymous) @ hand-tracker.js:616
hand-tracker.js:633 [PINCH] Hand 0 - label: Right
(anonymous) @ hand-tracker.js:633
hand-tracker.js:637 [PINCH] Found user right hand at index 0
(anonymous) @ hand-tracker.js:637
hand-tracker.js:642 DEBUG processPinchToPlay: rightHand found= true hands.length= 1
hand-tracker.js:670 [PINCH] Distance: 0.0265 Threshold: 0.05
processPinchToPlay @ hand-tracker.js:670
hand-tracker.js:686 DEBUG: pinchScreenPos= Object currentSprites.length= 804
hand-tracker.js:693 DEBUG: Raycast intersects= 0
hand-tracker.js:706 DEBUG: No intersects, stopping chord
hand-tracker.js:216 [GESTURE] Processing gestures
detectHandsContinuously @ hand-tracker.js:216
hand-tracker.js:222 [PINCH] Checking pinch
detectHandsContinuously @ hand-tracker.js:222
hand-tracker.js:610 [PINCH] Starting pinch detection with 1 hands
processPinchToPlay @ hand-tracker.js:610
hand-tracker.js:616 [PINCH] Hand 0 - handedness: Right
(anonymous) @ hand-tracker.js:616
hand-tracker.js:633 [PINCH] Hand 0 - label: Right
(anonymous) @ hand-tracker.js:633
hand-tracker.js:637 [PINCH] Found user right hand at index 0
(anonymous) @ hand-tracker.js:637
hand-tracker.js:642 DEBUG processPinchToPlay: rightHand found= true hands.length= 1
hand-tracker.js:670 [PINCH] Distance: 0.0297 Threshold: 0.05
processPinchToPlay @ hand-tracker.js:670
hand-tracker.js:686 DEBUG: pinchScreenPos= Object currentSprites.length= 804
hand-tracker.js:693 DEBUG: Raycast intersects= 0
hand-tracker.js:216 [GESTURE] Processing gestures
detectHandsContinuously @ hand-tracker.js:216
hand-tracker.js:222 [PINCH] Checking pinch
detectHandsContinuously @ hand-tracker.js:222
hand-tracker.js:610 [PINCH] Starting pinch detection with 1 hands
processPinchToPlay @ hand-tracker.js:610
hand-tracker.js:616 [PINCH] Hand 0 - handedness: Right
(anonymous) @ hand-tracker.js:616
hand-tracker.js:633 [PINCH] Hand 0 - label: Right
(anonymous) @ hand-tracker.js:633
hand-tracker.js:637 [PINCH] Found user right hand at index 0
(anonymous) @ hand-tracker.js:637
hand-tracker.js:642 DEBUG processPinchToPlay: rightHand found= true hands.length= 1
hand-tracker.js:670 [PINCH] Distance: 0.0204 Threshold: 0.05
processPinchToPlay @ hand-tracker.js:670
hand-tracker.js:686 DEBUG: pinchScreenPos= Object currentSprites.length= 804
hand-tracker.js:693 DEBUG: Raycast intersects= 0
hand-tracker.js:216 [GESTURE] Processing gestures
detectHandsContinuously @ hand-tracker.js:216
hand-tracker.js:222 [PINCH] Checking pinch
detectHandsContinuously @ hand-tracker.js:222
hand-tracker.js:610 [PINCH] Starting pinch detection with 1 hands
processPinchToPlay @ hand-tracker.js:610
hand-tracker.js:616 [PINCH] Hand 0 - handedness: Right
(anonymous) @ hand-tracker.js:616
hand-tracker.js:633 [PINCH] Hand 0 - label: Right
(anonymous) @ hand-tracker.js:633
hand-tracker.js:637 [PINCH] Found user right hand at index 0
(anonymous) @ hand-tracker.js:637
hand-tracker.js:642 DEBUG processPinchToPlay: rightHand found= true hands.length= 1
hand-tracker.js:670 [PINCH] Distance: 0.0197 Threshold: 0.05
processPinchToPlay @ hand-tracker.js:670
hand-tracker.js:686 DEBUG: pinchScreenPos= Object currentSprites.length= 804
hand-tracker.js:693 DEBUG: Raycast intersects= 0
hand-tracker.js:216 [GESTURE] Processing gestures
detectHandsContinuously @ hand-tracker.js:216
hand-tracker.js:222 [PINCH] Checking pinch
detectHandsContinuously @ hand-tracker.js:222
hand-tracker.js:610 [PINCH] Starting pinch detection with 1 hands
processPinchToPlay @ hand-tracker.js:610
hand-tracker.js:616 [PINCH] Hand 0 - handedness: Right
(anonymous) @ hand-tracker.js:616
hand-tracker.js:633 [PINCH] Hand 0 - label: Right
(anonymous) @ hand-tracker.js:633
hand-tracker.js:637 [PINCH] Found user right hand at index 0
(anonymous) @ hand-tracker.js:637
hand-tracker.js:642 DEBUG processPinchToPlay: rightHand found= true hands.length= 1
hand-tracker.js:670 [PINCH] Distance: 0.0227 Threshold: 0.05
processPinchToPlay @ hand-tracker.js:670
hand-tracker.js:686 DEBUG: pinchScreenPos= Object currentSprites.length= 804
hand-tracker.js:693 DEBUG: Raycast intersects= 0
hand-tracker.js:216 [GESTURE] Processing gestures
detectHandsContinuously @ hand-tracker.js:216
hand-tracker.js:222 [PINCH] Checking pinch
detectHandsContinuously @ hand-tracker.js:222
hand-tracker.js:610 [PINCH] Starting pinch detection with 1 hands
processPinchToPlay @ hand-tracker.js:610
hand-tracker.js:616 [PINCH] Hand 0 - handedness: Right
(anonymous) @ hand-tracker.js:616
hand-tracker.js:633 [PINCH] Hand 0 - label: Right
(anonymous) @ hand-tracker.js:633
hand-tracker.js:637 [PINCH] Found user right hand at index 0
(anonymous) @ hand-tracker.js:637
hand-tracker.js:642 DEBUG processPinchToPlay: rightHand found= true hands.length= 1
hand-tracker.js:670 [PINCH] Distance: 0.0224 Threshold: 0.05
processPinchToPlay @ hand-tracker.js:670
hand-tracker.js:686 DEBUG: pinchScreenPos= Object currentSprites.length= 804
hand-tracker.js:693 DEBUG: Raycast intersects= 0
hand-tracker.js:206 [HANDS] Detected: 0 hands | controls: true isShiftHeld: true
detectHandsContinuously @ hand-tracker.js:206
midi-output.js:298 Attempting to release all MPE notes. Current midiOutput: null
midi-output.js:300 No MIDI output selected or available. Cannot release all MPE notes.
releaseAllMpeNotes @ midi-output.js:300
midi-output.js:298 Attempting to release all MPE notes. Current midiOutput: null
midi-output.js:300 No MIDI output selected or available. Cannot release all MPE notes.
releaseAllMpeNotes @ midi-output.js:300
midi-output.js:298 Attempting to release all MPE notes. Current midiOutput: null
midi-output.js:300 No MIDI output selected or available. Cannot release all MPE notes.
releaseAllMpeNotes @ midi-output.js:300
hand-tracker.js:206 [HANDS] Detected: 0 hands | controls: true isShiftHeld: true
detectHandsContinuously @ hand-tracker.js:206
midi-output.js:298 Attempting to release all MPE notes. Current midiOutput: null
midi-output.js:300 No MIDI output selected or available. Cannot release all MPE notes.
releaseAllMpeNotes @ midi-output.js:300
hand-tracker.js:206 [HANDS] Detected: 0 hands | controls: true isShiftHeld: true
detectHandsContinuously @ hand-tracker.js:206
hand-tracker.js:206 [HANDS] Detected: 0 hands | controls: true isShiftHeld: true
detectHandsContinuously @ hand-tracker.js:206
hand-tracker.js:206 [HANDS] Detected: 0 hands | controls: true isShiftHeld: true
detectHandsContinuously @ hand-tracker.js:206
hand-tracker.js:206 [HANDS] Detected: 0 hands | controls: true isShiftHeld: true
detectHandsContinuously @ hand-tracker.js:206
hand-tracker.js:164 Webcam stream stopped.
hand-tracker.js:175 Hand tracking stopped.
midi-output.js:298 Attempting to release all MPE notes. Current midiOutput: null
midi-output.js:300 No MIDI output selected or available. Cannot release all MPE notes.
releaseAllMpeNotes @ midi-output.js:300
midi-output.js:298 Attempting to release all MPE notes. Current midiOutput: null
midi-output.js:300 No MIDI output selected or available. Cannot release all MPE notes.
releaseAllMpeNotes @ midi-output.js:300
midi-output.js:298 Attempting to release all MPE notes. Current midiOutput: null
midi-output.js:300 No MIDI output selected or available. Cannot release all MPE notes.
releaseAllMpeNotes @ midi-output.js:300
